{
  "schema": "latticework.phase2-supply-chain.v1",
  "evidence_label": "MEASURED",
  "captured_at": "2026-07-31T04:29:14.537Z",
  "valid": true,
  "workspace_root": "Z:\\LATTICEWORK",
  "root_package": {
    "name": "latticework",
    "version": "0.0.0",
    "package_manager": "npm@11.6.2",
    "engines": {
      "node": ">=24.13.0 <25",
      "npm": ">=11.6.2 <12"
    },
    "workspaces": [
      "apps/*",
      "packages/*",
      "tests/phase2",
      "tests/phase3",
      "tests/phase4"
    ]
  },
  "lockfile_version": 3,
  "external_package_count": 58,
  "installed_external_package_count": 27,
  "skipped_optional_package_count": 31,
  "packages_with_lifecycle_scripts": [
    {
      "name": "fsevents",
      "version": "2.3.3",
      "scripts": [],
      "installed": false,
      "lockfile_has_install_script": true
    },
    {
      "name": "lightningcss",
      "version": "1.33.0",
      "scripts": [
        "prepare"
      ],
      "installed": true,
      "lockfile_has_install_script": false
    },
    {
      "name": "fsevents",
      "version": "2.3.2",
      "scripts": [],
      "installed": false,
      "lockfile_has_install_script": true
    }
  ],
  "external_packages": [
    {
      "path": "node_modules/@emnapi/wasi-threads",
      "name": "@emnapi/wasi-threads",
      "version": "1.2.3",
      "license": "MIT",
      "integrity": "sha512-ELEBe8PsLvvJ6QMr0zLt8ffvOHW/dc1m3CEzNMg7aJUv3bMaoDtw2TXyDAwkYBuroxxuHEwhRTLJSe5sya547g==",
      "resolved": "https://registry.npmjs.org/@emnapi/wasi-threads/-/wasi-threads-1.2.3.tgz",
      "dev": true,
      "optional": true,
      "installed": true,
      "os": [],
      "cpu": [],
      "lockfile_has_install_script": false,
      "lifecycle_scripts": []
    },
    {
      "path": "node_modules/@lit-labs/ssr-dom-shim",
      "name": "@lit-labs/ssr-dom-shim",
      "version": "1.6.0",
      "license": "BSD-3-Clause",
      "integrity": "sha512-VHb0ALPMTlgKjM6yIxxoQNnpKyUKLD04VzeQdsiXkMqkvYlAHxq9glGLmgbb889/1GsohSOAjvQYoiBppXFqrQ==",
      "resolved": "https://registry.npmjs.org/@lit-labs/ssr-dom-shim/-/ssr-dom-shim-1.6.0.tgz",
      "dev": false,
      "optional": false,
      "installed": true,
      "os": [],
      "cpu": [],
      "lockfile_has_install_script": false,
      "lifecycle_scripts": []
    },
    {
      "path": "node_modules/@lit/reactive-element",
      "name": "@lit/reactive-element",
      "version": "2.1.2",
      "license": "BSD-3-Clause",
      "integrity": "sha512-pbCDiVMnne1lYUIaYNN5wrwQXDtHaYtg7YEFPeW+hws6U47WeFvISGUWekPGKWOP1ygrs0ef0o1VJMk1exos5A==",
      "resolved": "https://registry.npmjs.org/@lit/reactive-element/-/reactive-element-2.1.2.tgz",
      "dev": false,
      "optional": false,
      "installed": true,
      "os": [],
      "cpu": [],
      "lockfile_has_install_script": false,
      "lifecycle_scripts": []
    },
    {
      "path": "node_modules/@napi-rs/wasm-runtime",
      "name": "@napi-rs/wasm-runtime",
      "version": "1.2.1",
      "license": "MIT",
      "integrity": "sha512-KjZdi8Q1wh89gsVmghvbrMgWl6ZWmRmHV6wjB7/g4Zf0dyO+hH3neZUtuDNPO00qq5YE5RITVWvrIZKRaAmzGQ==",
      "resolved": "https://registry.npmjs.org/@napi-rs/wasm-runtime/-/wasm-runtime-1.2.1.tgz",
      "dev": true,
      "optional": true,
      "installed": false,
      "os": [],
      "cpu": [],
      "lockfile_has_install_script": false,
      "lifecycle_scripts": []
    },
    {
      "path": "node_modules/@oxc-project/types",
      "name": "@oxc-project/types",
      "version": "0.139.0",
      "license": "MIT",
      "integrity": "sha512-r9gHphtCs+1M7J0pw6Sn/hh/Wpa/iQrOOkrNAlVLF/gHq+/CJmHIWKKUUhdWjcD6CIa8idarspCsASiXCXvFUw==",
      "resolved": "https://registry.npmjs.org/@oxc-project/types/-/types-0.139.0.tgz",
      "dev": true,
      "optional": false,
      "installed": true,
      "os": [],
      "cpu": [],
      "lockfile_has_install_script": false,
      "lifecycle_scripts": []
    },
    {
      "path": "node_modules/@playwright/test",
      "name": "@playwright/test",
      "version": "1.62.0",
      "license": "Apache-2.0",
      "integrity": "sha512-9zOJ6ZQRAena31MpOH9VSzIz8Ou3YJ/wtY/eQm5T2uhfhG7/U3COrMS8xOtUrZrp9OgdmzEnIYODye3nY1VqzA==",
      "resolved": "https://registry.npmjs.org/@playwright/test/-/test-1.62.0.tgz",
      "dev": true,
      "optional": false,
      "installed": true,
      "os": [],
      "cpu": [],
      "lockfile_has_install_script": false,
      "lifecycle_scripts": []
    },
    {
      "path": "node_modules/@rolldown/binding-android-arm64",
      "name": "@rolldown/binding-android-arm64",
      "version": "1.1.5",
      "license": "MIT",
      "integrity": "sha512-lZg8fqIv2v7FF237bwMgzGZEJvGL79/s5knJ/i6FmsGF4XXlzccZ4jb+TrFIxtSSxFtIpdsgrPZeMk1I9AFcyQ==",
      "resolved": "https://registry.npmjs.org/@rolldown/binding-android-arm64/-/binding-android-arm64-1.1.5.tgz",
      "dev": true,
      "optional": true,
      "installed": false,
      "os": [
        "android"
      ],
      "cpu": [
        "arm64"
      ],
      "lockfile_has_install_script": false,
      "lifecycle_scripts": []
    },
    {
      "path": "node_modules/@rolldown/binding-darwin-arm64",
      "name": "@rolldown/binding-darwin-arm64",
      "version": "1.1.5",
      "license": "MIT",
      "integrity": "sha512-51Bnx9pNiMRKSUNtBfySkNJ9vMU9Hh3I1ozDd6gyPPYzaXCfnptUcEZxXGYFn+ul2dtcMUiqGR1Yai2K10uoTw==",
      "resolved": "https://registry.npmjs.org/@rolldown/binding-darwin-arm64/-/binding-darwin-arm64-1.1.5.tgz",
      "dev": true,
      "optional": true,
      "installed": false,
      "os": [
        "darwin"
      ],
      "cpu": [
        "arm64"
      ],
      "lockfile_has_install_script": false,
      "lifecycle_scripts": []
    },
    {
      "path": "node_modules/@rolldown/binding-darwin-x64",
      "name": "@rolldown/binding-darwin-x64",
      "version": "1.1.5",
      "license": "MIT",
      "integrity": "sha512-Tm+gbfC0aHu1tBA/JvKQh32S0K6YgCHkiAF4/W6xX0K0RmNuc94VeK419dJoE65R5aRxmo+noZQSWrAMF6yb6g==",
      "resolved": "https://registry.npmjs.org/@rolldown/binding-darwin-x64/-/binding-darwin-x64-1.1.5.tgz",
      "dev": true,
      "optional": true,
      "installed": false,
      "os": [
        "darwin"
      ],
      "cpu": [
        "x64"
      ],
      "lockfile_has_install_script": false,
      "lifecycle_scripts": []
    },
    {
      "path": "node_modules/@rolldown/binding-freebsd-x64",
      "name": "@rolldown/binding-freebsd-x64",
      "version": "1.1.5",
      "license": "MIT",
      "integrity": "sha512-JMzDKCCXq93YccG5gz3hvOs1oXRKAf0XYpfOS88e+wZrC8Iugj6j68867vrYZkvpDDpKn/KoKORThmchMpF6TA==",
      "resolved": "https://registry.npmjs.org/@rolldown/binding-freebsd-x64/-/binding-freebsd-x64-1.1.5.tgz",
      "dev": true,
      "optional": true,
      "installed": false,
      "os": [
        "freebsd"
      ],
      "cpu": [
        "x64"
      ],
      "lockfile_has_install_script": false,
      "lifecycle_scripts": []
    },
    {
      "path": "node_modules/@rolldown/binding-linux-arm-gnueabihf",
      "name": "@rolldown/binding-linux-arm-gnueabihf",
      "version": "1.1.5",
      "license": "MIT",
      "integrity": "sha512-uML21j2K5TfPGutKxub+M+nLjZIrWjXQ5Grx4lCe/nimTj9B4L63zHpjXLl4y0L3mcm2htEQIb06oCG/szerNw==",
      "resolved": "https://registry.npmjs.org/@rolldown/binding-linux-arm-gnueabihf/-/binding-linux-arm-gnueabihf-1.1.5.tgz",
      "dev": true,
      "optional": true,
      "installed": false,
      "os": [
        "linux"
      ],
      "cpu": [
        "arm"
      ],
      "lockfile_has_install_script": false,
      "lifecycle_scripts": []
    },
    {
      "path": "node_modules/@rolldown/binding-linux-arm64-gnu",
      "name": "@rolldown/binding-linux-arm64-gnu",
      "version": "1.1.5",
      "license": "MIT",
      "integrity": "sha512-navSiuTMogvnQoZoM/v+l3ZWo50/NTwSHSzheABx/RCnmUPaKwq9qSo4Br2OYRs21+Fz8uFqITZM3H4opOB0/Q==",
      "resolved": "https://registry.npmjs.org/@rolldown/binding-linux-arm64-gnu/-/binding-linux-arm64-gnu-1.1.5.tgz",
      "dev": true,
      "optional": true,
      "installed": false,
      "os": [
        "linux"
      ],
      "cpu": [
        "arm64"
      ],
      "lockfile_has_install_script": false,
      "lifecycle_scripts": []
    },
    {
      "path": "node_modules/@rolldown/binding-linux-arm64-musl",
      "name": "@rolldown/binding-linux-arm64-musl",
      "version": "1.1.5",
      "license": "MIT",
      "integrity": "sha512-lAryqH7IteztmCXQXk0etKj4wBQ7Gx5S6LjKhsgp9zb8I5bsuvU/2llH1hDQcjsFeqIsovMVN339/8pUDDBXxA==",
      "resolved": "https://registry.npmjs.org/@rolldown/binding-linux-arm64-musl/-/binding-linux-arm64-musl-1.1.5.tgz",
      "dev": true,
      "optional": true,
      "installed": false,
      "os": [
        "linux"
      ],
      "cpu": [
        "arm64"
      ],
      "lockfile_has_install_script": false,
      "lifecycle_scripts": []
    },
    {
      "path": "node_modules/@rolldown/binding-linux-ppc64-gnu",
      "name": "@rolldown/binding-linux-ppc64-gnu",
      "version": "1.1.5",
      "license": "MIT",
      "integrity": "sha512-fsK/sNBnxzBlL4O1JNrZakVQxPspqpED5dLtNsZS9oOKmtSpdNIzxH2kkol5HYTWJN47sE20ztMJPxfZ89qGOg==",
      "resolved": "https://registry.npmjs.org/@rolldown/binding-linux-ppc64-gnu/-/binding-linux-ppc64-gnu-1.1.5.tgz",
      "dev": true,
      "optional": true,
      "installed": false,
      "os": [
        "linux"
      ],
      "cpu": [
        "ppc64"
      ],
      "lockfile_has_install_script": false,
      "lifecycle_scripts": []
    },
    {
      "path": "node_modules/@rolldown/binding-linux-s390x-gnu",
      "name": "@rolldown/binding-linux-s390x-gnu",
      "version": "1.1.5",
      "license": "MIT",
      "integrity": "sha512-gLYb4BIadlfTOYT5gO503n8zQjXflgzpD0FcyKh0Mzx3rqCZKnHoJWV9xe1KXUJ5lx2JfcSHr/mhzS0PC/McAA==",
      "resolved": "https://registry.npmjs.org/@rolldown/binding-linux-s390x-gnu/-/binding-linux-s390x-gnu-1.1.5.tgz",
      "dev": true,
      "optional": true,
      "installed": false,
      "os": [
        "linux"
      ],
      "cpu": [
        "s390x"
      ],
      "lockfile_has_install_script": false,
      "lifecycle_scripts": []
    },
    {
      "path": "node_modules/@rolldown/binding-linux-x64-gnu",
      "name": "@rolldown/binding-linux-x64-gnu",
      "version": "1.1.5",
      "license": "MIT",
      "integrity": "sha512-FjcpEKUyJygHgs1o50VYNvkt5+7Le/VEdYt0AkRpkL33MnyQfwr8l5mXwMmfmTbyMPr5vJLC+8/Gd9gXnwU1QQ==",
      "resolved": "https://registry.npmjs.org/@rolldown/binding-linux-x64-gnu/-/binding-linux-x64-gnu-1.1.5.tgz",
      "dev": true,
      "optional": true,
      "installed": false,
      "os": [
        "linux"
      ],
      "cpu": [
        "x64"
      ],
      "lockfile_has_install_script": false,
      "lifecycle_scripts": []
    },
    {
      "path": "node_modules/@rolldown/binding-linux-x64-musl",
      "name": "@rolldown/binding-linux-x64-musl",
      "version": "1.1.5",
      "license": "MIT",
      "integrity": "sha512-Me+PfPI2TMeOQk0gYWfLQZtTktrmzbr8cDboqX83XKc7UrgAi55gF+2dUkWdxd19n55Essp2yeca+O9N5rBxHg==",
      "resolved": "https://registry.npmjs.org/@rolldown/binding-linux-x64-musl/-/binding-linux-x64-musl-1.1.5.tgz",
      "dev": true,
      "optional": true,
      "installed": false,
      "os": [
        "linux"
      ],
      "cpu": [
        "x64"
      ],
      "lockfile_has_install_script": false,
      "lifecycle_scripts": []
    },
    {
      "path": "node_modules/@rolldown/binding-openharmony-arm64",
      "name": "@rolldown/binding-openharmony-arm64",
      "version": "1.1.5",
      "license": "MIT",
      "integrity": "sha512-yc5WrLzXks6zCQfn9Oxr8pORKyl/pF+QjHmW/Qx3qu0oyrrNC+y2JLTU1E2rcWYAmzlnqngWXHQjy51VzW70Vw==",
      "resolved": "https://registry.npmjs.org/@rolldown/binding-openharmony-arm64/-/binding-openharmony-arm64-1.1.5.tgz",
      "dev": true,
      "optional": true,
      "installed": false,
      "os": [
        "openharmony"
      ],
      "cpu": [
        "arm64"
      ],
      "lockfile_has_install_script": false,
      "lifecycle_scripts": []
    },
    {
      "path": "node_modules/@rolldown/binding-wasm32-wasi",
      "name": "@rolldown/binding-wasm32-wasi",
      "version": "1.1.5",
      "license": "MIT",
      "integrity": "sha512-VbQGPX2b4r48TAMIM2cjgluIM1HYutm4pcTEJsle7iEP7sB1dFqtPLBVbdLAZCxy1txCcPxf4QFf4v8uvltPqA==",
      "resolved": "https://registry.npmjs.org/@rolldown/binding-wasm32-wasi/-/binding-wasm32-wasi-1.1.5.tgz",
      "dev": true,
      "optional": true,
      "installed": false,
      "os": [],
      "cpu": [
        "wasm32"
      ],
      "lockfile_has_install_script": false,
      "lifecycle_scripts": []
    },
    {
      "path": "node_modules/@rolldown/binding-wasm32-wasi/node_modules/@emnapi/core",
      "name": "@emnapi/core",
      "version": "1.11.1",
      "license": "MIT",
      "integrity": "sha512-RSvbQmHzdKzNsLYa/wHrbc3KN4sYLKAdPZxqiM2HATqv/SBk2/ENSHpvXGaLOMcsAyz0poEGqkmmKYG3OWiJEQ==",
      "resolved": "https://registry.npmjs.org/@emnapi/core/-/core-1.11.1.tgz",
      "dev": true,
      "optional": true,
      "installed": false,
      "os": [],
      "cpu": [],
      "lockfile_has_install_script": false,
      "lifecycle_scripts": []
    },
    {
      "path": "node_modules/@rolldown/binding-wasm32-wasi/node_modules/@emnapi/runtime",
      "name": "@emnapi/runtime",
      "version": "1.11.1",
      "license": "MIT",
      "integrity": "sha512-vgj7R3y3Wgx24IQaGPA/R6YFXLHVMOZ0uVEyIQPaWs+rd1AzfEMXlAC22FYwO1XkKR6NPsq7mUandH8oIRdZFw==",
      "resolved": "https://registry.npmjs.org/@emnapi/runtime/-/runtime-1.11.1.tgz",
      "dev": true,
      "optional": true,
      "installed": false,
      "os": [],
      "cpu": [],
      "lockfile_has_install_script": false,
      "lifecycle_scripts": []
    },
    {
      "path": "node_modules/@rolldown/binding-wasm32-wasi/node_modules/@emnapi/wasi-threads",
      "name": "@emnapi/wasi-threads",
      "version": "1.2.2",
      "license": "MIT",
      "integrity": "sha512-c95qOXkHdydNKhscBTebqEC1CVAZpyqOfVfBzQ1qgzyl3gfeldUjIggDbIZgDKsHLgnsM+igH7TJ/eAasaVuMA==",
      "resolved": "https://registry.npmjs.org/@emnapi/wasi-threads/-/wasi-threads-1.2.2.tgz",
      "dev": true,
      "optional": true,
      "installed": false,
      "os": [],
      "cpu": [],
      "lockfile_has_install_script": false,
      "lifecycle_scripts": []
    },
    {
      "path": "node_modules/@rolldown/binding-win32-arm64-msvc",
      "name": "@rolldown/binding-win32-arm64-msvc",
      "version": "1.1.5",
      "license": "MIT",
      "integrity": "sha512-gHv82k63z4qpV5+Q1y/12KrK0ltWBukVDI8nZcbT7Tt/ZlOIVwppazneq0F93oDxTo3IgAMEDIoQh3E2n6mVsw==",
      "resolved": "https://registry.npmjs.org/@rolldown/binding-win32-arm64-msvc/-/binding-win32-arm64-msvc-1.1.5.tgz",
      "dev": true,
      "optional": true,
      "installed": false,
      "os": [
        "win32"
      ],
      "cpu": [
        "arm64"
      ],
      "lockfile_has_install_script": false,
      "lifecycle_scripts": []
    },
    {
      "path": "node_modules/@rolldown/binding-win32-x64-msvc",
      "name": "@rolldown/binding-win32-x64-msvc",
      "version": "1.1.5",
      "license": "MIT",
      "integrity": "sha512-tTZuDBPw85tEN5PQi1pnEBzDy0Z49HtScLAbD5t6hyeU92A95pRWaSMw1GZZi/RwgSgUIl0xrSlXIT/9QzvYSA==",
      "resolved": "https://registry.npmjs.org/@rolldown/binding-win32-x64-msvc/-/binding-win32-x64-msvc-1.1.5.tgz",
      "dev": true,
      "optional": true,
      "installed": true,
      "os": [
        "win32"
      ],
      "cpu": [
        "x64"
      ],
      "lockfile_has_install_script": false,
      "lifecycle_scripts": []
    },
    {
      "path": "node_modules/@rolldown/pluginutils",
      "name": "@rolldown/pluginutils",
      "version": "1.0.1",
      "license": "MIT",
      "integrity": "sha512-2j9bGt5Jh8hj+vPtgzPtl72j0yRxHAyumoo6TNfAjsLB04UtpSvPbPcDcBMxz7n+9CYB0c1GxQFxYRg2jimqGw==",
      "resolved": "https://registry.npmjs.org/@rolldown/pluginutils/-/pluginutils-1.0.1.tgz",
      "dev": true,
      "optional": false,
      "installed": true,
      "os": [],
      "cpu": [],
      "lockfile_has_install_script": false,
      "lifecycle_scripts": []
    },
    {
      "path": "node_modules/@tybys/wasm-util",
      "name": "@tybys/wasm-util",
      "version": "0.10.3",
      "license": "MIT",
      "integrity": "sha512-F3fo1MYrRJYL3zER0OUOmkutjr1Vp23m7OsSgp7nq4SP6OqX6C/56XFIPAl5bt3zaBRjmW7SGz3u/6LwFpYcOg==",
      "resolved": "https://registry.npmjs.org/@tybys/wasm-util/-/wasm-util-0.10.3.tgz",
      "dev": true,
      "optional": true,
      "installed": false,
      "os": [],
      "cpu": [],
      "lockfile_has_install_script": false,
      "lifecycle_scripts": []
    },
    {
      "path": "node_modules/@types/trusted-types",
      "name": "@types/trusted-types",
      "version": "2.0.7",
      "license": "MIT",
      "integrity": "sha512-ScaPdn1dQczgbl0QFTeTOmVHFULt394XJgOQNoyVhZ6r2vLnMLJfBPd53SB52T/3G36VI1/g2MZaX0cwDuXsfw==",
      "resolved": "https://registry.npmjs.org/@types/trusted-types/-/trusted-types-2.0.7.tgz",
      "dev": false,
      "optional": false,
      "installed": true,
      "os": [],
      "cpu": [],
      "lockfile_has_install_script": false,
      "lifecycle_scripts": []
    },
    {
      "path": "node_modules/detect-libc",
      "name": "detect-libc",
      "version": "2.1.2",
      "license": "Apache-2.0",
      "integrity": "sha512-Btj2BOOO83o3WyH59e8MgXsxEQVcarkUOpEYrubB0urwnN10yQ364rsiByU11nZlqWYZm05i/of7io4mzihBtQ==",
      "resolved": "https://registry.npmjs.org/detect-libc/-/detect-libc-2.1.2.tgz",
      "dev": true,
      "optional": false,
      "installed": true,
      "os": [],
      "cpu": [],
      "lockfile_has_install_script": false,
      "lifecycle_scripts": []
    },
    {
      "path": "node_modules/fdir",
      "name": "fdir",
      "version": "6.5.0",
      "license": "MIT",
      "integrity": "sha512-tIbYtZbucOs0BRGqPJkshJUYdL+SDH7dVM8gjy+ERp3WAUjLEFJE+02kanyHtwjWOnwrKYBiwAmM0p4kLJAnXg==",
      "resolved": "https://registry.npmjs.org/fdir/-/fdir-6.5.0.tgz",
      "dev": true,
      "optional": false,
      "installed": true,
      "os": [],
      "cpu": [],
      "lockfile_has_install_script": false,
      "lifecycle_scripts": []
    },
    {
      "path": "node_modules/fsevents",
      "name": "fsevents",
      "version": "2.3.3",
      "license": "MIT",
      "integrity": "sha512-5xoDfX+fL7faATnagmWPpbFtwh/R77WmMMqqHGS65C3vvB0YHrgF+B1YmZ3441tMj5n63k0212XNoJwzlhffQw==",
      "resolved": "https://registry.npmjs.org/fsevents/-/fsevents-2.3.3.tgz",
      "dev": true,
      "optional": true,
      "installed": false,
      "os": [
        "darwin"
      ],
      "cpu": [],
      "lockfile_has_install_script": true,
      "lifecycle_scripts": []
    },
    {
      "path": "node_modules/lightningcss",
      "name": "lightningcss",
      "version": "1.33.0",
      "license": "MPL-2.0",
      "integrity": "sha512-WkUDrojuJs0xkgGf2udWxa3yGBRxPtxUkB79i6aCZLRgc7PM8fZe9TosfPDcvEpQZbuFASnHYmRLBLUbmLOIIA==",
      "resolved": "https://registry.npmjs.org/lightningcss/-/lightningcss-1.33.0.tgz",
      "dev": true,
      "optional": false,
      "installed": true,
      "os": [],
      "cpu": [],
      "lockfile_has_install_script": false,
      "lifecycle_scripts": [
        "prepare"
      ]
    },
    {
      "path": "node_modules/lightningcss-android-arm64",
      "name": "lightningcss-android-arm64",
      "version": "1.33.0",
      "license": "MPL-2.0",
      "integrity": "sha512-gEpRTalKdosp4Bb8qWtc2iOgE5SeIHlpS1up9bFq2wAyYhl1UdTObYiHe98zEM9SQvSoqQZ1IQD0JNpg3Ml5pg==",
      "resolved": "https://registry.npmjs.org/lightningcss-android-arm64/-/lightningcss-android-arm64-1.33.0.tgz",
      "dev": true,
      "optional": true,
      "installed": false,
      "os": [
        "android"
      ],
      "cpu": [
        "arm64"
      ],
      "lockfile_has_install_script": false,
      "lifecycle_scripts": []
    },
    {
      "path": "node_modules/lightningcss-darwin-arm64",
      "name": "lightningcss-darwin-arm64",
      "version": "1.33.0",
      "license": "MPL-2.0",
      "integrity": "sha512-Sciaz8eenNTKn9b3t7+xr0ipTp9YxKQY4npwQ3mrRuL0BAVHBLyZxofhaKBAVtzmtRZ/zTyo0/to4B1uWG/Djg==",
      "resolved": "https://registry.npmjs.org/lightningcss-darwin-arm64/-/lightningcss-darwin-arm64-1.33.0.tgz",
      "dev": true,
      "optional": true,
      "installed": false,
      "os": [
        "darwin"
      ],
      "cpu": [
        "arm64"
      ],
      "lockfile_has_install_script": false,
      "lifecycle_scripts": []
    },
    {
      "path": "node_modules/lightningcss-darwin-x64",
      "name": "lightningcss-darwin-x64",
      "version": "1.33.0",
      "license": "MPL-2.0",
      "integrity": "sha512-Z5UPAxzrjlWNNyGy6i65cJzzvgJ5D3T6wMvs+gWpY9d7qRhANrxqAp6LhxIgZhWEw18RfJTGcRxjuLIBr+m8XQ==",
      "resolved": "https://registry.npmjs.org/lightningcss-darwin-x64/-/lightningcss-darwin-x64-1.33.0.tgz",
      "dev": true,
      "optional": true,
      "installed": false,
      "os": [
        "darwin"
      ],
      "cpu": [
        "x64"
      ],
      "lockfile_has_install_script": false,
      "lifecycle_scripts": []
    },
    {
      "path": "node_modules/lightningcss-freebsd-x64",
      "name": "lightningcss-freebsd-x64",
      "version": "1.33.0",
      "license": "MPL-2.0",
      "integrity": "sha512-QQM/Ti/hQajJwCY+RiWuCZ9sdtI/XQk7nDK5vC8kkdwixezOlDgvDx7+RT+QjK6FcFT4MpsuoBnHIo/O3StRRg==",
      "resolved": "https://registry.npmjs.org/lightningcss-freebsd-x64/-/lightningcss-freebsd-x64-1.33.0.tgz",
      "dev": true,
      "optional": true,
      "installed": false,
      "os": [
        "freebsd"
      ],
      "cpu": [
        "x64"
      ],
      "lockfile_has_install_script": false,
      "lifecycle_scripts": []
    },
    {
      "path": "node_modules/lightningcss-linux-arm-gnueabihf",
      "name": "lightningcss-linux-arm-gnueabihf",
      "version": "1.33.0",
      "license": "MPL-2.0",
      "integrity": "sha512-N7FVBe6iS24MlM6R/4RBTxGhQheZGs7tiQ9U32UtF75NzP5Q7xWPRqLBCKxlRQRk3rY1jCIPLzx7WzOhuUIRLQ==",
      "resolved": "https://registry.npmjs.org/lightningcss-linux-arm-gnueabihf/-/lightningcss-linux-arm-gnueabihf-1.33.0.tgz",
      "dev": true,
      "optional": true,
      "installed": false,
      "os": [
        "linux"
      ],
      "cpu": [
        "arm"
      ],
      "lockfile_has_install_script": false,
      "lifecycle_scripts": []
    },
    {
      "path": "node_modules/lightningcss-linux-arm64-gnu",
      "name": "lightningcss-linux-arm64-gnu",
      "version": "1.33.0",
      "license": "MPL-2.0",
      "integrity": "sha512-j2v/itmy4HlNxlc6voKXYgBqNi0Ng2LShg4z7GufpEgs05P+2suBVyi9I6YHq5uoVFx9ETin3eCEhLVyXGQnKg==",
      "resolved": "https://registry.npmjs.org/lightningcss-linux-arm64-gnu/-/lightningcss-linux-arm64-gnu-1.33.0.tgz",
      "dev": true,
      "optional": true,
      "installed": false,
      "os": [
        "linux"
      ],
      "cpu": [
        "arm64"
      ],
      "lockfile_has_install_script": false,
      "lifecycle_scripts": []
    },
    {
      "path": "node_modules/lightningcss-linux-arm64-musl",
      "name": "lightningcss-linux-arm64-musl",
      "version": "1.33.0",
      "license": "MPL-2.0",
      "integrity": "sha512-yiO5ROMuYQgXbC60yjZU5CYSFZGKXL0HFATXt9mHJn1+zW55oCtMI9NfcVhYLMFDL7gV7oBPon/EmMMGg2OvtQ==",
      "resolved": "https://registry.npmjs.org/lightningcss-linux-arm64-musl/-/lightningcss-linux-arm64-musl-1.33.0.tgz",
      "dev": true,
      "optional": true,
      "installed": false,
      "os": [
        "linux"
      ],
      "cpu": [
        "arm64"
      ],
      "lockfile_has_install_script": false,
      "lifecycle_scripts": []
    },
    {
      "path": "node_modules/lightningcss-linux-x64-gnu",
      "name": "lightningcss-linux-x64-gnu",
      "version": "1.33.0",
      "license": "MPL-2.0",
      "integrity": "sha512-ar+Ju7LmcN0Jo4FpL4hpFybwNG9/3A/Br5KW2n2jyODg3MEZXaDYADdemoNS+BDNfMgKvylJLj4S5tyRActuAg==",
      "resolved": "https://registry.npmjs.org/lightningcss-linux-x64-gnu/-/lightningcss-linux-x64-gnu-1.33.0.tgz",
      "dev": true,
      "optional": true,
      "installed": false,
      "os": [
        "linux"
      ],
      "cpu": [
        "x64"
      ],
      "lockfile_has_install_script": false,
      "lifecycle_scripts": []
    },
    {
      "path": "node_modules/lightningcss-linux-x64-musl",
      "name": "lightningcss-linux-x64-musl",
      "version": "1.33.0",
      "license": "MPL-2.0",
      "integrity": "sha512-RYiYbkokw0trfKqqzfF55lginwEPrD3OJDfTuJzFs1MK6iFnDenaz1fqLLtX4ITG3OktJQXOeTaw1awrBAlZPw==",
      "resolved": "https://registry.npmjs.org/lightningcss-linux-x64-musl/-/lightningcss-linux-x64-musl-1.33.0.tgz",
      "dev": true,
      "optional": true,
      "installed": false,
      "os": [
        "linux"
      ],
      "cpu": [
        "x64"
      ],
      "lockfile_has_install_script": false,
      "lifecycle_scripts": []
    },
    {
      "path": "node_modules/lightningcss-win32-arm64-msvc",
      "name": "lightningcss-win32-arm64-msvc",
      "version": "1.33.0",
      "license": "MPL-2.0",
      "integrity": "sha512-1K+MPfLSFVpphzpdbfkhlWk6wBrTObBzS2T6db10PNOZgR9GoVsAWzwNyuhUYYbTp23j+4RrncfujZ4uAzXvwA==",
      "resolved": "https://registry.npmjs.org/lightningcss-win32-arm64-msvc/-/lightningcss-win32-arm64-msvc-1.33.0.tgz",
      "dev": true,
      "optional": true,
      "installed": false,
      "os": [
        "win32"
      ],
      "cpu": [
        "arm64"
      ],
      "lockfile_has_install_script": false,
      "lifecycle_scripts": []
    },
    {
      "path": "node_modules/lightningcss-win32-x64-msvc",
      "name": "lightningcss-win32-x64-msvc",
      "version": "1.33.0",
      "license": "MPL-2.0",
      "integrity": "sha512-OlEICDx/Xl0FqSp4bry8zFnCvGpig3Gl4gCquvYwHuqJKEC1+n9NgDniFvqHGmMv1ZkqDJrDqKKSykTDX+ehuA==",
      "resolved": "https://registry.npmjs.org/lightningcss-win32-x64-msvc/-/lightningcss-win32-x64-msvc-1.33.0.tgz",
      "dev": true,
      "optional": true,
      "installed": true,
      "os": [
        "win32"
      ],
      "cpu": [
        "x64"
      ],
      "lockfile_has_install_script": false,
      "lifecycle_scripts": []
    },
    {
      "path": "node_modules/lit",
      "name": "lit",
      "version": "3.3.3",
      "license": "BSD-3-Clause",
      "integrity": "sha512-fycuvZg/hkpozL00lm1pEJH5nN/lr9ZXd6mJI2HSN4+Bzc+LDNdEApJ6HFbPkdFNHLvOplIIuJvxkS4XUxqirw==",
      "resolved": "https://registry.npmjs.org/lit/-/lit-3.3.3.tgz",
      "dev": false,
      "optional": false,
      "installed": true,
      "os": [],
      "cpu": [],
      "lockfile_has_install_script": false,
      "lifecycle_scripts": []
    },
    {
      "path": "node_modules/lit-element",
      "name": "lit-element",
      "version": "4.2.2",
      "license": "BSD-3-Clause",
      "integrity": "sha512-aFKhNToWxoyhkNDmWZwEva2SlQia+jfG0fjIWV//YeTaWrVnOxD89dPKfigCUspXFmjzOEUQpOkejH5Ly6sG0w==",
      "resolved": "https://registry.npmjs.org/lit-element/-/lit-element-4.2.2.tgz",
      "dev": false,
      "optional": false,
      "installed": true,
      "os": [],
      "cpu": [],
      "lockfile_has_install_script": false,
      "lifecycle_scripts": []
    },
    {
      "path": "node_modules/lit-html",
      "name": "lit-html",
      "version": "3.3.3",
      "license": "BSD-3-Clause",
      "integrity": "sha512-el8M6jK2o3RXBnrSHX3ZKrsN8zEV63pSExTO1wYJz7QndGYZ8353e2a5PPX+qHe2aGayfnchQmkAojaWAREOIA==",
      "resolved": "https://registry.npmjs.org/lit-html/-/lit-html-3.3.3.tgz",
      "dev": false,
      "optional": false,
      "installed": true,
      "os": [],
      "cpu": [],
      "lockfile_has_install_script": false,
      "lifecycle_scripts": []
    },
    {
      "path": "node_modules/nanoid",
      "name": "nanoid",
      "version": "3.3.16",
      "license": "MIT",
      "integrity": "sha512-bzlKTyNJ7+LdGIIwy8ijFpIqEQIvafahV7eYykJ8Cvh42EdJeODoJ6gUJXpQJvej1BddH8OqTXZNE/KfbWAu8Q==",
      "resolved": "https://registry.npmjs.org/nanoid/-/nanoid-3.3.16.tgz",
      "dev": true,
      "optional": false,
      "installed": true,
      "os": [],
      "cpu": [],
      "lockfile_has_install_script": false,
      "lifecycle_scripts": []
    },
    {
      "path": "node_modules/picocolors",
      "name": "picocolors",
      "version": "1.1.1",
      "license": "ISC",
      "integrity": "sha512-xceH2snhtb5M9liqDsmEw56le376mTZkEX/jEb/RxNFyegNul7eNslCXP9FDj/Lcu0X8KEyMceP2ntpaHrDEVA==",
      "resolved": "https://registry.npmjs.org/picocolors/-/picocolors-1.1.1.tgz",
      "dev": true,
      "optional": false,
      "installed": true,
      "os": [],
      "cpu": [],
      "lockfile_has_install_script": false,
      "lifecycle_scripts": []
    },
    {
      "path": "node_modules/picomatch",
      "name": "picomatch",
      "version": "4.0.5",
      "license": "MIT",
      "integrity": "sha512-RvwwcruNjI1ncT5xRakeyS9Lf8lcItv34KD+aif+VH9kduAyfYBipGh12274xtenIPZ119/R9BdTBa8gAwSh0A==",
      "resolved": "https://registry.npmjs.org/picomatch/-/picomatch-4.0.5.tgz",
      "dev": true,
      "optional": false,
      "installed": true,
      "os": [],
      "cpu": [],
      "lockfile_has_install_script": false,
      "lifecycle_scripts": []
    },
    {
      "path": "node_modules/playwright",
      "name": "playwright",
      "version": "1.62.0",
      "license": "Apache-2.0",
      "integrity": "sha512-Z14dG305dgaLu6foB1TXQagFiW8JfSUIUaUuPaKQ6NtBPKF1P/qXcqfh6c6K/icPqdy37JmjbiBXf6JNg6Sylw==",
      "resolved": "https://registry.npmjs.org/playwright/-/playwright-1.62.0.tgz",
      "dev": true,
      "optional": false,
      "installed": true,
      "os": [],
      "cpu": [],
      "lockfile_has_install_script": false,
      "lifecycle_scripts": []
    },
    {
      "path": "node_modules/playwright-core",
      "name": "playwright-core",
      "version": "1.62.0",
      "license": "Apache-2.0",
      "integrity": "sha512-nsNRyq0r2zsG8AcRHWknc9QRA5XCueC7gWMrs+Gx2tlZn9hcl8zudfh00lhJPY1DE7NmZ6bDsT9g2yey8mXljA==",
      "resolved": "https://registry.npmjs.org/playwright-core/-/playwright-core-1.62.0.tgz",
      "dev": true,
      "optional": false,
      "installed": true,
      "os": [],
      "cpu": [],
      "lockfile_has_install_script": false,
      "lifecycle_scripts": []
    },
    {
      "path": "node_modules/playwright/node_modules/fsevents",
      "name": "fsevents",
      "version": "2.3.2",
      "license": "MIT",
      "integrity": "sha512-xiqMQR4xAeHTuB9uWm+fFRcIOgKBMiOBP+eXiyT7jsgVCq1bkVygt00oASowB7EdtpOHaaPgKt812P9ab+DDKA==",
      "resolved": "https://registry.npmjs.org/fsevents/-/fsevents-2.3.2.tgz",
      "dev": true,
      "optional": true,
      "installed": false,
      "os": [
        "darwin"
      ],
      "cpu": [],
      "lockfile_has_install_script": true,
      "lifecycle_scripts": []
    },
    {
      "path": "node_modules/postcss",
      "name": "postcss",
      "version": "8.5.25",
      "license": "MIT",
      "integrity": "sha512-DTPx3RWSSnWyzLxQnlH0rJP+EW5ekl16ZU4/psbIhA0e53kJfdgaN5vKM+xP7yJtXVu+nfdVFmlgFDEKAe4Pyw==",
      "resolved": "https://registry.npmjs.org/postcss/-/postcss-8.5.25.tgz",
      "dev": true,
      "optional": false,
      "installed": true,
      "os": [],
      "cpu": [],
      "lockfile_has_install_script": false,
      "lifecycle_scripts": []
    },
    {
      "path": "node_modules/rolldown",
      "name": "rolldown",
      "version": "1.1.5",
      "license": "MIT",
      "integrity": "sha512-t9z29cJjXf/vxQ8dyhCSpt6H6aSwHTk8cT5I3iy6SMXuFpk5mB6PL6XfC8PCwrPTx93udwKUm9HRteAlTGBLiA==",
      "resolved": "https://registry.npmjs.org/rolldown/-/rolldown-1.1.5.tgz",
      "dev": true,
      "optional": false,
      "installed": true,
      "os": [],
      "cpu": [],
      "lockfile_has_install_script": false,
      "lifecycle_scripts": []
    },
    {
      "path": "node_modules/source-map-js",
      "name": "source-map-js",
      "version": "1.2.1",
      "license": "BSD-3-Clause",
      "integrity": "sha512-UXWMKhLOwVKb728IUtQPXxfYU+usdybtUrK/8uGE8CQMvrhOpwvzDBwj0QhSL7MQc7vIsISBG8VQ8+IDQxpfQA==",
      "resolved": "https://registry.npmjs.org/source-map-js/-/source-map-js-1.2.1.tgz",
      "dev": true,
      "optional": false,
      "installed": true,
      "os": [],
      "cpu": [],
      "lockfile_has_install_script": false,
      "lifecycle_scripts": []
    },
    {
      "path": "node_modules/tinyglobby",
      "name": "tinyglobby",
      "version": "0.2.17",
      "license": "MIT",
      "integrity": "sha512-wXR/dYpcqKmfWpEdZjiKJOwCNFndD0DMnrW/cYjVGttEkBfVgcLFHoNrlj47mjOVic9yyNu65alsgF4NQyTa2g==",
      "resolved": "https://registry.npmjs.org/tinyglobby/-/tinyglobby-0.2.17.tgz",
      "dev": true,
      "optional": false,
      "installed": true,
      "os": [],
      "cpu": [],
      "lockfile_has_install_script": false,
      "lifecycle_scripts": []
    },
    {
      "path": "node_modules/tslib",
      "name": "tslib",
      "version": "2.8.1",
      "license": "0BSD",
      "integrity": "sha512-oJFu94HQb+KVduSUQL7wnpmqnfmLsOA/nAh6b6EH0wCEoK0/mPeXU6c3wKDV83MkOuHPRHtSXKKU99IBazS/2w==",
      "resolved": "https://registry.npmjs.org/tslib/-/tslib-2.8.1.tgz",
      "dev": true,
      "optional": true,
      "installed": true,
      "os": [],
      "cpu": [],
      "lockfile_has_install_script": false,
      "lifecycle_scripts": []
    },
    {
      "path": "node_modules/typescript",
      "name": "typescript",
      "version": "6.0.3",
      "license": "Apache-2.0",
      "integrity": "sha512-y2TvuxSZPDyQakkFRPZHKFm+KKVqIisdg9/CZwm9ftvKXLP8NRWj38/ODjNbr43SsoXqNuAisEf1GdCxqWcdBw==",
      "resolved": "https://registry.npmjs.org/typescript/-/typescript-6.0.3.tgz",
      "dev": true,
      "optional": false,
      "installed": true,
      "os": [],
      "cpu": [],
      "lockfile_has_install_script": false,
      "lifecycle_scripts": []
    },
    {
      "path": "node_modules/vite",
      "name": "vite",
      "version": "8.1.5",
      "license": "MIT",
      "integrity": "sha512-7ULLwsCdYx/nRyrpiEwvqb5TFHrMVZyBt+rg/OAXT7rgj/z+DtTDyKFeLAdDkubDVDKD8jOsndmy7m55XcfUsw==",
      "resolved": "https://registry.npmjs.org/vite/-/vite-8.1.5.tgz",
      "dev": true,
      "optional": false,
      "installed": true,
      "os": [],
      "cpu": [],
      "lockfile_has_install_script": false,
      "lifecycle_scripts": []
    }
  ],
  "failures": []
}
