TAP version 13
# Subtest: preservation registry accounts for every bounded source inventory row
ok 1 - preservation registry accounts for every bounded source inventory row
  ---
  duration_ms: 2.913
  type: 'test'
  ...
# Subtest: rejects a boundary map without every required source inventory
ok 2 - rejects a boundary map without every required source inventory
  ---
  duration_ms: 0.6067
  type: 'test'
  ...
# Subtest: data registry preserves every unique static and runtime storage identifier
ok 3 - data registry preserves every unique static and runtime storage identifier
  ---
  duration_ms: 12.8724
  type: 'test'
  ...
# Subtest: propagates the supplied baseline SHA and rejects malformed runtime names
ok 4 - propagates the supplied baseline SHA and rejects malformed runtime names
  ---
  duration_ms: 0.7359
  type: 'test'
  ...
# Subtest: runtime database rows retain versions and qualified store ownership
ok 5 - runtime database rows retain versions and qualified store ownership
  ---
  duration_ms: 2.4787
  type: 'test'
  ...
# Subtest: text and line helpers use the documented counting rule
ok 6 - text and line helpers use the documented counting rule
  ---
  duration_ms: 1.0091
  type: 'test'
  ...
# Subtest: first-party source classification excludes tests, vendor, and generated buckets
ok 7 - first-party source classification excludes tests, vendor, and generated buckets
  ---
  duration_ms: 0.2448
  type: 'test'
  ...
# Subtest: baseline archive reuse is SHA-safe
ok 8 - baseline archive reuse is SHA-safe
  ---
  duration_ms: 1007.7113
  type: 'test'
  ...
# Subtest: command receipt records exact command output, status, and hashes
ok 9 - command receipt records exact command output, status, and hashes
  ---
  duration_ms: 147.4301
  type: 'test'
  ...
# Subtest: command receipt preserves a nonzero command result for an explicit gate
ok 10 - command receipt preserves a nonzero command result for an explicit gate
  ---
  duration_ms: 144.2606
  type: 'test'
  ...
# Subtest: command receipts record a bounded command timeout
ok 11 - command receipts record a bounded command timeout
  ---
  duration_ms: 141.9817
  type: 'test'
  ...
# Subtest: artifact bundle manifest hashes repository and external evidence
ok 12 - artifact bundle manifest hashes repository and external evidence
  ---
  duration_ms: 1.5916
  type: 'test'
  ...
# Subtest: artifact manifest rejects symbolic-link traversal
ok 13 - artifact manifest rejects symbolic-link traversal
  ---
  duration_ms: 0.8717
  type: 'test'
  ...
# Subtest: validates the repository control plane deterministically
ok 14 - validates the repository control plane deterministically
  ---
  duration_ms: 52.2376
  type: 'test'
  ...
# Subtest: CLI emits JSON and fails for a missing in-repository evidence artifact
ok 15 - CLI emits JSON and fails for a missing in-repository evidence artifact
  ---
  duration_ms: 75.3501
  type: 'test'
  ...
# Subtest: accepts a complete fixture without writing to it
ok 16 - accepts a complete fixture without writing to it
  ---
  duration_ms: 110.4003
  type: 'test'
  ...
# Subtest: fails when a declared evidence hash no longer matches
ok 17 - fails when a declared evidence hash no longer matches
  ---
  duration_ms: 35.5255
  type: 'test'
  ...
# Subtest: rejects control JSON that is valid JSON but not an object
ok 18 - rejects control JSON that is valid JSON but not an object
  ---
  duration_ms: 22.5332
  type: 'test'
  ...
# Subtest: fails when a living control document retains an unresolved placeholder
ok 19 - fails when a living control document retains an unresolved placeholder
  ---
  duration_ms: 19.2611
  type: 'test'
  ...
# Subtest: Phase 1 validator extracts owned, typed, semantic attachments
ok 20 - Phase 1 validator extracts owned, typed, semantic attachments
  ---
  duration_ms: 15.4949
  type: 'test'
  ...
# Subtest: Phase 1 validator rejects attachment traversal without writing it
ok 21 - Phase 1 validator rejects attachment traversal without writing it
  ---
  duration_ms: 11.5669
  type: 'test'
  ...
# Subtest: Phase 1 validator rejects non-canonical base64 attachment bodies
ok 22 - Phase 1 validator rejects non-canonical base64 attachment bodies
  ---
  duration_ms: 7.4333
  type: 'test'
  ...
# Subtest: Phase 1 validator rejects an attachment owned by the wrong spec
ok 23 - Phase 1 validator rejects an attachment owned by the wrong spec
  ---
  duration_ms: 7.7828
  type: 'test'
  ...
# Subtest: Phase 1 validator rejects fake PNG and false mobile semantics
ok 24 - Phase 1 validator rejects fake PNG and false mobile semantics
  ---
  duration_ms: 7.8102
  type: 'test'
  ...
# Subtest: Phase 1 validator rejects wrong baseline metadata
ok 25 - Phase 1 validator rejects wrong baseline metadata
  ---
  duration_ms: 8.3069
  type: 'test'
  ...
# Subtest: Phase 1 validator rejects missing WebSocket/realtime proof
ok 26 - Phase 1 validator rejects missing WebSocket/realtime proof
  ---
  duration_ms: 7.1643
  type: 'test'
  ...
# Subtest: Phase 1 validator rejects sentinel leakage in receipted text
ok 27 - Phase 1 validator rejects sentinel leakage in receipted text
  ---
  duration_ms: 7.2851
  type: 'test'
  ...
# Subtest: Phase 2 direct dependency set is exact and workspace-scoped
ok 28 - Phase 2 direct dependency set is exact and workspace-scoped
  ---
  duration_ms: 1.9205
  type: 'test'
  ...
# Subtest: candidate and kernel source contain no privileged or durable runtime APIs
ok 29 - candidate and kernel source contain no privileged or durable runtime APIs
  ---
  duration_ms: 3.1589
  type: 'test'
  ...
# Subtest: candidate build target stays outside deployment mirrors
ok 30 - candidate build target stays outside deployment mirrors
  ---
  duration_ms: 0.5183
  type: 'test'
  ...
# Subtest: protected legacy committed blobs byte-match the immutable baseline
ok 31 - protected legacy committed blobs byte-match the immutable baseline
  ---
  duration_ms: 537.2247
  type: 'test'
  ...
# Subtest: accepts two complete byte-identical candidate builds
ok 32 - accepts two complete byte-identical candidate builds
  ---
  duration_ms: 8.7685
  type: 'test'
  ...
# Subtest: rejects a build whose bytes differ at the same declared path
ok 33 - rejects a build whose bytes differ at the same declared path
  ---
  duration_ms: 5.0153
  type: 'test'
  ...
# Subtest: rejects missing required Vite build artifacts
ok 34 - rejects missing required Vite build artifacts
  ---
  duration_ms: 5.0912
  type: 'test'
  ...
# Subtest: refuses build and summary paths outside the repository
ok 35 - refuses build and summary paths outside the repository
  ---
  duration_ms: 1.6222
  type: 'test'
  ...
# Subtest: preview script delegates its port to the guarded Vite configuration
ok 36 - preview script delegates its port to the guarded Vite configuration
  ---
  duration_ms: 0.2923
  type: 'test'
  ...
# Subtest: candidate output rejects a repository-local reparse point
ok 37 - candidate output rejects a repository-local reparse point
  ---
  duration_ms: 1.2624
  type: 'test'
  ...
# Subtest: Playwright output rejects a repository-local reparse point
ok 38 - Playwright output rejects a repository-local reparse point
  ---
  duration_ms: 1.755
  type: 'test'
  ...
# Subtest: Playwright resolves its preview port through the Vite configuration
ok 39 - Playwright resolves its preview port through the Vite configuration
  ---
  duration_ms: 0.2805
  type: 'test'
  ...
# Subtest: Vite preview port resolver accepts configured values and defaults empty values
ok 40 - Vite preview port resolver accepts configured values and defaults empty values
  ---
  duration_ms: 1.4915
  type: 'test'
  ...
# Subtest: verification runner replays the lockfile and validates the final bundle
ok 41 - verification runner replays the lockfile and validates the final bundle
  ---
  duration_ms: 0.4198
  type: 'test'
  ...
# Subtest: accepts a complete, repository-descendant Phase 2 fixture bundle
ok 42 - accepts a complete, repository-descendant Phase 2 fixture bundle
  ---
  duration_ms: 31.2304
  type: 'test'
  ...
# Subtest: rejects manifest traversal and tampered artifact hashes
ok 43 - rejects manifest traversal and tampered artifact hashes
  ---
  duration_ms: 50.401
  type: 'test'
  ...
# Subtest: rejects gate failures, wrong receipts, missing visual evidence, and secret sentinels
ok 44 - rejects gate failures, wrong receipts, missing visual evidence, and secret sentinels
  ---
  duration_ms: 133.952
  type: 'test'
  ...
# Subtest: rejects malformed audit receipts and scans NUL-containing text while excluding PNG artifacts
ok 45 - rejects malformed audit receipts and scans NUL-containing text while excluding PNG artifacts
  ---
  duration_ms: 28.3114
  type: 'test'
  ...
# Subtest: refuses evidence and output paths outside the repository
ok 46 - refuses evidence and output paths outside the repository
  ---
  duration_ms: 12.3523
  type: 'test'
  ...
# Subtest: fails closed when browser evidence is behind a symbolic link
ok 47 - fails closed when browser evidence is behind a symbolic link
  ---
  duration_ms: 21.5967
  type: 'test'
  ...
# Subtest: captures integrity, license, and ignored lifecycle scripts from a lock fixture
ok 48 - captures integrity, license, and ignored lifecycle scripts from a lock fixture
  ---
  duration_ms: 7.9153
  type: 'test'
  ...
# Subtest: records a platform-skipped optional package from lock metadata without failing
ok 49 - records a platform-skipped optional package from lock metadata without failing
  ---
  duration_ms: 1.3128
  type: 'test'
  ...
# Subtest: permits skipped optional metadata without installed license or integrity
ok 50 - permits skipped optional metadata without installed license or integrity
  ---
  duration_ms: 2.8618
  type: 'test'
  ...
# Subtest: discovers nested node_modules packages using their innermost package name
ok 51 - discovers nested node_modules packages using their innermost package name
  ---
  duration_ms: 2.6958
  type: 'test'
  ...
# Subtest: reports missing external license and integrity metadata
ok 52 - reports missing external license and integrity metadata
  ---
  duration_ms: 2.6591
  type: 'test'
  ...
# Subtest: canonical Phase 3 decision packet records bounded maintainer acceptance
ok 53 - canonical Phase 3 decision packet records bounded maintainer acceptance
  ---
  duration_ms: 167.854
  type: 'test'
  ...
# Subtest: validator rejects accepted status without implementation authority
ok 54 - validator rejects accepted status without implementation authority
  ---
  duration_ms: 22.3799
  type: 'test'
  ...
# Subtest: validator rejects a weakened preservation registry
ok 55 - validator rejects a weakened preservation registry
  ---
  duration_ms: 9.9193
  type: 'test'
  ...
# Subtest: validator permits additive registry expansion while retaining the pinned floor
ok 56 - validator permits additive registry expansion while retaining the pinned floor
  ---
  duration_ms: 11.5241
  type: 'test'
  ...
# Subtest: validator rejects premature blocker closure
ok 57 - validator rejects premature blocker closure
  ---
  duration_ms: 7.6572
  type: 'test'
  ...
# Subtest: validator rejects an Accepted ADR without the exact decision receipt
ok 58 - validator rejects an Accepted ADR without the exact decision receipt
  ---
  duration_ms: 7.5194
  type: 'test'
  ...
# Subtest: validator rejects removal of a required decision invariant
ok 59 - validator rejects removal of a required decision invariant
  ---
  duration_ms: 7.1894
  type: 'test'
  ...
# Subtest: validator rejects unstable versioned dataset ID
ok 60 - validator rejects unstable versioned dataset ID
  ---
  duration_ms: 9.8436
  type: 'test'
  ...
# Subtest: validator rejects credential-bearing export policy
ok 61 - validator rejects credential-bearing export policy
  ---
  duration_ms: 8.7018
  type: 'test'
  ...
# Subtest: validator rejects journal deletion during rollback
ok 62 - validator rejects journal deletion during rollback
  ---
  duration_ms: 7.9996
  type: 'test'
  ...
# Subtest: validator rejects unstaged import promotion
ok 63 - validator rejects unstaged import promotion
  ---
  duration_ms: 6.3289
  type: 'test'
  ...
# Subtest: validator rejects exported real-data digests
ok 64 - validator rejects exported real-data digests
  ---
  duration_ms: 6.6383
  type: 'test'
  ...
# Subtest: validator rejects real provider traffic
ok 65 - validator rejects real provider traffic
  ---
  duration_ms: 6.5262
  type: 'test'
  ...
# Subtest: validator rejects implicit retry
ok 66 - validator rejects implicit retry
  ---
  duration_ms: 6.4139
  type: 'test'
  ...
# Subtest: validator rejects credential resolution before an exact egress grant
ok 67 - validator rejects credential resolution before an exact egress grant
  ---
  duration_ms: 6.1999
  type: 'test'
  ...
# Subtest: validator rejects Phase 3 proxy listener
ok 68 - validator rejects Phase 3 proxy listener
  ---
  duration_ms: 5.9557
  type: 'test'
  ...
# Subtest: validator rejects ambient pairing bootstrap
ok 69 - validator rejects ambient pairing bootstrap
  ---
  duration_ms: 5.5077
  type: 'test'
  ...
# Subtest: validator rejects removed real-data prohibition
ok 70 - validator rejects removed real-data prohibition
  ---
  duration_ms: 6.2575
  type: 'test'
  ...
# Subtest: validator rejects a weakened blocker condition
ok 71 - validator rejects a weakened blocker condition
  ---
  duration_ms: 6.2931
  type: 'test'
  ...
# Subtest: validator rejects a semantically weakened invariant statement
ok 72 - validator rejects a semantically weakened invariant statement
  ---
  duration_ms: 6.079
  type: 'test'
  ...
# Subtest: validator rejects removal of an ADR safety clause
ok 73 - validator rejects removal of an ADR safety clause
  ---
  duration_ms: 6.0699
  type: 'test'
  ...
# Subtest: validator rejects Markdown that drifts from the structured packet
ok 74 - validator rejects Markdown that drifts from the structured packet
  ---
  duration_ms: 6.1143
  type: 'test'
  ...
# Subtest: canonical CLI cannot disable or rebase Git scope validation
ok 75 - canonical CLI cannot disable or rebase Git scope validation
  ---
  duration_ms: 59.1561
  type: 'test'
  ...
# Subtest: accepted validator permits only the exact bounded Phase 3 implementation surface
ok 76 - accepted validator permits only the exact bounded Phase 3 implementation surface
  ---
  duration_ms: 0.383
  type: 'test'
  ...
# Subtest: accepts a complete hash-bound Phase 3 evidence fixture
ok 77 - accepts a complete hash-bound Phase 3 evidence fixture
  ---
  duration_ms: 58.8376
  type: 'test'
  ...
# Subtest: rejects a failed command receipt
ok 78 - rejects a failed command receipt
  ---
  duration_ms: 91.1486
  type: 'test'
  ...
# Subtest: rejects tampered artifact bytes
ok 79 - rejects tampered artifact bytes
  ---
  duration_ms: 55.962
  type: 'test'
  ...
# Subtest: rejects missing or non-independent final review
ok 80 - rejects missing or non-independent final review
  ---
  duration_ms: 36.0669
  type: 'test'
  ...
# Subtest: rejects secret-like content in receipted text
ok 81 - rejects secret-like content in receipted text
  ---
  duration_ms: 40.5168
  type: 'test'
  ...
# Subtest: rejects files omitted from the artifact manifest
ok 82 - rejects files omitted from the artifact manifest
  ---
  duration_ms: 32.6573
  type: 'test'
  ...
# Subtest: rejects a prose-only GREEN review without clean-worktree receipts
ok 83 - rejects a prose-only GREEN review without clean-worktree receipts
  ---
  duration_ms: 28.0587
  type: 'test'
  ...
# Subtest: rejects dirty or wrong-identity independent worktree receipts
ok 84 - rejects dirty or wrong-identity independent worktree receipts
  ---
  duration_ms: 28.8219
  type: 'test'
  ...
# Subtest: rejects a lockfile replay receipt outside the independent worktree
ok 85 - rejects a lockfile replay receipt outside the independent worktree
  ---
  duration_ms: 32.3737
  type: 'test'
  ...
# Subtest: verification runner produces and validates structured independent worktree evidence
ok 86 - verification runner produces and validates structured independent worktree evidence
  ---
  duration_ms: 0.6091
  type: 'test'
  ...
# Subtest: canonical Phase 3 preflight freezes the accepted bounded implementation slice
ok 87 - canonical Phase 3 preflight freezes the accepted bounded implementation slice
  ---
  duration_ms: 127.0962
  type: 'test'
  ...
# Subtest: preflight rejects implementation authority without the accepted disposition
ok 88 - preflight rejects implementation authority without the accepted disposition
  ---
  duration_ms: 2.4537
  type: 'test'
  ...
# Subtest: preflight rejects real user data
ok 89 - preflight rejects real user data
  ---
  duration_ms: 1.5416
  type: 'test'
  ...
# Subtest: preflight rejects real provider traffic
ok 90 - preflight rejects real provider traffic
  ---
  duration_ms: 1.5163
  type: 'test'
  ...
# Subtest: preflight rejects real credentials
ok 91 - preflight rejects real credentials
  ---
  duration_ms: 2.2444
  type: 'test'
  ...
# Subtest: preflight rejects a Phase 3 listener
ok 92 - preflight rejects a Phase 3 listener
  ---
  duration_ms: 1.7418
  type: 'test'
  ...
# Subtest: preflight rejects a candidate cutover
ok 93 - preflight rejects a candidate cutover
  ---
  duration_ms: 40.7598
  type: 'test'
  ...
# Subtest: preflight rejects legacy mutation
ok 94 - preflight rejects legacy mutation
  ---
  duration_ms: 2.1798
  type: 'test'
  ...
# Subtest: preflight rejects drift in the conversation dataset contract
ok 95 - preflight rejects drift in the conversation dataset contract
  ---
  duration_ms: 2.3943
  type: 'test'
  ...
# Subtest: preflight rejects weakened provider identity, retry, or egress rules
ok 96 - preflight rejects weakened provider identity, retry, or egress rules
  ---
  duration_ms: 2.5543
  type: 'test'
  ...
# Subtest: preflight rejects an owned implementation path outside the frozen package surface
ok 97 - preflight rejects an owned implementation path outside the frozen package surface
  ---
  duration_ms: 2.3022
  type: 'test'
  ...
# Subtest: preflight rejects a removed legacy no-touch prefix
ok 98 - preflight rejects a removed legacy no-touch prefix
  ---
  duration_ms: 2.2934
  type: 'test'
  ...
# Subtest: preflight rejects a missing required verification gate
ok 99 - preflight rejects a missing required verification gate
  ---
  duration_ms: 1.9675
  type: 'test'
  ...
# Subtest: preflight rejects Markdown projection drift
ok 100 - preflight rejects Markdown projection drift
  ---
  duration_ms: 2.3801
  type: 'test'
  ...
# Subtest: canonical CLI cannot disable or rebase Git scope validation
ok 101 - canonical CLI cannot disable or rebase Git scope validation
  ---
  duration_ms: 64.4129
  type: 'test'
  ...
# Subtest: capability mismatch is rejected before policy, credential, or adapter work
ok 102 - capability mismatch is rejected before policy, credential, or adapter work
  ---
  duration_ms: 2.9328
  type: 'test'
  ...
# Subtest: provider package contains no network, listener, or ambient credential API
ok 103 - provider package contains no network, listener, or ambient credential API
  ---
  duration_ms: 1.9376
  type: 'test'
  ...
# Subtest: conversation descriptor freezes the synthetic FreeLatticeDB v3 boundary
ok 104 - conversation descriptor freezes the synthetic FreeLatticeDB v3 boundary
  ---
  duration_ms: 1.0349
  type: 'test'
  ...
# Subtest: staging namespace rejects untrusted operation identifiers
ok 105 - staging namespace rejects untrusted operation identifiers
  ---
  duration_ms: 0.3799
  type: 'test'
  ...
# Subtest: migration journal transition graph is fail-closed
ok 106 - migration journal transition graph is fail-closed
  ---
  duration_ms: 0.092
  type: 'test'
  ...
# Subtest: storage source contains no legacy mutation or activation hooks
ok 107 - storage source contains no legacy mutation or activation hooks
  ---
  duration_ms: 1.603
  type: 'test'
  ...
1..107
# tests 107
# suites 0
# pass 107
# fail 0
# cancelled 0
# skipped 0
# todo 0
# duration_ms 1521.2851
