
> latticework@0.0.0 p4:test
> npm run test --workspace @latticework/chat && npm run test:fixture --workspace @latticework/phase4-browser && node --test tests/reengineering/phase4-amendment.test.mjs tests/reengineering/phase4-implementation-scope.test.mjs


> @latticework/chat@0.0.0 test
> node --test src/*.test.mjs

✔ persists the synthetic user before dispatch and commits assistant content only after completed (1.6826ms)
✔ failed turns retain user and content-free terminal metadata with a sanitized error (0.6242ms)
✔ cancel before dispatch persists the user and one cancellation terminal without calling the adapter seam (2.6404ms)
✔ cancel after a delta aborts one controller, emits one terminal, and ignores late or duplicate provider events (6.2062ms)
✔ hydrates persisted candidate state without dispatching another provider operation (0.5048ms)
✔ a hydrated conversation retains prior candidate messages when the next turn is persisted (0.5352ms)
✔ hydrate cannot publish a stale read over an overlapping send (14.6368ms)
✔ sequential sends append both completed turns instead of overwriting the conversation (0.6849ms)
✔ repository read failure settles as an unsaved failure without provider dispatch (1.0826ms)
✔ initial user write failure settles as an unsaved failure without provider dispatch (0.378ms)
✔ terminal write failure settles as an unsaved failure after one provider dispatch (0.3211ms)
✔ overlapping sends to one conversation retain every user and assistant message (1.097ms)
✔ creates one distinct AbortController signal per operation and never retries or falls back (0.3784ms)
✔ a provider stream exhausted without a terminal settles as an internal failure (0.2854ms)
ℹ tests 14
ℹ suites 0
ℹ pass 14
ℹ fail 0
ℹ cancelled 0
ℹ skipped 0
ℹ todo 0
ℹ duration_ms 124.9433

> @latticework/phase4-browser@0.0.0 test:fixture
> node --test support/synthetic-stream-fixture.test.mjs

✔ synthetic stream fixture is exact-loopback, synthetic-only, and explicitly releases its port (10.8287ms)
ℹ tests 1
ℹ suites 0
ℹ pass 1
ℹ fail 0
ℹ cancelled 0
ℹ skipped 0
ℹ todo 0
ℹ duration_ms 87.7498
✔ accepts the locked no-runtime amendment and packet (2.16ms)
✔ rejects removal of accepted implementation authority (2.6927ms)
✔ rejects real provider traffic authority (1.5748ms)
✔ rejects deployment authority (2.4209ms)
✔ rejects a wildcard listener (1.5699ms)
✔ rejects a fixed listener port (1.3424ms)
✔ rejects an application listener (2.4846ms)
✔ rejects a non-fixture amendment listener (1.8311ms)
✔ rejects a non-synthetic packet listener (1.2675ms)
✔ rejects divergence drift (1.5377ms)
✔ rejects a default candidate entrypoint (1.4559ms)
✔ rejects owned path drift (1.8413ms)
✔ rejects protected path drift (1.5349ms)
✔ canonical accepted packet and active implementation range are valid (945.0924ms)
✔ Phase 3 boundary stays pinned to its accepted terminal on later descendants (124.4147ms)
✔ protected paths are rejected even if broad ownership could match (0.1661ms)
✔ rejects one unowned path (0.6484ms)
✔ packet drift does not suppress independent scope failures (2.2512ms)
✔ rejects one protected path independently (0.5279ms)
✔ rejects packet drift: implementation-authority (1.6323ms)
✔ rejects packet drift: application-listener (1.6223ms)
✔ rejects packet drift: test-listener (1.3089ms)
✔ rejects packet drift: wildcard-bind (1.6268ms)
✔ rejects packet drift: fixed-port (1.4965ms)
✔ rejects packet drift: listener-egress (1.4285ms)
✔ rejects packet drift: browser-harness-port (1.302ms)
✔ rejects packet drift: real-provider (1.3172ms)
✔ rejects packet drift: real-data (1.1179ms)
✔ rejects packet drift: real-credentials (1.0792ms)
✔ rejects packet drift: activation (0.9328ms)
✔ rejects packet drift: deployment (1.9506ms)
✔ rejects packet drift: cutover (1.5481ms)
✔ rejects omitted narrow existing-file ownership (1.3834ms)
✔ rejects protected-array drift (1.0783ms)
✔ rejects candidate source primitive: fetch (1.3161ms)
✔ rejects candidate source primitive: websocket (1.7652ms)
✔ rejects candidate source primitive: ambient-env (1.4543ms)
✔ rejects candidate source primitive: migration (1.1213ms)
✔ rejects candidate source primitive: deep-import (1.2507ms)
✔ rejects candidate source primitive: application-listen (1.3926ms)
✔ accepts only the exact synthetic loopback port-zero listener shape (1.7763ms)
✔ rejects a test listener without an explicit close lifecycle (1.358ms)
✔ rejects unsafe test-listener source (1.2909ms)
✔ CLI rejects base or scope overrides (176.4383ms)
✔ Playwright configuration honors the verifier-selected loopback port (341.8589ms)
✔ Playwright harness creates and removes its contained profile root (0.3117ms)
✔ Playwright configuration rejects an invalid verifier port (376.6249ms)
✔ Phase 4 verification runner pins the complete bounded evidence gate (0.4343ms)
ℹ tests 48
ℹ suites 0
ℹ pass 48
ℹ fail 0
ℹ cancelled 0
ℹ skipped 0
ℹ todo 0
ℹ duration_ms 2083.7228
