{
  "$schema": "http://cyclonedx.org/schema/bom-1.5.schema.json",
  "bomFormat": "CycloneDX",
  "specVersion": "1.5",
  "serialNumber": "urn:uuid:***",
  "version": 1,
  "metadata": {
    "timestamp": "2026-07-31T04:30:12.161Z",
    "lifecycles": [
      {
        "phase": "build"
      }
    ],
    "tools": [
      {
        "vendor": "npm",
        "name": "cli",
        "version": "11.6.2"
      }
    ],
    "component": {
      "bom-ref": "latticework@0.0.0",
      "type": "library",
      "name": "LATTICEWORK_P4_FINAL_QA_cb94b608",
      "version": "0.0.0",
      "scope": "required",
      "description": "LATTICEWORK bounded candidate workspace; legacy runtime remains authoritative.",
      "purl": "pkg:npm/latticework@0.0.0",
      "properties": [
        {
          "name": "cdx:npm:package:private",
          "value": "true"
        }
      ],
      "externalReferences": []
    }
  },
  "components": [
    {
      "bom-ref": "@latticework/web@0.0.0",
      "type": "library",
      "name": "web",
      "version": "0.0.0",
      "scope": "required",
      "purl": "pkg:npm/%40latticework/web@0.0.0",
      "properties": [
        {
          "name": "cdx:npm:package:private",
          "value": "true"
        }
      ],
      "externalReferences": []
    },
    {
      "bom-ref": "@emnapi/wasi-threads@1.2.3",
      "type": "library",
      "name": "@emnapi/wasi-threads",
      "version": "1.2.3",
      "scope": "optional",
      "author": "toyobayashi",
      "description": "WASI threads proposal implementation in JavaScript",
      "purl": "pkg:npm/%40emnapi/wasi-threads@1.2.3",
      "properties": [
        {
          "name": "cdx:npm:package:development",
          "value": "true"
        },
        {
          "name": "cdx:npm:package:extraneous",
          "value": "true"
        }
      ],
      "externalReferences": [
        {
          "type": "distribution",
          "url": "https://registry.npmjs.org/@emnapi/wasi-threads/-/wasi-threads-1.2.3.tgz"
        },
        {
          "type": "vcs",
          "url": "git+https://github.com/toyobayashi/emnapi.git"
        },
        {
          "type": "website",
          "url": "https://github.com/toyobayashi/emnapi#readme"
        },
        {
          "type": "issue-tracker",
          "url": "https://github.com/toyobayashi/emnapi/issues"
        }
      ],
      "hashes": [
        {
          "alg": "SHA-512",
          "content": "10b1017bc3ec2efbc9e9032bd332edf1f7ef3875bf75cd66dc213334c83b68952fddb31aa03b70d935f20c0c24601baba31c6e1c4c214532c949ee6cc9ae78ee"
        }
      ],
      "licenses": [
        {
          "license": {
            "id": "MIT"
          }
        }
      ]
    },
    {
      "bom-ref": "@lit-labs/ssr-dom-shim@1.6.0",
      "type": "library",
      "name": "@lit-labs/ssr-dom-shim",
      "version": "1.6.0",
      "scope": "required",
      "author": "Google LLC",
      "description": "DOM shim for Lit Server Side Rendering (SSR)",
      "purl": "pkg:npm/%40lit-labs/ssr-dom-shim@1.6.0",
      "properties": [],
      "externalReferences": [
        {
          "type": "distribution",
          "url": "https://registry.npmjs.org/@lit-labs/ssr-dom-shim/-/ssr-dom-shim-1.6.0.tgz"
        },
        {
          "type": "vcs",
          "url": "git+https://github.com/lit/lit.git"
        },
        {
          "type": "website",
          "url": "https://github.com/lit/lit/tree/main/packages/labs/ssr-dom-shim"
        }
      ],
      "hashes": [
        {
          "alg": "SHA-512",
          "content": "5476f400b3cc4e580a8cceb2231c6840d9e92b250a2c3d3857379076c89790caa4bd89401f1abd82518b9a06dbf3cf7fd46b288523808ef418a22069a5716aad"
        }
      ],
      "licenses": [
        {
          "license": {
            "id": "BSD-3-Clause"
          }
        }
      ]
    },
    {
      "bom-ref": "@lit/reactive-element@2.1.2",
      "type": "library",
      "name": "@lit/reactive-element",
      "version": "2.1.2",
      "scope": "required",
      "author": "Google LLC",
      "description": "A simple low level base class for creating fast, lightweight web components",
      "purl": "pkg:npm/%40lit/reactive-element@2.1.2",
      "properties": [],
      "externalReferences": [
        {
          "type": "distribution",
          "url": "https://registry.npmjs.org/@lit/reactive-element/-/reactive-element-2.1.2.tgz"
        },
        {
          "type": "vcs",
          "url": "git+https://github.com/lit/lit.git"
        },
        {
          "type": "website",
          "url": "https://lit.dev/"
        }
      ],
      "hashes": [
        {
          "alg": "SHA-512",
          "content": "a5b0838953279ded6561421a60d379c2bc105c3b47698b60ed81053de5be870b3a538ed6785bc84865167a43c629638fd7282bb3479fd28d5524c9357b1a2ce4"
        }
      ],
      "licenses": [
        {
          "license": {
            "id": "BSD-3-Clause"
          }
        }
      ]
    },
    {
      "bom-ref": "@oxc-project/types@0.139.0",
      "type": "library",
      "name": "@oxc-project/types",
      "version": "0.139.0",
      "scope": "optional",
      "author": "Boshen and oxc contributors",
      "description": "Types for Oxc AST nodes",
      "purl": "pkg:npm/%40oxc-project/types@0.139.0",
      "properties": [
        {
          "name": "cdx:npm:package:development",
          "value": "true"
        }
      ],
      "externalReferences": [
        {
          "type": "distribution",
          "url": "https://registry.npmjs.org/@oxc-project/types/-/types-0.139.0.tgz"
        },
        {
          "type": "vcs",
          "url": "git+https://github.com/oxc-project/oxc.git"
        },
        {
          "type": "website",
          "url": "https://oxc.rs"
        }
      ],
      "hashes": [
        {
          "alg": "SHA-512",
          "content": "afd807a61b42b3ed4cec9d29c3a4a7fe187f5a96bf890ace3a4acd02554b17f807abefc22661c858a2945217568dc0fa0886bc89d6abb290ac012897097bc553"
        }
      ],
      "licenses": [
        {
          "license": {
            "id": "MIT"
          }
        }
      ]
    },
    {
      "bom-ref": "@playwright/test@1.62.0",
      "type": "library",
      "name": "@playwright/test",
      "version": "1.62.0",
      "scope": "optional",
      "author": "Microsoft Corporation",
      "description": "A high-level API to automate web browsers",
      "purl": "pkg:npm/%40playwright/test@1.62.0",
      "properties": [
        {
          "name": "cdx:npm:package:development",
          "value": "true"
        }
      ],
      "externalReferences": [
        {
          "type": "distribution",
          "url": "https://registry.npmjs.org/@playwright/test/-/test-1.62.0.tgz"
        },
        {
          "type": "vcs",
          "url": "git+https://github.com/microsoft/playwright.git"
        },
        {
          "type": "website",
          "url": "https://playwright.dev"
        }
      ],
      "hashes": [
        {
          "alg": "SHA-512",
          "content": "f73389e9941101e9dadf5329387f554b3233f0ebb7609ff0b58fde426e53dae85f846eff53708eacc4bcc4eb54ad9ae9f4e81d9b3127218383c9ede763556acc"
        }
      ],
      "licenses": [
        {
          "license": {
            "id": "Apache-2.0"
          }
        }
      ]
    },
    {
      "bom-ref": "@rolldown/binding-win32-x64-msvc@1.1.5",
      "type": "library",
      "name": "@rolldown/binding-win32-x64-msvc",
      "version": "1.1.5",
      "scope": "optional",
      "description": "Fast JavaScript/TypeScript bundler in Rust with Rollup-compatible API.",
      "purl": "pkg:npm/%40rolldown/binding-win32-x64-msvc@1.1.5",
      "properties": [
        {
          "name": "cdx:npm:package:development",
          "value": "true"
        }
      ],
      "externalReferences": [
        {
          "type": "distribution",
          "url": "https://registry.npmjs.org/@rolldown/binding-win32-x64-msvc/-/binding-win32-x64-msvc-1.1.5.tgz"
        },
        {
          "type": "vcs",
          "url": "git+https://github.com/rolldown/rolldown.git"
        },
        {
          "type": "website",
          "url": "https://rolldown.rs/"
        }
      ],
      "hashes": [
        {
          "alg": "SHA-512",
          "content": "b5366e0c13f0f39b443793d08b5a67101cc3cb4678f47b5270b01b0f9b7a872794f7603de69456692330d466598bf470812814225d31ad2957213ffd433bd848"
        }
      ],
      "licenses": [
        {
          "license": {
            "id": "MIT"
          }
        }
      ]
    },
    {
      "bom-ref": "@rolldown/pluginutils@1.0.1",
      "type": "library",
      "name": "@rolldown/pluginutils",
      "version": "1.0.1",
      "scope": "optional",
      "description": "Plugin utilities for Rolldown",
      "purl": "pkg:npm/%40rolldown/pluginutils@1.0.1",
      "properties": [
        {
          "name": "cdx:npm:package:development",
          "value": "true"
        }
      ],
      "externalReferences": [
        {
          "type": "distribution",
          "url": "https://registry.npmjs.org/@rolldown/pluginutils/-/pluginutils-1.0.1.tgz"
        },
        {
          "type": "vcs",
          "url": "git+https://github.com/rolldown/plugins.git"
        },
        {
          "type": "website",
          "url": "https://github.com/rolldown/plugins/tree/main/packages/pluginutils#readme"
        },
        {
          "type": "issue-tracker",
          "url": "https://github.com/rolldown/plugins/issues"
        }
      ],
      "hashes": [
        {
          "alg": "SHA-512",
          "content": "da3f5b1ade4987c863faf3ed8333ed97bda3d324711c0cae9a8a3a4cd7c08ec2c1d3852da52bcf6cf703701331cfb9fef42601d1cd46c501716118368e29aa1b"
        }
      ],
      "licenses": [
        {
          "license": {
            "id": "MIT"
          }
        }
      ]
    },
    {
      "bom-ref": "@types/trusted-types@2.0.7",
      "type": "library",
      "name": "@types/trusted-types",
      "version": "2.0.7",
      "scope": "required",
      "description": "TypeScript definitions for trusted-types",
      "purl": "pkg:npm/%40types/trusted-types@2.0.7",
      "properties": [],
      "externalReferences": [
        {
          "type": "distribution",
          "url": "https://registry.npmjs.org/@types/trusted-types/-/trusted-types-2.0.7.tgz"
        },
        {
          "type": "vcs",
          "url": "https://github.com/DefinitelyTyped/DefinitelyTyped.git"
        },
        {
          "type": "website",
          "url": "https://github.com/DefinitelyTyped/DefinitelyTyped/tree/master/types/trusted-types"
        }
      ],
      "hashes": [
        {
          "alg": "SHA-512",
          "content": "49c68f767d5d41cce06e5d101537933a65471542eddfde17260390368c95859eabdaf2e730b25f04f779dd2079d93ff71b7e95235fe0d8c65a5f47300ee5ec7f"
        }
      ],
      "licenses": [
        {
          "license": {
            "id": "MIT"
          }
        }
      ]
    },
    {
      "bom-ref": "detect-libc@2.1.2",
      "type": "library",
      "name": "detect-libc",
      "version": "2.1.2",
      "scope": "optional",
      "author": "Lovell Fuller <npm@lovell.info>",
      "description": "Node.js module to detect the C standard library (libc) implementation family and version",
      "purl": "pkg:npm/detect-libc@2.1.2",
      "properties": [
        {
          "name": "cdx:npm:package:development",
          "value": "true"
        }
      ],
      "externalReferences": [
        {
          "type": "distribution",
          "url": "https://registry.npmjs.org/detect-libc/-/detect-libc-2.1.2.tgz"
        },
        {
          "type": "vcs",
          "url": "git://github.com/lovell/detect-libc.git"
        }
      ],
      "hashes": [
        {
          "alg": "SHA-512",
          "content": "06d8f604e38ef37a375b21f9f5ef0c817b3111055c6ab9143a9118aee6c1d2eaf09cdd74c90dfae2bb22072535d67665a966199b4e62fe87fb8a8e26ce2841b5"
        }
      ],
      "licenses": [
        {
          "license": {
            "id": "Apache-2.0"
          }
        }
      ]
    },
    {
      "bom-ref": "fdir@6.5.0",
      "type": "library",
      "name": "fdir",
      "version": "6.5.0",
      "scope": "optional",
      "author": "thecodrr <thecodrr@protonmail.com>",
      "description": "The fastest directory crawler & globbing alternative to glob, fast-glob, & tiny-glob. Crawls 1m files in < 1s",
      "purl": "pkg:npm/fdir@6.5.0",
      "properties": [
        {
          "name": "cdx:npm:package:development",
          "value": "true"
        }
      ],
      "externalReferences": [
        {
          "type": "distribution",
          "url": "https://registry.npmjs.org/fdir/-/fdir-6.5.0.tgz"
        },
        {
          "type": "vcs",
          "url": "git+https://github.com/thecodrr/fdir.git"
        },
        {
          "type": "website",
          "url": "https://github.com/thecodrr/fdir#readme"
        },
        {
          "type": "issue-tracker",
          "url": "https://github.com/thecodrr/fdir/issues"
        }
      ],
      "hashes": [
        {
          "alg": "SHA-512",
          "content": "b486d8b596ee70eb340511aa3c992c84951874bf920c7edd54cf208f2f84469dd60148cb105244fb4da46a7c87b708d63a7c2b298062c0098cd29e242c90275e"
        }
      ],
      "licenses": [
        {
          "license": {
            "id": "MIT"
          }
        }
      ]
    },
    {
      "bom-ref": "lightningcss@1.33.0",
      "type": "library",
      "name": "lightningcss",
      "version": "1.33.0",
      "scope": "optional",
      "description": "A CSS parser, transformer, and minifier written in Rust",
      "purl": "pkg:npm/lightningcss@1.33.0",
      "properties": [
        {
          "name": "cdx:npm:package:development",
          "value": "true"
        }
      ],
      "externalReferences": [
        {
          "type": "distribution",
          "url": "https://registry.npmjs.org/lightningcss/-/lightningcss-1.33.0.tgz"
        },
        {
          "type": "vcs",
          "url": "https://github.com/parcel-bundler/lightningcss.git"
        }
      ],
      "hashes": [
        {
          "alg": "SHA-512",
          "content": "5a4503ae88ee26cd3192019fdae756c5adf21814713edc54901efd8ba68264b46073b3ccf1f65ef53a2c7cf0dcbc4a5065bb850129c762644b04b51b98b38820"
        }
      ],
      "licenses": [
        {
          "license": {
            "id": "MPL-2.0"
          }
        }
      ]
    },
    {
      "bom-ref": "lightningcss-win32-x64-msvc@1.33.0",
      "type": "library",
      "name": "lightningcss-win32-x64-msvc",
      "version": "1.33.0",
      "scope": "optional",
      "description": "A CSS parser, transformer, and minifier written in Rust",
      "purl": "pkg:npm/lightningcss-win32-x64-msvc@1.33.0",
      "properties": [
        {
          "name": "cdx:npm:package:development",
          "value": "true"
        }
      ],
      "externalReferences": [
        {
          "type": "distribution",
          "url": "https://registry.npmjs.org/lightningcss-win32-x64-msvc/-/lightningcss-win32-x64-msvc-1.33.0.tgz"
        },
        {
          "type": "vcs",
          "url": "https://github.com/parcel-bundler/lightningcss.git"
        }
      ],
      "hashes": [
        {
          "alg": "SHA-512",
          "content": "3a5108083c7f5e5d05a92a786ebcbccc59c2bc6a628371a5e200aabaf6301eea892840b5fa7f4d8039e216fa871a632fd5992a0c9ac3a8a292ca44c35fe7a1b8"
        }
      ],
      "licenses": [
        {
          "license": {
            "id": "MPL-2.0"
          }
        }
      ]
    },
    {
      "bom-ref": "lit@3.3.3",
      "type": "library",
      "name": "lit",
      "version": "3.3.3",
      "scope": "required",
      "author": "Google LLC",
      "description": "A library for building fast, lightweight web components",
      "purl": "pkg:npm/lit@3.3.3",
      "properties": [],
      "externalReferences": [
        {
          "type": "distribution",
          "url": "https://registry.npmjs.org/lit/-/lit-3.3.3.tgz"
        },
        {
          "type": "vcs",
          "url": "git+https://github.com/lit/lit.git"
        },
        {
          "type": "website",
          "url": "https://lit.dev/"
        }
      ],
      "hashes": [
        {
          "alg": "SHA-512",
          "content": "7f272ebd983f864a68ccbd34966d691091f99cdfe5afd65777a9892361d2378f81cdcf8b0cd74402927a1c56cf91d14d1cbbcea65208b89bf1912e17531aa2af"
        }
      ],
      "licenses": [
        {
          "license": {
            "id": "BSD-3-Clause"
          }
        }
      ]
    },
    {
      "bom-ref": "lit-element@4.2.2",
      "type": "library",
      "name": "lit-element",
      "version": "4.2.2",
      "scope": "required",
      "author": "Google LLC",
      "description": "A simple base class for creating fast, lightweight web components",
      "purl": "pkg:npm/lit-element@4.2.2",
      "properties": [],
      "externalReferences": [
        {
          "type": "distribution",
          "url": "https://registry.npmjs.org/lit-element/-/lit-element-4.2.2.tgz"
        },
        {
          "type": "vcs",
          "url": "git+https://github.com/lit/lit.git"
        },
        {
          "type": "website",
          "url": "https://lit.dev/"
        }
      ],
      "hashes": [
        {
          "alg": "SHA-512",
          "content": "6852a1353a16c68ca190d0e6599c04bdad9295089afa37c6d1f8c8595fff61e4da5ab5673b10fcf5d3ca7e280252ca571668f3384510a4e91e8c7e4bcbab06d3"
        }
      ],
      "licenses": [
        {
          "license": {
            "id": "BSD-3-Clause"
          }
        }
      ]
    },
    {
      "bom-ref": "lit-html@3.3.3",
      "type": "library",
      "name": "lit-html",
      "version": "3.3.3",
      "scope": "required",
      "author": "Google LLC",
      "description": "HTML templates literals in JavaScript",
      "purl": "pkg:npm/lit-html@3.3.3",
      "properties": [],
      "externalReferences": [
        {
          "type": "distribution",
          "url": "https://registry.npmjs.org/lit-html/-/lit-html-3.3.3.tgz"
        },
        {
          "type": "vcs",
          "url": "git+https://github.com/lit/lit.git"
        },
        {
          "type": "website",
          "url": "https://lit.dev/"
        }
      ],
      "hashes": [
        {
          "alg": "SHA-512",
          "content": "7a5f0cea32b6a37457067ad21d7dd92abb0df33115eb7a521314ced70609cfb427746619f37e777b66b93cf5fea877b66866b27e7721426900a2369601110e20"
        }
      ],
      "licenses": [
        {
          "license": {
            "id": "BSD-3-Clause"
          }
        }
      ]
    },
    {
      "bom-ref": "nanoid@3.3.16",
      "type": "library",
      "name": "nanoid",
      "version": "3.3.16",
      "scope": "optional",
      "author": "Andrey Sitnik <andrey@sitnik.ru>",
      "description": "A tiny (116 bytes), secure URL-friendly unique string ID generator",
      "purl": "pkg:npm/nanoid@3.3.16",
      "properties": [
        {
          "name": "cdx:npm:package:development",
          "value": "true"
        }
      ],
      "externalReferences": [
        {
          "type": "distribution",
          "url": "https://registry.npmjs.org/nanoid/-/nanoid-3.3.16.tgz"
        }
      ],
      "hashes": [
        {
          "alg": "SHA-512",
          "content": "6f394a4f2349efe2dd188230cbc8a316922a11022f69f6a157b798ca427c0af878d8474978e0e827a814257a5026f7a3d4175d1fc3aa4d764d13f29f6d602ef1"
        }
      ],
      "licenses": [
        {
          "license": {
            "id": "MIT"
          }
        }
      ]
    },
    {
      "bom-ref": "picocolors@1.1.1",
      "type": "library",
      "name": "picocolors",
      "version": "1.1.1",
      "scope": "optional",
      "author": "Alexey Raspopov",
      "description": "The tiniest and the fastest library for terminal output formatting with ANSI colors",
      "purl": "pkg:npm/picocolors@1.1.1",
      "properties": [
        {
          "name": "cdx:npm:package:development",
          "value": "true"
        }
      ],
      "externalReferences": [
        {
          "type": "distribution",
          "url": "https://registry.npmjs.org/picocolors/-/picocolors-1.1.1.tgz"
        }
      ],
      "hashes": [
        {
          "alg": "SHA-512",
          "content": "c5c787dac9e1b5be4cf658aa0ec984c39ea57b7efa993664117fe311bfd1c4d1727a036e97b78db250973fd1438ff2dcbb45fc284c8c71e3f69eda5a1eb0c454"
        }
      ],
      "licenses": [
        {
          "license": {
            "id": "ISC"
          }
        }
      ]
    },
    {
      "bom-ref": "picomatch@4.0.5",
      "type": "library",
      "name": "picomatch",
      "version": "4.0.5",
      "scope": "optional",
      "author": "Jon Schlinkert (https://github.com/jonschlinkert)",
      "description": "Blazing fast and accurate glob matcher written in JavaScript, with no dependencies and full support for standard and extended Bash glob features, including braces, extglobs, POSIX brackets, and regular expressions.",
      "purl": "pkg:npm/picomatch@4.0.5",
      "properties": [
        {
          "name": "cdx:npm:package:development",
          "value": "true"
        }
      ],
      "externalReferences": [
        {
          "type": "distribution",
          "url": "https://registry.npmjs.org/picomatch/-/picomatch-4.0.5.tgz"
        },
        {
          "type": "website",
          "url": "https://github.com/micromatch/picomatch"
        },
        {
          "type": "issue-tracker",
          "url": "https://github.com/micromatch/picomatch/issues"
        }
      ],
      "hashes": [
        {
          "alg": "SHA-512",
          "content": "46fc3072bb8d8c8d67713e7145a91ec92f4b7fc95c22dbf7e0a0fe6a27fe547f6476e0327d8062a46875db6ef8c6d7a720f675d7dfd1f4175305af200304a1d0"
        }
      ],
      "licenses": [
        {
          "license": {
            "id": "MIT"
          }
        }
      ]
    },
    {
      "bom-ref": "playwright@1.62.0",
      "type": "library",
      "name": "playwright",
      "version": "1.62.0",
      "scope": "optional",
      "author": "Microsoft Corporation",
      "description": "A high-level API to automate web browsers",
      "purl": "pkg:npm/playwright@1.62.0",
      "properties": [
        {
          "name": "cdx:npm:package:development",
          "value": "true"
        }
      ],
      "externalReferences": [
        {
          "type": "distribution",
          "url": "https://registry.npmjs.org/playwright/-/playwright-1.62.0.tgz"
        },
        {
          "type": "vcs",
          "url": "git+https://github.com/microsoft/playwright.git"
        },
        {
          "type": "website",
          "url": "https://playwright.dev"
        }
      ],
      "hashes": [
        {
          "alg": "SHA-512",
          "content": "675e1d1b7d3976068bbba7e80754d741a805896f097d250851a52e3da290e8db413ca1753ffa9772a7e1e9ce8afe270fa9dcb7ec99a36e20577fa24d83a4b297"
        }
      ],
      "licenses": [
        {
          "license": {
            "id": "Apache-2.0"
          }
        }
      ]
    },
    {
      "bom-ref": "playwright-core@1.62.0",
      "type": "library",
      "name": "playwright-core",
      "version": "1.62.0",
      "scope": "optional",
      "author": "Microsoft Corporation",
      "description": "A high-level API to automate web browsers",
      "purl": "pkg:npm/playwright-core@1.62.0",
      "properties": [
        {
          "name": "cdx:npm:package:development",
          "value": "true"
        }
      ],
      "externalReferences": [
        {
          "type": "distribution",
          "url": "https://registry.npmjs.org/playwright-core/-/playwright-core-1.62.0.tgz"
        },
        {
          "type": "vcs",
          "url": "git+https://github.com/microsoft/playwright.git"
        },
        {
          "type": "website",
          "url": "https://playwright.dev"
        }
      ],
      "hashes": [
        {
          "alg": "SHA-512",
          "content": "9ec351caad2bdb3b06f007111d692773d4110395c2b9e0bb81632bb3e1b1dad9599fd85c97ccee75f874d258493d8d4313b36667a6c3b13f60db27b2f265e58c"
        }
      ],
      "licenses": [
        {
          "license": {
            "id": "Apache-2.0"
          }
        }
      ]
    },
    {
      "bom-ref": "postcss@8.5.25",
      "type": "library",
      "name": "postcss",
      "version": "8.5.25",
      "scope": "optional",
      "author": "Andrey Sitnik <andrey@sitnik.es>",
      "description": "Tool for transforming styles with JS plugins",
      "purl": "pkg:npm/postcss@8.5.25",
      "properties": [
        {
          "name": "cdx:npm:package:development",
          "value": "true"
        }
      ],
      "externalReferences": [
        {
          "type": "distribution",
          "url": "https://registry.npmjs.org/postcss/-/postcss-8.5.25.tgz"
        },
        {
          "type": "website",
          "url": "https://postcss.org/"
        },
        {
          "type": "issue-tracker",
          "url": "https://github.com/postcss/postcss/issues"
        }
      ],
      "hashes": [
        {
          "alg": "SHA-512",
          "content": "0d33f1dd15924a75b2ccbc509e51f4ac93fe116e5e925d7a654e3fa6c6c8840d1ee779097dd81a379bca33ec4fef226d5d5bbe9df75516696014310a01ee0fcb"
        }
      ],
      "licenses": [
        {
          "license": {
            "id": "MIT"
          }
        }
      ]
    },
    {
      "bom-ref": "rolldown@1.1.5",
      "type": "library",
      "name": "rolldown",
      "version": "1.1.5",
      "scope": "optional",
      "description": "Fast JavaScript/TypeScript bundler in Rust with Rollup-compatible API.",
      "purl": "pkg:npm/rolldown@1.1.5",
      "properties": [
        {
          "name": "cdx:npm:package:development",
          "value": "true"
        }
      ],
      "externalReferences": [
        {
          "type": "distribution",
          "url": "https://registry.npmjs.org/rolldown/-/rolldown-1.1.5.tgz"
        },
        {
          "type": "vcs",
          "url": "git+https://github.com/rolldown/rolldown.git"
        },
        {
          "type": "website",
          "url": "https://rolldown.rs/"
        }
      ],
      "hashes": [
        {
          "alg": "SHA-512",
          "content": "b7dcf6f5c2635dffefc50f1dca1092a6de87e9a4b01d393c713e48de2cba48c5ee169939981e8f2fa5df0bc3c2c2b3d3c7ddee7702949bd1d1b5e0254c604b88"
        }
      ],
      "licenses": [
        {
          "license": {
            "id": "MIT"
          }
        }
      ]
    },
    {
      "bom-ref": "source-map-js@1.2.1",
      "type": "library",
      "name": "source-map-js",
      "version": "1.2.1",
      "scope": "optional",
      "author": "Valentin 7rulnik Semirulnik <v7rulnik@gmail.com>",
      "description": "Generates and consumes source maps",
      "purl": "pkg:npm/source-map-js@1.2.1",
      "properties": [
        {
          "name": "cdx:npm:package:development",
          "value": "true"
        }
      ],
      "externalReferences": [
        {
          "type": "distribution",
          "url": "https://registry.npmjs.org/source-map-js/-/source-map-js-1.2.1.tgz"
        },
        {
          "type": "website",
          "url": "https://github.com/7rulnik/source-map-js"
        }
      ],
      "hashes": [
        {
          "alg": "SHA-512",
          "content": "51758c2a12cec1529bef6f0852d40f5f17d853ebac7726ed52b2bff2e184f0240cbeb84ea70bf30c1c23d108522fb31073bbc8b084811bc550f3e203431a5f40"
        }
      ],
      "licenses": [
        {
          "license": {
            "id": "BSD-3-Clause"
          }
        }
      ]
    },
    {
      "bom-ref": "tinyglobby@0.2.17",
      "type": "library",
      "name": "tinyglobby",
      "version": "0.2.17",
      "scope": "optional",
      "author": "Superchupu",
      "description": "A fast and minimal alternative to globby and fast-glob",
      "purl": "pkg:npm/tinyglobby@0.2.17",
      "properties": [
        {
          "name": "cdx:npm:package:development",
          "value": "true"
        }
      ],
      "externalReferences": [
        {
          "type": "distribution",
          "url": "https://registry.npmjs.org/tinyglobby/-/tinyglobby-0.2.17.tgz"
        },
        {
          "type": "vcs",
          "url": "git+https://github.com/SuperchupuDev/tinyglobby.git"
        },
        {
          "type": "website",
          "url": "https://superchupu.dev/tinyglobby"
        },
        {
          "type": "issue-tracker",
          "url": "https://github.com/SuperchupuDev/tinyglobby/issues"
        }
      ],
      "hashes": [
        {
          "alg": "SHA-512",
          "content": "c1747f758a5ca8a99f5a911d66388a24ec023459dd0f40cc9eb5bf7188d51adb449017d581c2c51e836b963e3b9a339589cf72c8dbbae5a96c805e0d4324dada"
        }
      ],
      "licenses": [
        {
          "license": {
            "id": "MIT"
          }
        }
      ]
    },
    {
      "bom-ref": "tslib@2.8.1",
      "type": "library",
      "name": "tslib",
      "version": "2.8.1",
      "scope": "optional",
      "author": "Microsoft Corp.",
      "description": "Runtime library for TypeScript helper functions",
      "purl": "pkg:npm/tslib@2.8.1",
      "properties": [
        {
          "name": "cdx:npm:package:development",
          "value": "true"
        },
        {
          "name": "cdx:npm:package:extraneous",
          "value": "true"
        }
      ],
      "externalReferences": [
        {
          "type": "distribution",
          "url": "https://registry.npmjs.org/tslib/-/tslib-2.8.1.tgz"
        },
        {
          "type": "vcs",
          "url": "https://github.com/Microsoft/tslib.git"
        },
        {
          "type": "website",
          "url": "https://www.typescriptlang.org/"
        },
        {
          "type": "issue-tracker",
          "url": "https://github.com/Microsoft/TypeScript/issues"
        }
      ],
      "hashes": [
        {
          "alg": "SHA-512",
          "content": "a0916ef781d06fe29576e49440bef09e99aa9df98bb0e03f9c087a6fa107d30084a0ad3f98f79753a737c0a0d5f373243ae1cf447b525ca294f7d2016b34bfdb"
        }
      ],
      "licenses": [
        {
          "license": {
            "id": "0BSD"
          }
        }
      ]
    },
    {
      "bom-ref": "typescript@6.0.3",
      "type": "library",
      "name": "typescript",
      "version": "6.0.3",
      "scope": "optional",
      "author": "Microsoft Corp.",
      "description": "TypeScript is a language for application scale JavaScript development",
      "purl": "pkg:npm/typescript@6.0.3",
      "properties": [
        {
          "name": "cdx:npm:package:development",
          "value": "true"
        }
      ],
      "externalReferences": [
        {
          "type": "distribution",
          "url": "https://registry.npmjs.org/typescript/-/typescript-6.0.3.tgz"
        },
        {
          "type": "vcs",
          "url": "https://github.com/microsoft/TypeScript.git"
        },
        {
          "type": "website",
          "url": "https://www.typescriptlang.org/"
        },
        {
          "type": "issue-tracker",
          "url": "https://github.com/microsoft/TypeScript/issues"
        }
      ],
      "hashes": [
        {
          "alg": "SHA-512",
          "content": "cb64efbb14993c3c906a490544f6472859be28a56a222b1d83dfc26709bd7edbca5cb3fc3515a3dfcfce0e335baf8dd2b285ea36e022b047f519d0b1a9671d07"
        }
      ],
      "licenses": [
        {
          "license": {
            "id": "Apache-2.0"
          }
        }
      ]
    },
    {
      "bom-ref": "vite@8.1.5",
      "type": "library",
      "name": "vite",
      "version": "8.1.5",
      "scope": "optional",
      "author": "Evan You",
      "description": "Native-ESM powered web dev build tool",
      "purl": "pkg:npm/vite@8.1.5",
      "properties": [
        {
          "name": "cdx:npm:package:development",
          "value": "true"
        }
      ],
      "externalReferences": [
        {
          "type": "distribution",
          "url": "https://registry.npmjs.org/vite/-/vite-8.1.5.tgz"
        },
        {
          "type": "vcs",
          "url": "git+https://github.com/vitejs/vite.git"
        },
        {
          "type": "website",
          "url": "https://vite.dev"
        },
        {
          "type": "issue-tracker",
          "url": "https://github.com/vitejs/vite/issues"
        }
      ],
      "hashes": [
        {
          "alg": "SHA-512",
          "content": "ed42cbc2c09d631fe7472ae9884c2fa9be53147acc559c81b7eae0fce0174fbae08ffcfe0ed4c3c8a15e2c074392e6c3543283f233ac9dd9b2ee6e795dc7d4b3"
        }
      ],
      "licenses": [
        {
          "license": {
            "id": "MIT"
          }
        }
      ]
    },
    {
      "bom-ref": "@latticework/chat@0.0.0",
      "type": "library",
      "name": "chat",
      "version": "0.0.0",
      "scope": "required",
      "purl": "pkg:npm/%40latticework/chat@0.0.0",
      "properties": [
        {
          "name": "cdx:npm:package:private",
          "value": "true"
        }
      ],
      "externalReferences": []
    },
    {
      "bom-ref": "@latticework/contracts@0.0.0",
      "type": "library",
      "name": "contracts",
      "version": "0.0.0",
      "scope": "required",
      "purl": "pkg:npm/%40latticework/contracts@0.0.0",
      "properties": [
        {
          "name": "cdx:npm:package:private",
          "value": "true"
        }
      ],
      "externalReferences": []
    },
    {
      "bom-ref": "@latticework/kernel@0.0.0",
      "type": "library",
      "name": "kernel",
      "version": "0.0.0",
      "scope": "required",
      "purl": "pkg:npm/%40latticework/kernel@0.0.0",
      "properties": [
        {
          "name": "cdx:npm:package:private",
          "value": "true"
        }
      ],
      "externalReferences": []
    },
    {
      "bom-ref": "@latticework/providers@0.0.0",
      "type": "library",
      "name": "providers",
      "version": "0.0.0",
      "scope": "required",
      "purl": "pkg:npm/%40latticework/providers@0.0.0",
      "properties": [
        {
          "name": "cdx:npm:package:private",
          "value": "true"
        }
      ],
      "externalReferences": []
    },
    {
      "bom-ref": "@latticework/storage@0.0.0",
      "type": "library",
      "name": "storage",
      "version": "0.0.0",
      "scope": "required",
      "purl": "pkg:npm/%40latticework/storage@0.0.0",
      "properties": [
        {
          "name": "cdx:npm:package:private",
          "value": "true"
        }
      ],
      "externalReferences": []
    },
    {
      "bom-ref": "@latticework/phase2-browser@0.0.0",
      "type": "library",
      "name": "phase2",
      "version": "0.0.0",
      "scope": "required",
      "purl": "pkg:npm/%40latticework/phase2-browser@0.0.0",
      "properties": [
        {
          "name": "cdx:npm:package:private",
          "value": "true"
        }
      ],
      "externalReferences": []
    },
    {
      "bom-ref": "@latticework/phase3-browser@0.0.0",
      "type": "library",
      "name": "phase3",
      "version": "0.0.0",
      "scope": "required",
      "purl": "pkg:npm/%40latticework/phase3-browser@0.0.0",
      "properties": [
        {
          "name": "cdx:npm:package:private",
          "value": "true"
        }
      ],
      "externalReferences": []
    },
    {
      "bom-ref": "@latticework/phase4-browser@0.0.0",
      "type": "library",
      "name": "phase4",
      "version": "0.0.0",
      "scope": "required",
      "purl": "pkg:npm/%40latticework/phase4-browser@0.0.0",
      "properties": [
        {
          "name": "cdx:npm:package:private",
          "value": "true"
        }
      ],
      "externalReferences": []
    }
  ],
  "dependencies": [
    {
      "ref": "latticework@0.0.0",
      "dependsOn": [
        "@latticework/web@0.0.0",
        "@latticework/chat@0.0.0",
        "@latticework/contracts@0.0.0",
        "@latticework/kernel@0.0.0",
        "@latticework/providers@0.0.0",
        "@latticework/storage@0.0.0",
        "@latticework/phase2-browser@0.0.0",
        "@latticework/phase3-browser@0.0.0",
        "@latticework/phase4-browser@0.0.0",
        "typescript@6.0.3",
        "vite@8.1.5"
      ]
    },
    {
      "ref": "@latticework/web@0.0.0",
      "dependsOn": [
        "@latticework/chat@0.0.0",
        "@latticework/contracts@0.0.0",
        "@latticework/kernel@0.0.0",
        "@latticework/providers@0.0.0",
        "@latticework/storage@0.0.0",
        "lit@3.3.3"
      ]
    },
    {
      "ref": "@emnapi/wasi-threads@1.2.3",
      "dependsOn": [
        "tslib@2.8.1"
      ]
    },
    {
      "ref": "@lit-labs/ssr-dom-shim@1.6.0",
      "dependsOn": []
    },
    {
      "ref": "@lit/reactive-element@2.1.2",
      "dependsOn": [
        "@lit-labs/ssr-dom-shim@1.6.0"
      ]
    },
    {
      "ref": "@oxc-project/types@0.139.0",
      "dependsOn": []
    },
    {
      "ref": "@playwright/test@1.62.0",
      "dependsOn": [
        "playwright@1.62.0"
      ]
    },
    {
      "ref": "@rolldown/binding-win32-x64-msvc@1.1.5",
      "dependsOn": []
    },
    {
      "ref": "@rolldown/pluginutils@1.0.1",
      "dependsOn": []
    },
    {
      "ref": "@types/trusted-types@2.0.7",
      "dependsOn": []
    },
    {
      "ref": "detect-libc@2.1.2",
      "dependsOn": []
    },
    {
      "ref": "fdir@6.5.0",
      "dependsOn": [
        "picomatch@4.0.5"
      ]
    },
    {
      "ref": "lightningcss@1.33.0",
      "dependsOn": [
        "detect-libc@2.1.2",
        "lightningcss-win32-x64-msvc@1.33.0"
      ]
    },
    {
      "ref": "lightningcss-win32-x64-msvc@1.33.0",
      "dependsOn": []
    },
    {
      "ref": "lit@3.3.3",
      "dependsOn": [
        "@lit/reactive-element@2.1.2",
        "lit-element@4.2.2",
        "lit-html@3.3.3"
      ]
    },
    {
      "ref": "lit-element@4.2.2",
      "dependsOn": [
        "@lit-labs/ssr-dom-shim@1.6.0",
        "@lit/reactive-element@2.1.2",
        "lit-html@3.3.3"
      ]
    },
    {
      "ref": "lit-html@3.3.3",
      "dependsOn": [
        "@types/trusted-types@2.0.7"
      ]
    },
    {
      "ref": "nanoid@3.3.16",
      "dependsOn": []
    },
    {
      "ref": "picocolors@1.1.1",
      "dependsOn": []
    },
    {
      "ref": "picomatch@4.0.5",
      "dependsOn": []
    },
    {
      "ref": "playwright@1.62.0",
      "dependsOn": [
        "playwright-core@1.62.0"
      ]
    },
    {
      "ref": "playwright-core@1.62.0",
      "dependsOn": []
    },
    {
      "ref": "postcss@8.5.25",
      "dependsOn": [
        "nanoid@3.3.16",
        "picocolors@1.1.1",
        "source-map-js@1.2.1"
      ]
    },
    {
      "ref": "rolldown@1.1.5",
      "dependsOn": [
        "@oxc-project/types@0.139.0",
        "@rolldown/pluginutils@1.0.1",
        "@rolldown/binding-win32-x64-msvc@1.1.5"
      ]
    },
    {
      "ref": "source-map-js@1.2.1",
      "dependsOn": []
    },
    {
      "ref": "tinyglobby@0.2.17",
      "dependsOn": [
        "fdir@6.5.0",
        "picomatch@4.0.5"
      ]
    },
    {
      "ref": "tslib@2.8.1",
      "dependsOn": []
    },
    {
      "ref": "typescript@6.0.3",
      "dependsOn": []
    },
    {
      "ref": "vite@8.1.5",
      "dependsOn": [
        "lightningcss@1.33.0",
        "picomatch@4.0.5",
        "postcss@8.5.25",
        "rolldown@1.1.5",
        "tinyglobby@0.2.17"
      ]
    },
    {
      "ref": "@latticework/chat@0.0.0",
      "dependsOn": [
        "@latticework/contracts@0.0.0"
      ]
    },
    {
      "ref": "@latticework/contracts@0.0.0",
      "dependsOn": []
    },
    {
      "ref": "@latticework/kernel@0.0.0",
      "dependsOn": [
        "@latticework/contracts@0.0.0"
      ]
    },
    {
      "ref": "@latticework/providers@0.0.0",
      "dependsOn": [
        "@latticework/contracts@0.0.0"
      ]
    },
    {
      "ref": "@latticework/storage@0.0.0",
      "dependsOn": [
        "@latticework/contracts@0.0.0"
      ]
    },
    {
      "ref": "@latticework/phase2-browser@0.0.0",
      "dependsOn": [
        "@playwright/test@1.62.0"
      ]
    },
    {
      "ref": "@latticework/phase3-browser@0.0.0",
      "dependsOn": [
        "@latticework/contracts@0.0.0",
        "@latticework/storage@0.0.0",
        "@playwright/test@1.62.0",
        "vite@8.1.5"
      ]
    },
    {
      "ref": "@latticework/phase4-browser@0.0.0",
      "dependsOn": [
        "@playwright/test@1.62.0",
        "typescript@6.0.3"
      ]
    }
  ]
}
