
> latticework@0.0.0 p4:test
> npm run test --workspace @latticework/chat && npm run test:fixture --workspace @latticework/phase4-browser && node --test tests/reengineering/phase4-amendment.test.mjs tests/reengineering/phase4-implementation-scope.test.mjs


> @latticework/chat@0.0.0 test
> node --test src/*.test.mjs

✔ persists the synthetic user before dispatch and commits assistant content only after completed (1.84ms)
✔ failed turns retain user and content-free terminal metadata with a sanitized error (1.1119ms)
✔ cancel before dispatch persists the user and one cancellation terminal without calling the adapter seam (3.7846ms)
✔ cancel after a delta aborts one controller, emits one terminal, and ignores late or duplicate provider events (28.1911ms)
✔ hydrates persisted candidate state without dispatching another provider operation (0.3985ms)
✔ a hydrated conversation retains prior candidate messages when the next turn is persisted (0.3589ms)
✔ hydrate cannot publish a stale read over an overlapping send (13.9508ms)
✔ sequential sends append both completed turns instead of overwriting the conversation (0.469ms)
✔ repository read failure settles as an unsaved failure without provider dispatch (0.8541ms)
✔ initial user write failure settles as an unsaved failure without provider dispatch (0.3182ms)
✔ terminal write failure settles as an unsaved failure after one provider dispatch (0.2787ms)
✔ overlapping sends to one conversation retain every user and assistant message (14.1481ms)
✔ creates one distinct AbortController signal per operation and never retries or falls back (0.4488ms)
ℹ tests 13
ℹ suites 0
ℹ pass 13
ℹ fail 0
ℹ cancelled 0
ℹ skipped 0
ℹ todo 0
ℹ duration_ms 160.3323

> @latticework/phase4-browser@0.0.0 test:fixture
> node --test support/synthetic-stream-fixture.test.mjs

✔ synthetic stream fixture is exact-loopback, synthetic-only, and explicitly releases its port (13.0605ms)
ℹ tests 1
ℹ suites 0
ℹ pass 1
ℹ fail 0
ℹ cancelled 0
ℹ skipped 0
ℹ todo 0
ℹ duration_ms 82.9553
✔ accepts the locked no-runtime amendment and packet (1.6785ms)
✔ rejects removal of accepted implementation authority (2.3555ms)
✔ rejects real provider traffic authority (1.5147ms)
✔ rejects deployment authority (2.0071ms)
✔ rejects a wildcard listener (1.4723ms)
✔ rejects a fixed listener port (1.6161ms)
✔ rejects an application listener (2.1866ms)
✔ rejects a non-fixture amendment listener (3.0305ms)
✔ rejects a non-synthetic packet listener (1.3276ms)
✔ rejects divergence drift (1.8237ms)
✔ rejects a default candidate entrypoint (1.3866ms)
✔ rejects owned path drift (1.405ms)
✔ rejects protected path drift (1.2847ms)
✔ canonical accepted packet and active implementation range are valid (849.2044ms)
✔ Phase 3 boundary stays pinned to its accepted terminal on later descendants (113.6567ms)
✔ protected paths are rejected even if broad ownership could match (0.129ms)
✔ rejects one unowned path (0.6163ms)
✔ rejects one protected path independently (0.4817ms)
✔ rejects packet drift: implementation-authority (2.1915ms)
✔ rejects packet drift: application-listener (1.1521ms)
✔ rejects packet drift: test-listener (0.9817ms)
✔ rejects packet drift: wildcard-bind (1.263ms)
✔ rejects packet drift: fixed-port (1.0326ms)
✔ rejects packet drift: listener-egress (1.5267ms)
✔ rejects packet drift: browser-harness-port (1.0569ms)
✔ rejects packet drift: real-provider (0.8994ms)
✔ rejects packet drift: real-data (1.0275ms)
✔ rejects packet drift: real-credentials (1.3354ms)
✔ rejects packet drift: activation (0.893ms)
✔ rejects packet drift: deployment (0.7516ms)
✔ rejects packet drift: cutover (1.0453ms)
✔ rejects omitted narrow existing-file ownership (1.3786ms)
✔ rejects protected-array drift (1.1981ms)
✔ rejects candidate source primitive: fetch (1.2212ms)
✔ rejects candidate source primitive: websocket (1.0464ms)
✔ rejects candidate source primitive: ambient-env (1.3334ms)
✔ rejects candidate source primitive: migration (1.4888ms)
✔ rejects candidate source primitive: deep-import (1.2063ms)
✔ rejects candidate source primitive: application-listen (1.3235ms)
✔ accepts only the exact synthetic loopback port-zero listener shape (1.2521ms)
✔ rejects a test listener without an explicit close lifecycle (1.2599ms)
✔ rejects unsafe test-listener source (1.516ms)
✔ CLI rejects base or scope overrides (149.2154ms)
✔ Playwright configuration honors the verifier-selected loopback port (319.2081ms)
✔ Playwright harness creates and removes its contained profile root (0.4189ms)
✔ Playwright configuration rejects an invalid verifier port (331.7486ms)
✔ Phase 4 verification runner pins the complete bounded evidence gate (0.4589ms)
ℹ tests 47
ℹ suites 0
ℹ pass 47
ℹ fail 0
ℹ cancelled 0
ℹ skipped 0
ℹ todo 0
ℹ duration_ms 1878.5922
