{
  "schema": "latticework.phase3-boundary-verification.v1",
  "valid": true,
  "implementationBase": "93a36626f786a880210c53b8486c961e8b86e9ea",
  "changedPaths": [
    "PROJECT_STATE.md",
    "ROADMAP.md",
    "docs/ARCHITECTURE.md",
    "docs/COMPATIBILITY.md",
    "docs/DATA_AND_STORAGE.md",
    "docs/KNOWN_LIMITATIONS.md",
    "docs/TESTING_AND_VERIFICATION.md",
    "docs/agents/claims/LW-P3-001.md",
    "docs/decisions/0004-versioned-storage-and-migration.md",
    "docs/decisions/0005-provider-abstraction-and-provenance.md",
    "docs/decisions/0006-optional-local-proxy-security.md",
    "docs/decisions/README.md",
    "package-lock.json",
    "package.json",
    "packages/contracts/src/index.ts",
    "packages/contracts/src/provider.ts",
    "packages/contracts/src/storage.ts",
    "packages/providers/package.json",
    "packages/providers/src/index.ts",
    "packages/providers/src/provider.test.mjs",
    "packages/providers/src/provider.ts",
    "packages/providers/tsconfig.json",
    "packages/storage/package.json",
    "packages/storage/src/clone.ts",
    "packages/storage/src/descriptor.ts",
    "packages/storage/src/index.ts",
    "packages/storage/src/indexeddb.ts",
    "packages/storage/src/journal-validation.ts",
    "packages/storage/src/migration.ts",
    "packages/storage/src/native-value.ts",
    "packages/storage/src/repository.ts",
    "packages/storage/src/source-verification.ts",
    "packages/storage/src/source.ts",
    "packages/storage/src/storage.test.mjs",
    "packages/storage/src/transfer.ts",
    "packages/storage/src/validation.ts",
    "packages/storage/tsconfig.json",
    "reengineering/BLOCKERBOARD.md",
    "reengineering/DECISION_LOG.md",
    "reengineering/EXECUTION_CHECKLIST.md",
    "reengineering/MIGRATION_LEDGER.md",
    "reengineering/PHASE3_DECISION_PACKET.json",
    "reengineering/PHASE3_DECISION_PACKET.md",
    "reengineering/PHASE3_PREFLIGHT.json",
    "reengineering/PHASE3_PREFLIGHT.md",
    "reengineering/checkpoints/LATEST.json",
    "reengineering/checkpoints/LATEST.md",
    "runtime/checkpoints/LATEST.json",
    "runtime/checkpoints/LATEST.md",
    "tests/phase3/harness.ts",
    "tests/phase3/index.html",
    "tests/phase3/package.json",
    "tests/phase3/playwright.config.ts",
    "tests/phase3/storage.spec.ts",
    "tests/phase3/tsconfig.json",
    "tests/phase3/vite.config.ts",
    "tests/reengineering/phase3-decision-packet.test.mjs",
    "tests/reengineering/phase3-evidence-validation.test.mjs",
    "tests/reengineering/phase3-preflight.test.mjs",
    "tests/reengineering/phase3-provider-boundary.test.mjs",
    "tests/reengineering/phase3-storage-boundary.test.mjs",
    "tools/reengineering/run-phase3-verification.ps1",
    "tools/reengineering/validate-phase3-decision-packet.mjs",
    "tools/reengineering/validate-phase3-evidence.mjs",
    "tools/reengineering/validate-phase3-preflight.mjs",
    "tools/reengineering/verify-phase3-boundary.mjs",
    "reengineering/evidence/phase-3/LW-P3-001/commands/environment/manifest.json",
    "reengineering/evidence/phase-3/LW-P3-001/commands/environment/stderr.log",
    "reengineering/evidence/phase-3/LW-P3-001/commands/environment/stdout.log",
    "reengineering/evidence/phase-3/LW-P3-001/commands/install/manifest.json",
    "reengineering/evidence/phase-3/LW-P3-001/commands/install/stderr.log",
    "reengineering/evidence/phase-3/LW-P3-001/commands/install/stdout.log",
    "reengineering/evidence/phase-3/LW-P3-001/commands/lockfile-replay/manifest.json",
    "reengineering/evidence/phase-3/LW-P3-001/commands/lockfile-replay/stderr.log",
    "reengineering/evidence/phase-3/LW-P3-001/commands/lockfile-replay/stdout.log",
    "reengineering/evidence/phase-3/LW-P3-001/commands/node-unit/manifest.json",
    "reengineering/evidence/phase-3/LW-P3-001/commands/node-unit/stderr.log",
    "reengineering/evidence/phase-3/LW-P3-001/commands/node-unit/stdout.log",
    "reengineering/evidence/phase-3/LW-P3-001/commands/provider-no-egress/manifest.json",
    "reengineering/evidence/phase-3/LW-P3-001/commands/provider-no-egress/stderr.log",
    "reengineering/evidence/phase-3/LW-P3-001/commands/provider-no-egress/stdout.log",
    "reengineering/evidence/phase-3/LW-P3-001/commands/strict-typecheck/manifest.json",
    "reengineering/evidence/phase-3/LW-P3-001/commands/strict-typecheck/stderr.log",
    "reengineering/evidence/phase-3/LW-P3-001/commands/strict-typecheck/stdout.log"
  ],
  "checks": {
    "realUserData": "not-accessed",
    "providerNetwork": "source-denied",
    "listener": "source-denied",
    "legacyMutation": "path-denied",
    "candidateActivation": "not-authorized",
    "cutover": "not-authorized"
  },
  "failures": []
}
