TAP version 13
# Subtest: preservation registry accounts for every bounded source inventory row
ok 1 - preservation registry accounts for every bounded source inventory row
  ---
  duration_ms: 2.7558
  type: 'test'
  ...
# Subtest: rejects a boundary map without every required source inventory
ok 2 - rejects a boundary map without every required source inventory
  ---
  duration_ms: 0.7465
  type: 'test'
  ...
# Subtest: data registry preserves every unique static and runtime storage identifier
ok 3 - data registry preserves every unique static and runtime storage identifier
  ---
  duration_ms: 24.1702
  type: 'test'
  ...
# Subtest: propagates the supplied baseline SHA and rejects malformed runtime names
ok 4 - propagates the supplied baseline SHA and rejects malformed runtime names
  ---
  duration_ms: 2.1552
  type: 'test'
  ...
# Subtest: runtime database rows retain versions and qualified store ownership
ok 5 - runtime database rows retain versions and qualified store ownership
  ---
  duration_ms: 9.7272
  type: 'test'
  ...
# Subtest: text and line helpers use the documented counting rule
ok 6 - text and line helpers use the documented counting rule
  ---
  duration_ms: 4.7672
  type: 'test'
  ...
# Subtest: first-party source classification excludes tests, vendor, and generated buckets
ok 7 - first-party source classification excludes tests, vendor, and generated buckets
  ---
  duration_ms: 0.3627
  type: 'test'
  ...
# Subtest: baseline archive reuse is SHA-safe
ok 8 - baseline archive reuse is SHA-safe
  ---
  duration_ms: 2005.0458
  type: 'test'
  ...
# Subtest: command receipt records exact command output, status, and hashes
ok 9 - command receipt records exact command output, status, and hashes
  ---
  duration_ms: 223.6844
  type: 'test'
  ...
# Subtest: command receipt preserves a nonzero command result for an explicit gate
ok 10 - command receipt preserves a nonzero command result for an explicit gate
  ---
  duration_ms: 242.4642
  type: 'test'
  ...
# Subtest: command receipts record a bounded command timeout
ok 11 - command receipts record a bounded command timeout
  ---
  duration_ms: 253.1124
  type: 'test'
  ...
# Subtest: artifact bundle manifest hashes repository and external evidence
ok 12 - artifact bundle manifest hashes repository and external evidence
  ---
  duration_ms: 3.8646
  type: 'test'
  ...
# Subtest: artifact manifest rejects symbolic-link traversal
ok 13 - artifact manifest rejects symbolic-link traversal
  ---
  duration_ms: 1.8953
  type: 'test'
  ...
# Subtest: validates the repository control plane deterministically
ok 14 - validates the repository control plane deterministically
  ---
  duration_ms: 97.7228
  type: 'test'
  ...
# Subtest: CLI emits JSON and fails for a missing in-repository evidence artifact
ok 15 - CLI emits JSON and fails for a missing in-repository evidence artifact
  ---
  duration_ms: 181.2754
  type: 'test'
  ...
# Subtest: accepts a complete fixture without writing to it
ok 16 - accepts a complete fixture without writing to it
  ---
  duration_ms: 102.9776
  type: 'test'
  ...
# Subtest: fails when a declared evidence hash no longer matches
ok 17 - fails when a declared evidence hash no longer matches
  ---
  duration_ms: 69.2877
  type: 'test'
  ...
# Subtest: rejects control JSON that is valid JSON but not an object
ok 18 - rejects control JSON that is valid JSON but not an object
  ---
  duration_ms: 44.2307
  type: 'test'
  ...
# Subtest: fails when a living control document retains an unresolved placeholder
ok 19 - fails when a living control document retains an unresolved placeholder
  ---
  duration_ms: 39.1562
  type: 'test'
  ...
# Subtest: Phase 1 validator extracts owned, typed, semantic attachments
ok 20 - Phase 1 validator extracts owned, typed, semantic attachments
  ---
  duration_ms: 47.1247
  type: 'test'
  ...
# Subtest: Phase 1 validator rejects attachment traversal without writing it
ok 21 - Phase 1 validator rejects attachment traversal without writing it
  ---
  duration_ms: 9.5217
  type: 'test'
  ...
# Subtest: Phase 1 validator rejects non-canonical base64 attachment bodies
ok 22 - Phase 1 validator rejects non-canonical base64 attachment bodies
  ---
  duration_ms: 10.5193
  type: 'test'
  ...
# Subtest: Phase 1 validator rejects an attachment owned by the wrong spec
ok 23 - Phase 1 validator rejects an attachment owned by the wrong spec
  ---
  duration_ms: 15.2207
  type: 'test'
  ...
# Subtest: Phase 1 validator rejects fake PNG and false mobile semantics
ok 24 - Phase 1 validator rejects fake PNG and false mobile semantics
  ---
  duration_ms: 12.4611
  type: 'test'
  ...
# Subtest: Phase 1 validator rejects wrong baseline metadata
ok 25 - Phase 1 validator rejects wrong baseline metadata
  ---
  duration_ms: 10.8668
  type: 'test'
  ...
# Subtest: Phase 1 validator rejects missing WebSocket/realtime proof
ok 26 - Phase 1 validator rejects missing WebSocket/realtime proof
  ---
  duration_ms: 45.9579
  type: 'test'
  ...
# Subtest: Phase 1 validator rejects sentinel leakage in receipted text
ok 27 - Phase 1 validator rejects sentinel leakage in receipted text
  ---
  duration_ms: 18.7139
  type: 'test'
  ...
# Subtest: Phase 2 direct dependency set is exact and workspace-scoped
ok 28 - Phase 2 direct dependency set is exact and workspace-scoped
  ---
  duration_ms: 615.5222
  type: 'test'
  ...
# Subtest: candidate and kernel source contain no privileged or durable runtime APIs
ok 29 - candidate and kernel source contain no privileged or durable runtime APIs
  ---
  duration_ms: 3.6272
  type: 'test'
  ...
# Subtest: candidate build target stays outside deployment mirrors
ok 30 - candidate build target stays outside deployment mirrors
  ---
  duration_ms: 0.5207
  type: 'test'
  ...
# Subtest: protected legacy committed blobs byte-match the immutable baseline
ok 31 - protected legacy committed blobs byte-match the immutable baseline
  ---
  duration_ms: 1073.118
  type: 'test'
  ...
# Subtest: accepts two complete byte-identical candidate builds
ok 32 - accepts two complete byte-identical candidate builds
  ---
  duration_ms: 15.7129
  type: 'test'
  ...
# Subtest: rejects a build whose bytes differ at the same declared path
ok 33 - rejects a build whose bytes differ at the same declared path
  ---
  duration_ms: 8.5869
  type: 'test'
  ...
# Subtest: rejects missing required Vite build artifacts
ok 34 - rejects missing required Vite build artifacts
  ---
  duration_ms: 9.2866
  type: 'test'
  ...
# Subtest: refuses build and summary paths outside the repository
ok 35 - refuses build and summary paths outside the repository
  ---
  duration_ms: 3.509
  type: 'test'
  ...
# Subtest: preview script delegates its port to the guarded Vite configuration
ok 36 - preview script delegates its port to the guarded Vite configuration
  ---
  duration_ms: 0.6799
  type: 'test'
  ...
# Subtest: candidate output rejects a repository-local reparse point
ok 37 - candidate output rejects a repository-local reparse point
  ---
  duration_ms: 5.2617
  type: 'test'
  ...
# Subtest: Playwright output rejects a repository-local reparse point
ok 38 - Playwright output rejects a repository-local reparse point
  ---
  duration_ms: 3.4536
  type: 'test'
  ...
# Subtest: Playwright resolves its preview port through the Vite configuration
ok 39 - Playwright resolves its preview port through the Vite configuration
  ---
  duration_ms: 0.3909
  type: 'test'
  ...
# Subtest: Vite preview port resolver accepts configured values and defaults empty values
ok 40 - Vite preview port resolver accepts configured values and defaults empty values
  ---
  duration_ms: 2.3983
  type: 'test'
  ...
# Subtest: verification runner replays the lockfile and validates the final bundle
ok 41 - verification runner replays the lockfile and validates the final bundle
  ---
  duration_ms: 0.6352
  type: 'test'
  ...
# Subtest: accepts a complete, repository-descendant Phase 2 fixture bundle
ok 42 - accepts a complete, repository-descendant Phase 2 fixture bundle
  ---
  duration_ms: 58.3695
  type: 'test'
  ...
# Subtest: rejects manifest traversal and tampered artifact hashes
ok 43 - rejects manifest traversal and tampered artifact hashes
  ---
  duration_ms: 164.8886
  type: 'test'
  ...
# Subtest: rejects gate failures, wrong receipts, missing visual evidence, and secret sentinels
ok 44 - rejects gate failures, wrong receipts, missing visual evidence, and secret sentinels
  ---
  duration_ms: 109.6748
  type: 'test'
  ...
# Subtest: rejects malformed audit receipts and scans NUL-containing text while excluding PNG artifacts
ok 45 - rejects malformed audit receipts and scans NUL-containing text while excluding PNG artifacts
  ---
  duration_ms: 62.1237
  type: 'test'
  ...
# Subtest: refuses evidence and output paths outside the repository
ok 46 - refuses evidence and output paths outside the repository
  ---
  duration_ms: 27.0656
  type: 'test'
  ...
# Subtest: fails closed when browser evidence is behind a symbolic link
ok 47 - fails closed when browser evidence is behind a symbolic link
  ---
  duration_ms: 63.7084
  type: 'test'
  ...
# Subtest: captures integrity, license, and ignored lifecycle scripts from a lock fixture
ok 48 - captures integrity, license, and ignored lifecycle scripts from a lock fixture
  ---
  duration_ms: 6.6825
  type: 'test'
  ...
# Subtest: records a platform-skipped optional package from lock metadata without failing
ok 49 - records a platform-skipped optional package from lock metadata without failing
  ---
  duration_ms: 2.9889
  type: 'test'
  ...
# Subtest: permits skipped optional metadata without installed license or integrity
ok 50 - permits skipped optional metadata without installed license or integrity
  ---
  duration_ms: 3.2828
  type: 'test'
  ...
# Subtest: discovers nested node_modules packages using their innermost package name
ok 51 - discovers nested node_modules packages using their innermost package name
  ---
  duration_ms: 7.0615
  type: 'test'
  ...
# Subtest: reports missing external license and integrity metadata
ok 52 - reports missing external license and integrity metadata
  ---
  duration_ms: 6.4547
  type: 'test'
  ...
# Subtest: canonical Phase 3 decision packet records bounded maintainer acceptance
ok 53 - canonical Phase 3 decision packet records bounded maintainer acceptance
  ---
  duration_ms: 522.7026
  type: 'test'
  ...
# Subtest: validator rejects accepted status without implementation authority
ok 54 - validator rejects accepted status without implementation authority
  ---
  duration_ms: 11.5409
  type: 'test'
  ...
# Subtest: validator rejects a weakened preservation registry
ok 55 - validator rejects a weakened preservation registry
  ---
  duration_ms: 11.7381
  type: 'test'
  ...
# Subtest: validator permits additive registry expansion while retaining the pinned floor
ok 56 - validator permits additive registry expansion while retaining the pinned floor
  ---
  duration_ms: 13.496
  type: 'test'
  ...
# Subtest: validator rejects premature blocker closure
ok 57 - validator rejects premature blocker closure
  ---
  duration_ms: 10.5514
  type: 'test'
  ...
# Subtest: validator rejects an Accepted ADR without the exact decision receipt
ok 58 - validator rejects an Accepted ADR without the exact decision receipt
  ---
  duration_ms: 9.2104
  type: 'test'
  ...
# Subtest: validator rejects removal of a required decision invariant
ok 59 - validator rejects removal of a required decision invariant
  ---
  duration_ms: 13.3892
  type: 'test'
  ...
# Subtest: validator rejects unstable versioned dataset ID
ok 60 - validator rejects unstable versioned dataset ID
  ---
  duration_ms: 11.0811
  type: 'test'
  ...
# Subtest: validator rejects credential-bearing export policy
ok 61 - validator rejects credential-bearing export policy
  ---
  duration_ms: 9.9426
  type: 'test'
  ...
# Subtest: validator rejects journal deletion during rollback
ok 62 - validator rejects journal deletion during rollback
  ---
  duration_ms: 10.3745
  type: 'test'
  ...
# Subtest: validator rejects unstaged import promotion
ok 63 - validator rejects unstaged import promotion
  ---
  duration_ms: 8.9376
  type: 'test'
  ...
# Subtest: validator rejects exported real-data digests
ok 64 - validator rejects exported real-data digests
  ---
  duration_ms: 12.3873
  type: 'test'
  ...
# Subtest: validator rejects real provider traffic
ok 65 - validator rejects real provider traffic
  ---
  duration_ms: 7.7297
  type: 'test'
  ...
# Subtest: validator rejects implicit retry
ok 66 - validator rejects implicit retry
  ---
  duration_ms: 10.6501
  type: 'test'
  ...
# Subtest: validator rejects credential resolution before an exact egress grant
ok 67 - validator rejects credential resolution before an exact egress grant
  ---
  duration_ms: 7.6375
  type: 'test'
  ...
# Subtest: validator rejects Phase 3 proxy listener
ok 68 - validator rejects Phase 3 proxy listener
  ---
  duration_ms: 8.2457
  type: 'test'
  ...
# Subtest: validator rejects ambient pairing bootstrap
ok 69 - validator rejects ambient pairing bootstrap
  ---
  duration_ms: 7.4344
  type: 'test'
  ...
# Subtest: validator rejects removed real-data prohibition
ok 70 - validator rejects removed real-data prohibition
  ---
  duration_ms: 10.2229
  type: 'test'
  ...
# Subtest: validator rejects a weakened blocker condition
ok 71 - validator rejects a weakened blocker condition
  ---
  duration_ms: 9.2262
  type: 'test'
  ...
# Subtest: validator rejects a semantically weakened invariant statement
ok 72 - validator rejects a semantically weakened invariant statement
  ---
  duration_ms: 11.011
  type: 'test'
  ...
# Subtest: validator rejects removal of an ADR safety clause
ok 73 - validator rejects removal of an ADR safety clause
  ---
  duration_ms: 9.0004
  type: 'test'
  ...
# Subtest: validator rejects Markdown that drifts from the structured packet
ok 74 - validator rejects Markdown that drifts from the structured packet
  ---
  duration_ms: 10.0614
  type: 'test'
  ...
# Subtest: canonical CLI cannot disable or rebase Git scope validation
ok 75 - canonical CLI cannot disable or rebase Git scope validation
  ---
  duration_ms: 133.6653
  type: 'test'
  ...
# Subtest: decision packet closed historical scope still rejects an over-broad earlier range
ok 76 - decision packet closed historical scope still rejects an over-broad earlier range
  ---
  duration_ms: 352.7908
  type: 'test'
  ...
# Subtest: decision packet closed historical scope rejects a non-ancestor terminal
ok 77 - decision packet closed historical scope rejects a non-ancestor terminal
  ---
  duration_ms: 69.6023
  type: 'test'
  ...
# Subtest: accepted validator permits only the exact bounded Phase 3 implementation surface
ok 78 - accepted validator permits only the exact bounded Phase 3 implementation surface
  ---
  duration_ms: 0.5766
  type: 'test'
  ...
# Subtest: accepts a complete hash-bound Phase 3 evidence fixture
ok 79 - accepts a complete hash-bound Phase 3 evidence fixture
  ---
  duration_ms: 155.6085
  type: 'test'
  ...
# Subtest: rejects a failed command receipt
ok 80 - rejects a failed command receipt
  ---
  duration_ms: 119.3169
  type: 'test'
  ...
# Subtest: rejects tampered artifact bytes
ok 81 - rejects tampered artifact bytes
  ---
  duration_ms: 71.9859
  type: 'test'
  ...
# Subtest: rejects missing or non-independent final review
ok 82 - rejects missing or non-independent final review
  ---
  duration_ms: 96.3217
  type: 'test'
  ...
# Subtest: rejects secret-like content in receipted text
ok 83 - rejects secret-like content in receipted text
  ---
  duration_ms: 90.7526
  type: 'test'
  ...
# Subtest: rejects files omitted from the artifact manifest
ok 84 - rejects files omitted from the artifact manifest
  ---
  duration_ms: 69.6277
  type: 'test'
  ...
# Subtest: rejects a prose-only GREEN review without clean-worktree receipts
ok 85 - rejects a prose-only GREEN review without clean-worktree receipts
  ---
  duration_ms: 58.1822
  type: 'test'
  ...
# Subtest: rejects dirty or wrong-identity independent worktree receipts
ok 86 - rejects dirty or wrong-identity independent worktree receipts
  ---
  duration_ms: 54.6284
  type: 'test'
  ...
# Subtest: rejects a lockfile replay receipt outside the independent worktree
ok 87 - rejects a lockfile replay receipt outside the independent worktree
  ---
  duration_ms: 64.5084
  type: 'test'
  ...
# Subtest: verification runner produces and validates structured independent worktree evidence
ok 88 - verification runner produces and validates structured independent worktree evidence
  ---
  duration_ms: 0.6717
  type: 'test'
  ...
# Subtest: canonical Phase 3 preflight freezes the accepted bounded implementation slice
ok 89 - canonical Phase 3 preflight freezes the accepted bounded implementation slice
  ---
  duration_ms: 558.0067
  type: 'test'
  ...
# Subtest: preflight rejects implementation authority without the accepted disposition
ok 90 - preflight rejects implementation authority without the accepted disposition
  ---
  duration_ms: 3.4524
  type: 'test'
  ...
# Subtest: preflight rejects real user data
ok 91 - preflight rejects real user data
  ---
  duration_ms: 3.0803
  type: 'test'
  ...
# Subtest: preflight rejects real provider traffic
ok 92 - preflight rejects real provider traffic
  ---
  duration_ms: 2.8772
  type: 'test'
  ...
# Subtest: preflight rejects real credentials
ok 93 - preflight rejects real credentials
  ---
  duration_ms: 3.1662
  type: 'test'
  ...
# Subtest: preflight rejects a Phase 3 listener
ok 94 - preflight rejects a Phase 3 listener
  ---
  duration_ms: 2.9744
  type: 'test'
  ...
# Subtest: preflight rejects a candidate cutover
ok 95 - preflight rejects a candidate cutover
  ---
  duration_ms: 2.7584
  type: 'test'
  ...
# Subtest: preflight rejects legacy mutation
ok 96 - preflight rejects legacy mutation
  ---
  duration_ms: 2.1964
  type: 'test'
  ...
# Subtest: preflight rejects drift in the conversation dataset contract
ok 97 - preflight rejects drift in the conversation dataset contract
  ---
  duration_ms: 2.3539
  type: 'test'
  ...
# Subtest: preflight rejects weakened provider identity, retry, or egress rules
ok 98 - preflight rejects weakened provider identity, retry, or egress rules
  ---
  duration_ms: 3.0329
  type: 'test'
  ...
# Subtest: preflight rejects an owned implementation path outside the frozen package surface
ok 99 - preflight rejects an owned implementation path outside the frozen package surface
  ---
  duration_ms: 2.9819
  type: 'test'
  ...
# Subtest: preflight rejects a removed legacy no-touch prefix
ok 100 - preflight rejects a removed legacy no-touch prefix
  ---
  duration_ms: 6.9184
  type: 'test'
  ...
# Subtest: preflight rejects a missing required verification gate
ok 101 - preflight rejects a missing required verification gate
  ---
  duration_ms: 2.6759
  type: 'test'
  ...
# Subtest: preflight rejects Markdown projection drift
ok 102 - preflight rejects Markdown projection drift
  ---
  duration_ms: 2.2789
  type: 'test'
  ...
# Subtest: canonical CLI cannot disable or rebase Git scope validation
ok 103 - canonical CLI cannot disable or rebase Git scope validation
  ---
  duration_ms: 108.485
  type: 'test'
  ...
# Subtest: preflight closed historical scope still rejects an over-broad earlier range
ok 104 - preflight closed historical scope still rejects an over-broad earlier range
  ---
  duration_ms: 429.2493
  type: 'test'
  ...
# Subtest: preflight closed historical scope rejects a non-ancestor terminal
ok 105 - preflight closed historical scope rejects a non-ancestor terminal
  ---
  duration_ms: 65.4458
  type: 'test'
  ...
# Subtest: capability mismatch is rejected before policy, credential, or adapter work
ok 106 - capability mismatch is rejected before policy, credential, or adapter work
  ---
  duration_ms: 3.8593
  type: 'test'
  ...
# Subtest: provider package contains no network, listener, or ambient credential API
ok 107 - provider package contains no network, listener, or ambient credential API
  ---
  duration_ms: 2.2369
  type: 'test'
  ...
# Subtest: conversation descriptor freezes the synthetic FreeLatticeDB v3 boundary
ok 108 - conversation descriptor freezes the synthetic FreeLatticeDB v3 boundary
  ---
  duration_ms: 1.9656
  type: 'test'
  ...
# Subtest: staging namespace rejects untrusted operation identifiers
ok 109 - staging namespace rejects untrusted operation identifiers
  ---
  duration_ms: 0.6831
  type: 'test'
  ...
# Subtest: migration journal transition graph is fail-closed
ok 110 - migration journal transition graph is fail-closed
  ---
  duration_ms: 0.1932
  type: 'test'
  ...
# Subtest: storage source contains no legacy mutation or activation hooks
ok 111 - storage source contains no legacy mutation or activation hooks
  ---
  duration_ms: 3.7616
  type: 'test'
  ...
# Subtest: canonical Phase 4 closed scope accepts the merged historical packet
ok 112 - canonical Phase 4 closed scope accepts the merged historical packet
  ---
  duration_ms: 585.5192
  type: 'test'
  ...
# Subtest: active scope rejects unauthorized tracked and untracked path classes
ok 113 - active scope rejects unauthorized tracked and untracked path classes
  ---
  duration_ms: 1.2202
  type: 'test'
  ...
# Subtest: Git range collection retains add-then-delete paths and all active states
ok 114 - Git range collection retains add-then-delete paths and all active states
  ---
  duration_ms: 1400.0807
  type: 'test'
  ...
# Subtest: closed Phase 4 scope ignores later untracked Phase 5 paths
ok 115 - closed Phase 4 scope ignores later untracked Phase 5 paths
  ---
  duration_ms: 272.782
  type: 'test'
  ...
# Subtest: closed Phase 4 scope retains unauthorized add-then-delete history
ok 116 - closed Phase 4 scope retains unauthorized add-then-delete history
  ---
  duration_ms: 998.5198
  type: 'test'
  ...
# Subtest: canonical Phase 4 closed-scope CLI cannot disable or rebase validation
ok 117 - canonical Phase 4 closed-scope CLI cannot disable or rebase validation
  ---
  duration_ms: 76.9744
  type: 'test'
  ...
# Subtest: warm-offline retest proves exact worker/cache readiness with bounded navigation
ok 118 - warm-offline retest proves exact worker/cache readiness with bounded navigation
  ---
  duration_ms: 1.7773
  type: 'test'
  ...
# Subtest: atomic observation errors fail the Playwright scenario after receipts attach
ok 119 - atomic observation errors fail the Playwright scenario after receipts attach
  ---
  duration_ms: 0.9264
  type: 'test'
  ...
# Subtest: stream navigation retests trigger bounded committed reloads
ok 120 - stream navigation retests trigger bounded committed reloads
  ---
  duration_ms: 1.8498
  type: 'test'
  ...
# Subtest: dispositions preserve original statuses and produce 20 pass, 8 divergence, 11 retest pass
ok 121 - dispositions preserve original statuses and produce 20 pass, 8 divergence, 11 retest pass
  ---
  duration_ms: 10.1665
  type: 'test'
  ...
# Subtest: validator accepts a complete pending-reproduction receipt with immutable original hashes
ok 122 - validator accepts a complete pending-reproduction receipt with immutable original hashes
  ---
  duration_ms: 3.8168
  type: 'test'
  ...
# Subtest: validator rejects changed original status, failed retest, unsafe listener, and missing absence receipt
ok 123 - validator rejects changed original status, failed retest, unsafe listener, and missing absence receipt
  ---
  duration_ms: 3.161
  type: 'test'
  ...
# Subtest: GREEN requires an independent GREEN reproduction
ok 124 - GREEN requires an independent GREEN reproduction
  ---
  duration_ms: 7.116
  type: 'test'
  ...
# Subtest: accepts the locked no-runtime amendment and packet
ok 125 - accepts the locked no-runtime amendment and packet
  ---
  duration_ms: 20.8193
  type: 'test'
  ...
# Subtest: rejects removal of accepted implementation authority
ok 126 - rejects removal of accepted implementation authority
  ---
  duration_ms: 3.8339
  type: 'test'
  ...
# Subtest: rejects real provider traffic authority
ok 127 - rejects real provider traffic authority
  ---
  duration_ms: 3.5269
  type: 'test'
  ...
# Subtest: rejects deployment authority
ok 128 - rejects deployment authority
  ---
  duration_ms: 3.5907
  type: 'test'
  ...
# Subtest: rejects a wildcard listener
ok 129 - rejects a wildcard listener
  ---
  duration_ms: 2.386
  type: 'test'
  ...
# Subtest: rejects a fixed listener port
ok 130 - rejects a fixed listener port
  ---
  duration_ms: 2.8029
  type: 'test'
  ...
# Subtest: rejects an application listener
ok 131 - rejects an application listener
  ---
  duration_ms: 3.6674
  type: 'test'
  ...
# Subtest: rejects a non-fixture amendment listener
ok 132 - rejects a non-fixture amendment listener
  ---
  duration_ms: 2.8824
  type: 'test'
  ...
# Subtest: rejects a non-synthetic packet listener
ok 133 - rejects a non-synthetic packet listener
  ---
  duration_ms: 5.1974
  type: 'test'
  ...
# Subtest: rejects divergence drift
ok 134 - rejects divergence drift
  ---
  duration_ms: 3.0513
  type: 'test'
  ...
# Subtest: rejects a default candidate entrypoint
ok 135 - rejects a default candidate entrypoint
  ---
  duration_ms: 2.8437
  type: 'test'
  ...
# Subtest: rejects owned path drift
ok 136 - rejects owned path drift
  ---
  duration_ms: 2.6385
  type: 'test'
  ...
# Subtest: rejects protected path drift
ok 137 - rejects protected path drift
  ---
  duration_ms: 3.9004
  type: 'test'
  ...
# Subtest: accepts a complete, locked, content-free Phase 4 characterization bundle
ok 138 - accepts a complete, locked, content-free Phase 4 characterization bundle
  ---
  duration_ms: 88.7144
  type: 'test'
  ...
# Subtest: rejects lock drift, non-PASS state, duplicate profiles, and missing expected provider request
ok 139 - rejects lock drift, non-PASS state, duplicate profiles, and missing expected provider request
  ---
  duration_ms: 67.8646
  type: 'test'
  ...
# Subtest: rejects unsafe profiles, egress, retries, duplicate terminals, and skipped work
ok 140 - rejects unsafe profiles, egress, retries, duplicate terminals, and skipped work
  ---
  duration_ms: 68.8015
  type: 'test'
  ...
# Subtest: rejects leaked content, incomplete manifests, tampering, and a non-independent review
ok 141 - rejects leaked content, incomplete manifests, tampering, and a non-independent review
  ---
  duration_ms: 48.2344
  type: 'test'
  ...
# Subtest: rejects reparse traversal where the recorded profile path still exists
ok 142 - rejects reparse traversal where the recorded profile path still exists
  ---
  duration_ms: 47.0592
  type: 'test'
  ...
# Subtest: rejects cleanup receipts while recorded profile or run paths still exist
ok 143 - rejects cleanup receipts while recorded profile or run paths still exist
  ---
  duration_ms: 65.4287
  type: 'test'
  ...
# Subtest: CLI rejects a traversal evidence root
ok 144 - CLI rejects a traversal evidence root
  ---
  duration_ms: 0.365
  type: 'test'
  ...
# Subtest: runner propagates observed operations and proves cleanup before summary
ok 145 - runner propagates observed operations and proves cleanup before summary
  ---
  duration_ms: 0.4659
  type: 'test'
  ...
# Subtest: browser probe counts terminal assistant outcomes, not progress notices
ok 146 - browser probe counts terminal assistant outcomes, not progress notices
  ---
  duration_ms: 0.4315
  type: 'test'
  ...
# Subtest: canonical accepted packet and closed implementation range are valid
ok 147 - canonical accepted packet and closed implementation range are valid
  ---
  duration_ms: 1694.6055
  type: 'test'
  ...
# Subtest: Phase 3 boundary stays pinned to its accepted terminal on later descendants
ok 148 - Phase 3 boundary stays pinned to its accepted terminal on later descendants
  ---
  duration_ms: 169.479
  type: 'test'
  ...
# Subtest: protected paths are rejected even if broad ownership could match
ok 149 - protected paths are rejected even if broad ownership could match
  ---
  duration_ms: 0.2205
  type: 'test'
  ...
# Subtest: rejects one unowned path
ok 150 - rejects one unowned path
  ---
  duration_ms: 1.008
  type: 'test'
  ...
# Subtest: packet drift does not suppress independent scope failures
ok 151 - packet drift does not suppress independent scope failures
  ---
  duration_ms: 2.7968
  type: 'test'
  ...
# Subtest: rejects one protected path independently
ok 152 - rejects one protected path independently
  ---
  duration_ms: 0.8223
  type: 'test'
  ...
# Subtest: rejects packet drift: implementation-authority
ok 153 - rejects packet drift: implementation-authority
  ---
  duration_ms: 2.3778
  type: 'test'
  ...
# Subtest: rejects packet drift: application-listener
ok 154 - rejects packet drift: application-listener
  ---
  duration_ms: 2.4255
  type: 'test'
  ...
# Subtest: rejects packet drift: test-listener
ok 155 - rejects packet drift: test-listener
  ---
  duration_ms: 1.3316
  type: 'test'
  ...
# Subtest: rejects packet drift: wildcard-bind
ok 156 - rejects packet drift: wildcard-bind
  ---
  duration_ms: 2.8822
  type: 'test'
  ...
# Subtest: rejects packet drift: fixed-port
ok 157 - rejects packet drift: fixed-port
  ---
  duration_ms: 2.0594
  type: 'test'
  ...
# Subtest: rejects packet drift: listener-egress
ok 158 - rejects packet drift: listener-egress
  ---
  duration_ms: 1.8967
  type: 'test'
  ...
# Subtest: rejects packet drift: browser-harness-port
ok 159 - rejects packet drift: browser-harness-port
  ---
  duration_ms: 1.8748
  type: 'test'
  ...
# Subtest: rejects packet drift: real-provider
ok 160 - rejects packet drift: real-provider
  ---
  duration_ms: 1.6408
  type: 'test'
  ...
# Subtest: rejects packet drift: real-data
ok 161 - rejects packet drift: real-data
  ---
  duration_ms: 1.8672
  type: 'test'
  ...
# Subtest: rejects packet drift: real-credentials
ok 162 - rejects packet drift: real-credentials
  ---
  duration_ms: 1.3371
  type: 'test'
  ...
# Subtest: rejects packet drift: activation
ok 163 - rejects packet drift: activation
  ---
  duration_ms: 1.7241
  type: 'test'
  ...
# Subtest: rejects packet drift: deployment
ok 164 - rejects packet drift: deployment
  ---
  duration_ms: 1.8442
  type: 'test'
  ...
# Subtest: rejects packet drift: cutover
ok 165 - rejects packet drift: cutover
  ---
  duration_ms: 1.6306
  type: 'test'
  ...
# Subtest: rejects omitted narrow existing-file ownership
ok 166 - rejects omitted narrow existing-file ownership
  ---
  duration_ms: 1.9826
  type: 'test'
  ...
# Subtest: rejects protected-array drift
ok 167 - rejects protected-array drift
  ---
  duration_ms: 2.0927
  type: 'test'
  ...
# Subtest: rejects candidate source primitive: fetch
ok 168 - rejects candidate source primitive: fetch
  ---
  duration_ms: 2.5098
  type: 'test'
  ...
# Subtest: rejects candidate source primitive: websocket
ok 169 - rejects candidate source primitive: websocket
  ---
  duration_ms: 2.0083
  type: 'test'
  ...
# Subtest: rejects candidate source primitive: ambient-env
ok 170 - rejects candidate source primitive: ambient-env
  ---
  duration_ms: 1.9301
  type: 'test'
  ...
# Subtest: rejects candidate source primitive: migration
ok 171 - rejects candidate source primitive: migration
  ---
  duration_ms: 1.9874
  type: 'test'
  ...
# Subtest: rejects candidate source primitive: deep-import
ok 172 - rejects candidate source primitive: deep-import
  ---
  duration_ms: 2.7451
  type: 'test'
  ...
# Subtest: rejects candidate source primitive: application-listen
ok 173 - rejects candidate source primitive: application-listen
  ---
  duration_ms: 2.6456
  type: 'test'
  ...
# Subtest: accepts only the exact synthetic loopback port-zero listener shape
ok 174 - accepts only the exact synthetic loopback port-zero listener shape
  ---
  duration_ms: 1.842
  type: 'test'
  ...
# Subtest: rejects a test listener without an explicit close lifecycle
ok 175 - rejects a test listener without an explicit close lifecycle
  ---
  duration_ms: 1.6834
  type: 'test'
  ...
# Subtest: rejects unsafe test-listener source
ok 176 - rejects unsafe test-listener source
  ---
  duration_ms: 3.3773
  type: 'test'
  ...
# Subtest: CLI rejects base or scope overrides
ok 177 - CLI rejects base or scope overrides
  ---
  duration_ms: 205.9434
  type: 'test'
  ...
# Subtest: Playwright configuration honors the verifier-selected loopback port
ok 178 - Playwright configuration honors the verifier-selected loopback port
  ---
  duration_ms: 610.5901
  type: 'test'
  ...
# Subtest: Playwright harness creates and removes its contained profile root
ok 179 - Playwright harness creates and removes its contained profile root
  ---
  duration_ms: 0.5517
  type: 'test'
  ...
# Subtest: Playwright configuration rejects an invalid verifier port
ok 180 - Playwright configuration rejects an invalid verifier port
  ---
  duration_ms: 493.7522
  type: 'test'
  ...
# Subtest: Phase 4 verification runner pins the complete bounded evidence gate
ok 181 - Phase 4 verification runner pins the complete bounded evidence gate
  ---
  duration_ms: 0.6119
  type: 'test'
  ...
# Subtest: binds exact loopback on an OS-selected port, streams controlled synthetic fragments, and proves teardown
ok 182 - binds exact loopback on an OS-selected port, streams controlled synthetic fragments, and proves teardown
  ---
  duration_ms: 111.1008
  type: 'test'
  ...
# Subtest: rejects wrong method
ok 183 - rejects wrong method
  ---
  duration_ms: 14.122
  type: 'test'
  ...
# Subtest: rejects wrong path
ok 184 - rejects wrong path
  ---
  duration_ms: 8.728
  type: 'test'
  ...
# Subtest: rejects wrong fixture ID
ok 185 - rejects wrong fixture ID
  ---
  duration_ms: 10.0114
  type: 'test'
  ...
# Subtest: rejects wrong origin
ok 186 - rejects wrong origin
  ---
  duration_ms: 8.7827
  type: 'test'
  ...
# Subtest: rejects wrong body
ok 187 - rejects wrong body
  ---
  duration_ms: 8.1159
  type: 'test'
  ...
# Subtest: records client closure before the first fragment without emitting a terminal
ok 188 - records client closure before the first fragment without emitting a terminal
  ---
  duration_ms: 9.0096
  type: 'test'
  ...
# Subtest: canonical Phase 5 active scope accepts the current control packet
ok 189 - canonical Phase 5 active scope accepts the current control packet
  ---
  duration_ms: 684.0583
  type: 'test'
  ...
# Subtest: Phase 5 allowlist is exact and fail-closed
ok 190 - Phase 5 allowlist is exact and fail-closed
  ---
  duration_ms: 1.0422
  type: 'test'
  ...
# Subtest: Phase 5 active scope sees committed, staged, unstaged, untracked, and force-added ignored paths
ok 191 - Phase 5 active scope sees committed, staged, unstaged, untracked, and force-added ignored paths
  ---
  duration_ms: 1122.8275
  type: 'test'
  ...
# Subtest: Phase 5 active scope retains committed add-then-delete paths
ok 192 - Phase 5 active scope retains committed add-then-delete paths
  ---
  duration_ms: 960.9618
  type: 'test'
  ...
# Subtest: canonical Phase 5 active-scope CLI cannot disable or rebase validation
ok 193 - canonical Phase 5 active-scope CLI cannot disable or rebase validation
  ---
  duration_ms: 87.4155
  type: 'test'
  ...
# Subtest: accepts a complete content-free 69-atom characterization bundle
ok 194 - accepts a complete content-free 69-atom characterization bundle
  ---
  duration_ms: 320.9756
  type: 'test'
  ...
# Subtest: rejects unsafe characterization evidence: failed-atom
ok 195 - rejects unsafe characterization evidence: failed-atom
  ---
  duration_ms: 160.3115
  type: 'test'
  ...
# Subtest: rejects unsafe characterization evidence: sentinel
ok 196 - rejects unsafe characterization evidence: sentinel
  ---
  duration_ms: 136.7809
  type: 'test'
  ...
# Subtest: rejects unsafe characterization evidence: cleanup
ok 197 - rejects unsafe characterization evidence: cleanup
  ---
  duration_ms: 121.783
  type: 'test'
  ...
# Subtest: rejects unsafe characterization evidence: review
ok 198 - rejects unsafe characterization evidence: review
  ---
  duration_ms: 170.5232
  type: 'test'
  ...
# Subtest: rejects unsafe characterization evidence: tamper
ok 199 - rejects unsafe characterization evidence: tamper
  ---
  duration_ms: 160.6324
  type: 'test'
  ...
# Subtest: canonical CLI rejects override arguments
ok 200 - canonical CLI rejects override arguments
  ---
  duration_ms: 107.9359
  type: 'test'
  ...
# Subtest: accepts a complete canonical hash-bound Phase 5 bundle
ok 201 - accepts a complete canonical hash-bound Phase 5 bundle
  ---
  duration_ms: 90.0334
  type: 'test'
  ...
# Subtest: rejects tampered artifact bytes
ok 202 - rejects tampered artifact bytes
  ---
  duration_ms: 64.3178
  type: 'test'
  ...
# Subtest: rejects manifest omissions and additions
ok 203 - rejects manifest omissions and additions
  ---
  duration_ms: 101.1574
  type: 'test'
  ...
# Subtest: rejects forged gate commands after rehashing
ok 204 - rejects forged gate commands after rehashing
  ---
  duration_ms: 65.5314
  type: 'test'
  ...
# Subtest: rejects empty or nonabsolute gate cwd
ok 205 - rejects empty or nonabsolute gate cwd
  ---
  duration_ms: 64.6275
  type: 'test'
  ...
# Subtest: rejects repository_artifact false
ok 206 - rejects repository_artifact false
  ---
  duration_ms: 45.4875
  type: 'test'
  ...
# Subtest: rejects independent review without its required schema
ok 207 - rejects independent review without its required schema
  ---
  duration_ms: 49.0554
  type: 'test'
  ...
# Subtest: rejects content-bearing browser receipt fields
ok 208 - rejects content-bearing browser receipt fields
  ---
  duration_ms: 96.5827
  type: 'test'
  ...
# Subtest: rejects a symlink or reparse point when platform permits
ok 209 - rejects a symlink or reparse point when platform permits
  ---
  duration_ms: 50.4099
  type: 'test'
  ...
# Subtest: accepted implementation packet keeps every authority boundary disabled
ok 210 - accepted implementation packet keeps every authority boundary disabled
  ---
  duration_ms: 11.9086
  type: 'test'
  ...
# Subtest: packet pins the exact synthetic disposable descriptor and 53/16 behavior split
ok 211 - packet pins the exact synthetic disposable descriptor and 53/16 behavior split
  ---
  duration_ms: 2.0034
  type: 'test'
  ...
# Subtest: packet owns only package, test, evidence, and documentation surfaces
ok 212 - packet owns only package, test, evidence, and documentation surfaces
  ---
  duration_ms: 5.055
  type: 'test'
  ...
# Subtest: deterministic package gate fails each pack command and validates package inventory
ok 213 - deterministic package gate fails each pack command and validates package inventory
  ---
  duration_ms: 4.7079
  type: 'test'
  ...
# Subtest: canonical evidence reruns exclude only their exact generated bundle from the clean-worktree gate
ok 214 - canonical evidence reruns exclude only their exact generated bundle from the clean-worktree gate
  ---
  duration_ms: 1.6212
  type: 'test'
  ...
# Subtest: canonical packet is valid and pins the requested implementation base
ok 215 - canonical packet is valid and pins the requested implementation base
  ---
  duration_ms: 1033.8235
  type: 'test'
  ...
# Subtest: ownership is package-only and protected paths win independently
ok 216 - ownership is package-only and protected paths win independently
  ---
  duration_ms: 0.2667
  type: 'test'
  ...
# Subtest: rejects unowned and protected paths even with a valid packet
ok 217 - rejects unowned and protected paths even with a valid packet
  ---
  duration_ms: 0.6437
  type: 'test'
  ...
# Subtest: rejects packet drift: implementation gate
ok 218 - rejects packet drift: implementation gate
  ---
  duration_ms: 3.7605
  type: 'test'
  ...
# Subtest: rejects packet drift: descriptor
ok 219 - rejects packet drift: descriptor
  ---
  duration_ms: 2.5151
  type: 'test'
  ...
# Subtest: rejects packet drift: schema
ok 220 - rejects packet drift: schema
  ---
  duration_ms: 1.9245
  type: 'test'
  ...
# Subtest: rejects packet drift: store
ok 221 - rejects packet drift: store
  ---
  duration_ms: 1.9518
  type: 'test'
  ...
# Subtest: rejects packet drift: snapshot
ok 222 - rejects packet drift: snapshot
  ---
  duration_ms: 2.0632
  type: 'test'
  ...
# Subtest: rejects packet drift: timestamp
ok 223 - rejects packet drift: timestamp
  ---
  duration_ms: 2.5246
  type: 'test'
  ...
# Subtest: rejects packet drift: filter
ok 224 - rejects packet drift: filter
  ---
  duration_ms: 2.2112
  type: 'test'
  ...
# Subtest: rejects packet drift: quiet
ok 225 - rejects packet drift: quiet
  ---
  duration_ms: 1.5657
  type: 'test'
  ...
# Subtest: rejects packet drift: diagnostics
ok 226 - rejects packet drift: diagnostics
  ---
  duration_ms: 1.4968
  type: 'test'
  ...
# Subtest: rejects packet drift: match preservation
ok 227 - rejects packet drift: match preservation
  ---
  duration_ms: 1.7294
  type: 'test'
  ...
# Subtest: rejects packet drift: divergence correction
ok 228 - rejects packet drift: divergence correction
  ---
  duration_ms: 1.5854
  type: 'test'
  ...
# Subtest: rejects packet drift: descriptor sensitivity
ok 229 - rejects packet drift: descriptor sensitivity
  ---
  duration_ms: 1.6765
  type: 'test'
  ...
# Subtest: rejects packet drift: descriptor retention
ok 230 - rejects packet drift: descriptor retention
  ---
  duration_ms: 1.7425
  type: 'test'
  ...
# Subtest: rejects packet drift: descriptor source
ok 231 - rejects packet drift: descriptor source
  ---
  duration_ms: 1.9473
  type: 'test'
  ...
# Subtest: rejects packet drift: descriptor key path
ok 232 - rejects packet drift: descriptor key path
  ---
  duration_ms: 2.1742
  type: 'test'
  ...
# Subtest: rejects packet drift: descriptor auto increment
ok 233 - rejects packet drift: descriptor auto increment
  ---
  duration_ms: 2.2874
  type: 'test'
  ...
# Subtest: rejects packet drift: descriptor codec
ok 234 - rejects packet drift: descriptor codec
  ---
  duration_ms: 1.8114
  type: 'test'
  ...
# Subtest: rejects packet drift: descriptor lifecycle
ok 235 - rejects packet drift: descriptor lifecycle
  ---
  duration_ms: 1.7913
  type: 'test'
  ...
# Subtest: rejects packet drift: harness bind
ok 236 - rejects packet drift: harness bind
  ---
  duration_ms: 1.6273
  type: 'test'
  ...
# Subtest: rejects packet drift: harness egress
ok 237 - rejects packet drift: harness egress
  ---
  duration_ms: 2.4005
  type: 'test'
  ...
# Subtest: rejects packet drift: future ownership
ok 238 - rejects packet drift: future ownership
  ---
  duration_ms: 1.7331
  type: 'test'
  ...
# Subtest: rejects false authority flag drift: real_data_authorized
ok 239 - rejects false authority flag drift: real_data_authorized
  ---
  duration_ms: 1.8743
  type: 'test'
  ...
# Subtest: rejects false authority flag drift: real_credentials_authorized
ok 240 - rejects false authority flag drift: real_credentials_authorized
  ---
  duration_ms: 1.6968
  type: 'test'
  ...
# Subtest: rejects false authority flag drift: real_provider_traffic_authorized
ok 241 - rejects false authority flag drift: real_provider_traffic_authorized
  ---
  duration_ms: 1.7685
  type: 'test'
  ...
# Subtest: rejects false authority flag drift: migration_authorized
ok 242 - rejects false authority flag drift: migration_authorized
  ---
  duration_ms: 1.6167
  type: 'test'
  ...
# Subtest: rejects false authority flag drift: import_export_authorized
ok 243 - rejects false authority flag drift: import_export_authorized
  ---
  duration_ms: 1.5909
  type: 'test'
  ...
# Subtest: rejects false authority flag drift: legacy_mutation_authorized
ok 244 - rejects false authority flag drift: legacy_mutation_authorized
  ---
  duration_ms: 1.4203
  type: 'test'
  ...
# Subtest: rejects false authority flag drift: activation_authorized
ok 245 - rejects false authority flag drift: activation_authorized
  ---
  duration_ms: 1.8178
  type: 'test'
  ...
# Subtest: rejects false authority flag drift: deployment_authorized
ok 246 - rejects false authority flag drift: deployment_authorized
  ---
  duration_ms: 1.5712
  type: 'test'
  ...
# Subtest: rejects false authority flag drift: cutover_authorized
ok 247 - rejects false authority flag drift: cutover_authorized
  ---
  duration_ms: 2.0755
  type: 'test'
  ...
# Subtest: rejects false authority flag drift: default_entry_authorized
ok 248 - rejects false authority flag drift: default_entry_authorized
  ---
  duration_ms: 1.9178
  type: 'test'
  ...
# Subtest: rejects false authority flag drift: shared_ui_authorized
ok 249 - rejects false authority flag drift: shared_ui_authorized
  ---
  duration_ms: 1.483
  type: 'test'
  ...
# Subtest: rejects false authority flag drift: service_worker_authorized
ok 250 - rejects false authority flag drift: service_worker_authorized
  ---
  duration_ms: 1.7772
  type: 'test'
  ...
# Subtest: rejects false authority flag drift: listener_authorized
ok 251 - rejects false authority flag drift: listener_authorized
  ---
  duration_ms: 2.0626
  type: 'test'
  ...
# Subtest: rejects false authority flag drift: worker_authorized
ok 252 - rejects false authority flag drift: worker_authorized
  ---
  duration_ms: 1.6622
  type: 'test'
  ...
# Subtest: rejects false authority flag drift: peer_lan_proxy_telegram_authorized
ok 253 - rejects false authority flag drift: peer_lan_proxy_telegram_authorized
  ---
  duration_ms: 1.7485
  type: 'test'
  ...
# Subtest: rejects false authority flag drift: browser_global_authorized
ok 254 - rejects false authority flag drift: browser_global_authorized
  ---
  duration_ms: 2.2417
  type: 'test'
  ...
# Subtest: rejects false authority flag drift: routes_authorized
ok 255 - rejects false authority flag drift: routes_authorized
  ---
  duration_ms: 2.2467
  type: 'test'
  ...
# Subtest: rejects false authority flag drift: ui_authorized
ok 256 - rejects false authority flag drift: ui_authorized
  ---
  duration_ms: 1.8893
  type: 'test'
  ...
# Subtest: candidate storage cannot become real or nondisposable
ok 257 - candidate storage cannot become real or nondisposable
  ---
  duration_ms: 3.0919
  type: 'test'
  ...
# Subtest: rejects forbidden source primitive: browser-global
ok 258 - rejects forbidden source primitive: browser-global
  ---
  duration_ms: 2.1301
  type: 'test'
  ...
# Subtest: rejects forbidden source primitive: network
ok 259 - rejects forbidden source primitive: network
  ---
  duration_ms: 4.8614
  type: 'test'
  ...
# Subtest: rejects forbidden source primitive: listener
ok 260 - rejects forbidden source primitive: listener
  ---
  duration_ms: 2.0463
  type: 'test'
  ...
# Subtest: rejects forbidden source primitive: credential
ok 261 - rejects forbidden source primitive: credential
  ---
  duration_ms: 1.7833
  type: 'test'
  ...
# Subtest: rejects forbidden source primitive: legacy-migration-ui
ok 262 - rejects forbidden source primitive: legacy-migration-ui
  ---
  duration_ms: 54.1422
  type: 'test'
  ...
# Subtest: permits normal module syntax and IndexedDB only in the isolated repository
ok 263 - permits normal module syntax and IndexedDB only in the isolated repository
  ---
  duration_ms: 3.1604
  type: 'test'
  ...
# Subtest: browser harness may name denied realtime APIs but cannot listen or embed external URLs
ok 264 - browser harness may name denied realtime APIs but cannot listen or embed external URLs
  ---
  duration_ms: 5.0042
  type: 'test'
  ...
# Subtest: CLI rejects every override
ok 265 - CLI rejects every override
  ---
  duration_ms: 255.7741
  type: 'test'
  ...
# Subtest: accepts the canonical locked LatticeMemory characterization packet
ok 266 - accepts the canonical locked LatticeMemory characterization packet
  ---
  duration_ms: 9.2929
  type: 'test'
  ...
# Subtest: rejects packet drift: acceptance
ok 267 - rejects packet drift: acceptance
  ---
  duration_ms: 4.1134
  type: 'test'
  ...
# Subtest: rejects packet drift: legacy-hash
ok 268 - rejects packet drift: legacy-hash
  ---
  duration_ms: 3.4455
  type: 'test'
  ...
# Subtest: rejects packet drift: schema
ok 269 - rejects packet drift: schema
  ---
  duration_ms: 3.5836
  type: 'test'
  ...
# Subtest: rejects packet drift: record-bound
ok 270 - rejects packet drift: record-bound
  ---
  duration_ms: 3.1452
  type: 'test'
  ...
# Subtest: rejects packet drift: queue-bound
ok 271 - rejects packet drift: queue-bound
  ---
  duration_ms: 3.261
  type: 'test'
  ...
# Subtest: rejects packet drift: summary-bound
ok 272 - rejects packet drift: summary-bound
  ---
  duration_ms: 2.8406
  type: 'test'
  ...
# Subtest: rejects packet drift: quiet-source
ok 273 - rejects packet drift: quiet-source
  ---
  duration_ms: 2.3297
  type: 'test'
  ...
# Subtest: rejects packet drift: workers
ok 274 - rejects packet drift: workers
  ---
  duration_ms: 7.6517
  type: 'test'
  ...
# Subtest: rejects packet drift: retries
ok 275 - rejects packet drift: retries
  ---
  duration_ms: 2.9228
  type: 'test'
  ...
# Subtest: rejects packet drift: egress
ok 276 - rejects packet drift: egress
  ---
  duration_ms: 49.744
  type: 'test'
  ...
# Subtest: rejects packet drift: listener-bind
ok 277 - rejects packet drift: listener-bind
  ---
  duration_ms: 13.1501
  type: 'test'
  ...
# Subtest: rejects packet drift: listener-port
ok 278 - rejects packet drift: listener-port
  ---
  duration_ms: 7.8406
  type: 'test'
  ...
# Subtest: rejects packet drift: real-data
ok 279 - rejects packet drift: real-data
  ---
  duration_ms: 4.3092
  type: 'test'
  ...
# Subtest: rejects packet drift: real-credentials
ok 280 - rejects packet drift: real-credentials
  ---
  duration_ms: 4.8046
  type: 'test'
  ...
# Subtest: rejects packet drift: real-provider
ok 281 - rejects packet drift: real-provider
  ---
  duration_ms: 5.3609
  type: 'test'
  ...
# Subtest: rejects packet drift: implementation
ok 282 - rejects packet drift: implementation
  ---
  duration_ms: 2.3778
  type: 'test'
  ...
# Subtest: rejects packet drift: legacy-mutation
ok 283 - rejects packet drift: legacy-mutation
  ---
  duration_ms: 2.3632
  type: 'test'
  ...
# Subtest: rejects packet drift: candidate-storage
ok 284 - rejects packet drift: candidate-storage
  ---
  duration_ms: 3.057
  type: 'test'
  ...
# Subtest: rejects packet drift: activation
ok 285 - rejects packet drift: activation
  ---
  duration_ms: 2.1811
  type: 'test'
  ...
# Subtest: rejects packet drift: deployment
ok 286 - rejects packet drift: deployment
  ---
  duration_ms: 2.4456
  type: 'test'
  ...
# Subtest: rejects packet drift: cutover
ok 287 - rejects packet drift: cutover
  ---
  duration_ms: 2.6294
  type: 'test'
  ...
# Subtest: rejects packet drift: atomic-contract
ok 288 - rejects packet drift: atomic-contract
  ---
  duration_ms: 3.4923
  type: 'test'
  ...
# Subtest: rejects packet drift: public-api
ok 289 - rejects packet drift: public-api
  ---
  duration_ms: 2.5389
  type: 'test'
  ...
# Subtest: rejects packet drift: required-gate
ok 290 - rejects packet drift: required-gate
  ---
  duration_ms: 2.1688
  type: 'test'
  ...
# Subtest: rejects packet drift: owned-path
ok 291 - rejects packet drift: owned-path
  ---
  duration_ms: 3.4198
  type: 'test'
  ...
# Subtest: rejects packet drift: protected-path
ok 292 - rejects packet drift: protected-path
  ---
  duration_ms: 2.5828
  type: 'test'
  ...
# Subtest: rejects packet drift: protected-prefix
ok 293 - rejects packet drift: protected-prefix
  ---
  duration_ms: 2.572
  type: 'test'
  ...
# Subtest: rejects immutable module byte drift
ok 294 - rejects immutable module byte drift
  ---
  duration_ms: 2.2529
  type: 'test'
  ...
# Subtest: canonical CLI rejects override arguments
ok 295 - canonical CLI rejects override arguments
  ---
  duration_ms: 143.906
  type: 'test'
  ...
1..295
# tests 295
# suites 0
# pass 295
# fail 0
# cancelled 0
# skipped 0
# todo 0
# duration_ms 3599.9661
