
> latticework@0.0.0 p3:test
> npm run test --workspace @latticework/storage && npm run test --workspace @latticework/providers && node --test tests/reengineering/phase3-storage-boundary.test.mjs tests/reengineering/phase3-provider-boundary.test.mjs


> @latticework/storage@0.0.0 test
> node --test src/*.test.mjs

✔ the descriptor keeps the candidate inactive and confines the synthetic source (1.2565ms)
✔ the journal graph is fail-closed (0.0956ms)
✔ preserved records retain a native structured clone independently of projections (0.1565ms)
✔ candidate repository names are an allowlist, not an inferred namespace (0.2834ms)
✔ portable transfer parsing rejects hostile or unsupported envelopes (0.6304ms)
✔ hostile transfer rejects invalid, duplicate, inconsistent, and dangling records before staging (0.606ms)
✔ staging rereads native values and discards its exact namespace on same-count corruption (5.4912ms)
✔ staging rejects Blob projection/source inconsistency before opening IndexedDB (0.6679ms)
✔ native equivalence distinguishes Date, Blob, ArrayBuffer, and typed-array corruption (0.9483ms)
✔ native value equivalence and source identity distinguish RegExp source and flags but ignore lastIndex (6.1288ms)
✔ native value equivalence and source identity distinguish Error name, message, and cause (0.9648ms)
✔ native value contract preserves File metadata when supported (0.4718ms)
✔ native value contract supports cycles and plain/null-prototype objects but rejects class instances (0.4068ms)
✔ native value contract covers primitives, sparse arrays, Map, Set, and DataView (0.5685ms)
✔ journal validation freezes identity, failed receipts, and monotonic progress (0.6542ms)
✔ migration checkpoints, resumes idempotently, and never activates the candidate (3.1877ms)
✔ future source versions abstain before candidate or journal writes (0.1912ms)
✔ same-count candidate corruption fails validation instead of becoming ready (0.7669ms)
✔ a failed synthetic migration discards its exact candidate and retains immutable terminal evidence (0.6012ms)
✔ a same-count source mutation cannot reuse a ready operation (1.1734ms)
✔ a ready operation is revalidated before idempotent reuse (0.7841ms)
✔ a ready operation is not reported ready when its source cannot be verified (0.2494ms)
✔ source failure cannot mutate an active operation bound to another migration id (0.1465ms)
✔ source failure cannot return a terminal operation bound to another migration id (0.1622ms)
✔ source failure creates planned then failed journal evidence without candidate writes (0.2504ms)
✔ rollback discards an exact candidate when the repository exposes discard semantics (0.1418ms)
ℹ tests 26
ℹ suites 0
ℹ pass 26
ℹ fail 0
ℹ cancelled 0
ℹ skipped 0
ℹ todo 0
ℹ duration_ms 130.1129

> @latticework/providers@0.0.0 test
> node --test src/*.test.mjs

✔ authorizes an exact immutable binding before synthetic credential resolution (3.6838ms)
✔ refuses a mismatched grant before resolving a credential or invoking an adapter (0.357ms)
✔ does not retry after a delta, keeps operation identity stable, and terminates once (0.2714ms)
✔ retries a pre-delta retryable failure only with explicit authorization and assigns a new attempt id (0.3368ms)
✔ callback compatibility invokes the callback once for a terminal stream (0.3018ms)
✔ defaults to one invocation and rejects invalid retry limits (0.407ms)
✔ normalizes malformed scripted events with one terminal event (0.2655ms)
✔ rejects malformed iterator results and event payloads with one terminal event (0.7456ms)
✔ pre-abort and mid-stream abort have one honest cancellation terminal (0.514ms)
✔ a stalled iterator terminates promptly on local abort, closes, and never claims provider acknowledgement (25.3301ms)
✔ only an explicit per-attempt adapter event may acknowledge provider cancellation (0.2724ms)
✔ all pre-dispatch exits start and terminate once with unavailable provenance (0.5345ms)
✔ exact required capabilities are grant-bound before credential resolution (0.1475ms)
✔ absolute deadlines fail closed before dispatch and terminate a stalled attempt (30.1572ms)
✔ local abort promptly terminates stalled policy and credential work without invoking the adapter (31.3973ms)
✔ absolute deadline promptly terminates stalled policy and credential work without invoking the adapter (63.3639ms)
✔ never falls back implicitly or crosses trust classes (0.2917ms)
✔ credential source independently refuses a binding mismatch (0.3371ms)
✔ duplicate provider identifiers fail closed at router construction (0.147ms)
ℹ tests 19
ℹ suites 0
ℹ pass 19
ℹ fail 0
ℹ cancelled 0
ℹ skipped 0
ℹ todo 0
ℹ duration_ms 417.7326
✔ capability mismatch is rejected before policy, credential, or adapter work (3.1441ms)
✔ provider package contains no network, listener, or ambient credential API (2.0427ms)
✔ conversation descriptor freezes the synthetic FreeLatticeDB v3 boundary (1.1044ms)
✔ staging namespace rejects untrusted operation identifiers (0.4252ms)
✔ migration journal transition graph is fail-closed (0.1128ms)
✔ storage source contains no legacy mutation or activation hooks (1.693ms)
ℹ tests 6
ℹ suites 0
ℹ pass 6
ℹ fail 0
ℹ cancelled 0
ℹ skipped 0
ℹ todo 0
ℹ duration_ms 123.9066
