TAP version 13
# Subtest: preservation registry accounts for every bounded source inventory row
ok 1 - preservation registry accounts for every bounded source inventory row
  ---
  duration_ms: 3.0726
  type: 'test'
  ...
# Subtest: rejects a boundary map without every required source inventory
ok 2 - rejects a boundary map without every required source inventory
  ---
  duration_ms: 0.5046
  type: 'test'
  ...
# Subtest: data registry preserves every unique static and runtime storage identifier
ok 3 - data registry preserves every unique static and runtime storage identifier
  ---
  duration_ms: 15.2431
  type: 'test'
  ...
# Subtest: propagates the supplied baseline SHA and rejects malformed runtime names
ok 4 - propagates the supplied baseline SHA and rejects malformed runtime names
  ---
  duration_ms: 0.7469
  type: 'test'
  ...
# Subtest: runtime database rows retain versions and qualified store ownership
ok 5 - runtime database rows retain versions and qualified store ownership
  ---
  duration_ms: 2.6235
  type: 'test'
  ...
# Subtest: text and line helpers use the documented counting rule
ok 6 - text and line helpers use the documented counting rule
  ---
  duration_ms: 1.2643
  type: 'test'
  ...
# Subtest: first-party source classification excludes tests, vendor, and generated buckets
ok 7 - first-party source classification excludes tests, vendor, and generated buckets
  ---
  duration_ms: 0.2636
  type: 'test'
  ...
# Subtest: baseline archive reuse is SHA-safe
ok 8 - baseline archive reuse is SHA-safe
  ---
  duration_ms: 1013.4809
  type: 'test'
  ...
# Subtest: command receipt records exact command output, status, and hashes
ok 9 - command receipt records exact command output, status, and hashes
  ---
  duration_ms: 164.3079
  type: 'test'
  ...
# Subtest: command receipt preserves a nonzero command result for an explicit gate
ok 10 - command receipt preserves a nonzero command result for an explicit gate
  ---
  duration_ms: 144.0271
  type: 'test'
  ...
# Subtest: command receipts record a bounded command timeout
ok 11 - command receipts record a bounded command timeout
  ---
  duration_ms: 143.8093
  type: 'test'
  ...
# Subtest: artifact bundle manifest hashes repository and external evidence
ok 12 - artifact bundle manifest hashes repository and external evidence
  ---
  duration_ms: 2.0862
  type: 'test'
  ...
# Subtest: artifact manifest rejects symbolic-link traversal
ok 13 - artifact manifest rejects symbolic-link traversal
  ---
  duration_ms: 1.0651
  type: 'test'
  ...
# Subtest: validates the repository control plane deterministically
ok 14 - validates the repository control plane deterministically
  ---
  duration_ms: 61.5548
  type: 'test'
  ...
# Subtest: CLI emits JSON and fails for a missing in-repository evidence artifact
ok 15 - CLI emits JSON and fails for a missing in-repository evidence artifact
  ---
  duration_ms: 90.0935
  type: 'test'
  ...
# Subtest: accepts a complete fixture without writing to it
ok 16 - accepts a complete fixture without writing to it
  ---
  duration_ms: 34.1072
  type: 'test'
  ...
# Subtest: fails when a declared evidence hash no longer matches
ok 17 - fails when a declared evidence hash no longer matches
  ---
  duration_ms: 31.4147
  type: 'test'
  ...
# Subtest: rejects control JSON that is valid JSON but not an object
ok 18 - rejects control JSON that is valid JSON but not an object
  ---
  duration_ms: 20.7689
  type: 'test'
  ...
# Subtest: fails when a living control document retains an unresolved placeholder
ok 19 - fails when a living control document retains an unresolved placeholder
  ---
  duration_ms: 23.5128
  type: 'test'
  ...
# Subtest: Phase 1 validator extracts owned, typed, semantic attachments
ok 20 - Phase 1 validator extracts owned, typed, semantic attachments
  ---
  duration_ms: 17.5971
  type: 'test'
  ...
# Subtest: Phase 1 validator rejects attachment traversal without writing it
ok 21 - Phase 1 validator rejects attachment traversal without writing it
  ---
  duration_ms: 10.2079
  type: 'test'
  ...
# Subtest: Phase 1 validator rejects non-canonical base64 attachment bodies
ok 22 - Phase 1 validator rejects non-canonical base64 attachment bodies
  ---
  duration_ms: 8.9706
  type: 'test'
  ...
# Subtest: Phase 1 validator rejects an attachment owned by the wrong spec
ok 23 - Phase 1 validator rejects an attachment owned by the wrong spec
  ---
  duration_ms: 9.2342
  type: 'test'
  ...
# Subtest: Phase 1 validator rejects fake PNG and false mobile semantics
ok 24 - Phase 1 validator rejects fake PNG and false mobile semantics
  ---
  duration_ms: 8.66
  type: 'test'
  ...
# Subtest: Phase 1 validator rejects wrong baseline metadata
ok 25 - Phase 1 validator rejects wrong baseline metadata
  ---
  duration_ms: 7.9731
  type: 'test'
  ...
# Subtest: Phase 1 validator rejects missing WebSocket/realtime proof
ok 26 - Phase 1 validator rejects missing WebSocket/realtime proof
  ---
  duration_ms: 10.8785
  type: 'test'
  ...
# Subtest: Phase 1 validator rejects sentinel leakage in receipted text
ok 27 - Phase 1 validator rejects sentinel leakage in receipted text
  ---
  duration_ms: 9.0037
  type: 'test'
  ...
# Subtest: Phase 2 direct dependency set is exact and workspace-scoped
ok 28 - Phase 2 direct dependency set is exact and workspace-scoped
  ---
  duration_ms: 3.3145
  type: 'test'
  ...
# Subtest: candidate and kernel source contain no privileged or durable runtime APIs
ok 29 - candidate and kernel source contain no privileged or durable runtime APIs
  ---
  duration_ms: 4.2613
  type: 'test'
  ...
# Subtest: candidate build target stays outside deployment mirrors
ok 30 - candidate build target stays outside deployment mirrors
  ---
  duration_ms: 0.547
  type: 'test'
  ...
# Subtest: protected legacy committed blobs byte-match the immutable baseline
ok 31 - protected legacy committed blobs byte-match the immutable baseline
  ---
  duration_ms: 613.5745
  type: 'test'
  ...
# Subtest: accepts two complete byte-identical candidate builds
ok 32 - accepts two complete byte-identical candidate builds
  ---
  duration_ms: 11.1362
  type: 'test'
  ...
# Subtest: rejects a build whose bytes differ at the same declared path
ok 33 - rejects a build whose bytes differ at the same declared path
  ---
  duration_ms: 5.8963
  type: 'test'
  ...
# Subtest: rejects missing required Vite build artifacts
ok 34 - rejects missing required Vite build artifacts
  ---
  duration_ms: 6.5013
  type: 'test'
  ...
# Subtest: refuses build and summary paths outside the repository
ok 35 - refuses build and summary paths outside the repository
  ---
  duration_ms: 1.6296
  type: 'test'
  ...
# Subtest: preview script delegates its port to the guarded Vite configuration
ok 36 - preview script delegates its port to the guarded Vite configuration
  ---
  duration_ms: 0.3126
  type: 'test'
  ...
# Subtest: candidate output rejects a repository-local reparse point
ok 37 - candidate output rejects a repository-local reparse point
  ---
  duration_ms: 1.2876
  type: 'test'
  ...
# Subtest: Playwright output rejects a repository-local reparse point
ok 38 - Playwright output rejects a repository-local reparse point
  ---
  duration_ms: 2.086
  type: 'test'
  ...
# Subtest: Playwright resolves its preview port through the Vite configuration
ok 39 - Playwright resolves its preview port through the Vite configuration
  ---
  duration_ms: 0.3056
  type: 'test'
  ...
# Subtest: Vite preview port resolver accepts configured values and defaults empty values
ok 40 - Vite preview port resolver accepts configured values and defaults empty values
  ---
  duration_ms: 1.8439
  type: 'test'
  ...
# Subtest: verification runner replays the lockfile and validates the final bundle
ok 41 - verification runner replays the lockfile and validates the final bundle
  ---
  duration_ms: 0.4588
  type: 'test'
  ...
# Subtest: accepts a complete, repository-descendant Phase 2 fixture bundle
ok 42 - accepts a complete, repository-descendant Phase 2 fixture bundle
  ---
  duration_ms: 45.5728
  type: 'test'
  ...
# Subtest: rejects manifest traversal and tampered artifact hashes
ok 43 - rejects manifest traversal and tampered artifact hashes
  ---
  duration_ms: 64.3484
  type: 'test'
  ...
# Subtest: rejects gate failures, wrong receipts, missing visual evidence, and secret sentinels
ok 44 - rejects gate failures, wrong receipts, missing visual evidence, and secret sentinels
  ---
  duration_ms: 35.7146
  type: 'test'
  ...
# Subtest: rejects malformed audit receipts and scans NUL-containing text while excluding PNG artifacts
ok 45 - rejects malformed audit receipts and scans NUL-containing text while excluding PNG artifacts
  ---
  duration_ms: 36.7793
  type: 'test'
  ...
# Subtest: refuses evidence and output paths outside the repository
ok 46 - refuses evidence and output paths outside the repository
  ---
  duration_ms: 19.6525
  type: 'test'
  ...
# Subtest: fails closed when browser evidence is behind a symbolic link
ok 47 - fails closed when browser evidence is behind a symbolic link
  ---
  duration_ms: 29.2185
  type: 'test'
  ...
# Subtest: captures integrity, license, and ignored lifecycle scripts from a lock fixture
ok 48 - captures integrity, license, and ignored lifecycle scripts from a lock fixture
  ---
  duration_ms: 7.708
  type: 'test'
  ...
# Subtest: records a platform-skipped optional package from lock metadata without failing
ok 49 - records a platform-skipped optional package from lock metadata without failing
  ---
  duration_ms: 2.592
  type: 'test'
  ...
# Subtest: permits skipped optional metadata without installed license or integrity
ok 50 - permits skipped optional metadata without installed license or integrity
  ---
  duration_ms: 3.2367
  type: 'test'
  ...
# Subtest: discovers nested node_modules packages using their innermost package name
ok 51 - discovers nested node_modules packages using their innermost package name
  ---
  duration_ms: 4.3465
  type: 'test'
  ...
# Subtest: reports missing external license and integrity metadata
ok 52 - reports missing external license and integrity metadata
  ---
  duration_ms: 3.1136
  type: 'test'
  ...
# Subtest: canonical Phase 3 decision packet records bounded maintainer acceptance
ok 53 - canonical Phase 3 decision packet records bounded maintainer acceptance
  ---
  duration_ms: 220.7385
  type: 'test'
  ...
# Subtest: validator rejects accepted status without implementation authority
ok 54 - validator rejects accepted status without implementation authority
  ---
  duration_ms: 8.5651
  type: 'test'
  ...
# Subtest: validator rejects a weakened preservation registry
ok 55 - validator rejects a weakened preservation registry
  ---
  duration_ms: 10.2787
  type: 'test'
  ...
# Subtest: validator permits additive registry expansion while retaining the pinned floor
ok 56 - validator permits additive registry expansion while retaining the pinned floor
  ---
  duration_ms: 9.3494
  type: 'test'
  ...
# Subtest: validator rejects premature blocker closure
ok 57 - validator rejects premature blocker closure
  ---
  duration_ms: 8.4375
  type: 'test'
  ...
# Subtest: validator rejects an Accepted ADR without the exact decision receipt
ok 58 - validator rejects an Accepted ADR without the exact decision receipt
  ---
  duration_ms: 6.9957
  type: 'test'
  ...
# Subtest: validator rejects removal of a required decision invariant
ok 59 - validator rejects removal of a required decision invariant
  ---
  duration_ms: 7.2544
  type: 'test'
  ...
# Subtest: validator rejects unstable versioned dataset ID
ok 60 - validator rejects unstable versioned dataset ID
  ---
  duration_ms: 6.5234
  type: 'test'
  ...
# Subtest: validator rejects credential-bearing export policy
ok 61 - validator rejects credential-bearing export policy
  ---
  duration_ms: 7.7731
  type: 'test'
  ...
# Subtest: validator rejects journal deletion during rollback
ok 62 - validator rejects journal deletion during rollback
  ---
  duration_ms: 7.5515
  type: 'test'
  ...
# Subtest: validator rejects unstaged import promotion
ok 63 - validator rejects unstaged import promotion
  ---
  duration_ms: 8.4242
  type: 'test'
  ...
# Subtest: validator rejects exported real-data digests
ok 64 - validator rejects exported real-data digests
  ---
  duration_ms: 7.9586
  type: 'test'
  ...
# Subtest: validator rejects real provider traffic
ok 65 - validator rejects real provider traffic
  ---
  duration_ms: 7.6761
  type: 'test'
  ...
# Subtest: validator rejects implicit retry
ok 66 - validator rejects implicit retry
  ---
  duration_ms: 7.9574
  type: 'test'
  ...
# Subtest: validator rejects credential resolution before an exact egress grant
ok 67 - validator rejects credential resolution before an exact egress grant
  ---
  duration_ms: 8.217
  type: 'test'
  ...
# Subtest: validator rejects Phase 3 proxy listener
ok 68 - validator rejects Phase 3 proxy listener
  ---
  duration_ms: 7.6769
  type: 'test'
  ...
# Subtest: validator rejects ambient pairing bootstrap
ok 69 - validator rejects ambient pairing bootstrap
  ---
  duration_ms: 6.1257
  type: 'test'
  ...
# Subtest: validator rejects removed real-data prohibition
ok 70 - validator rejects removed real-data prohibition
  ---
  duration_ms: 7.2484
  type: 'test'
  ...
# Subtest: validator rejects a weakened blocker condition
ok 71 - validator rejects a weakened blocker condition
  ---
  duration_ms: 6.4263
  type: 'test'
  ...
# Subtest: validator rejects a semantically weakened invariant statement
ok 72 - validator rejects a semantically weakened invariant statement
  ---
  duration_ms: 6.8458
  type: 'test'
  ...
# Subtest: validator rejects removal of an ADR safety clause
ok 73 - validator rejects removal of an ADR safety clause
  ---
  duration_ms: 7.6639
  type: 'test'
  ...
# Subtest: validator rejects Markdown that drifts from the structured packet
ok 74 - validator rejects Markdown that drifts from the structured packet
  ---
  duration_ms: 6.8313
  type: 'test'
  ...
# Subtest: canonical CLI cannot disable or rebase Git scope validation
ok 75 - canonical CLI cannot disable or rebase Git scope validation
  ---
  duration_ms: 63.4296
  type: 'test'
  ...
# Subtest: decision packet closed historical scope still rejects an over-broad earlier range
ok 76 - decision packet closed historical scope still rejects an over-broad earlier range
  ---
  duration_ms: 182.5103
  type: 'test'
  ...
# Subtest: decision packet closed historical scope rejects a non-ancestor terminal
ok 77 - decision packet closed historical scope rejects a non-ancestor terminal
  ---
  duration_ms: 33.6866
  type: 'test'
  ...
# Subtest: accepted validator permits only the exact bounded Phase 3 implementation surface
ok 78 - accepted validator permits only the exact bounded Phase 3 implementation surface
  ---
  duration_ms: 0.3988
  type: 'test'
  ...
# Subtest: accepts a complete hash-bound Phase 3 evidence fixture
ok 79 - accepts a complete hash-bound Phase 3 evidence fixture
  ---
  duration_ms: 71.6148
  type: 'test'
  ...
# Subtest: rejects a failed command receipt
ok 80 - rejects a failed command receipt
  ---
  duration_ms: 46.9982
  type: 'test'
  ...
# Subtest: rejects tampered artifact bytes
ok 81 - rejects tampered artifact bytes
  ---
  duration_ms: 35.4546
  type: 'test'
  ...
# Subtest: rejects missing or non-independent final review
ok 82 - rejects missing or non-independent final review
  ---
  duration_ms: 42.6555
  type: 'test'
  ...
# Subtest: rejects secret-like content in receipted text
ok 83 - rejects secret-like content in receipted text
  ---
  duration_ms: 46.123
  type: 'test'
  ...
# Subtest: rejects files omitted from the artifact manifest
ok 84 - rejects files omitted from the artifact manifest
  ---
  duration_ms: 39.7656
  type: 'test'
  ...
# Subtest: rejects a prose-only GREEN review without clean-worktree receipts
ok 85 - rejects a prose-only GREEN review without clean-worktree receipts
  ---
  duration_ms: 40.2562
  type: 'test'
  ...
# Subtest: rejects dirty or wrong-identity independent worktree receipts
ok 86 - rejects dirty or wrong-identity independent worktree receipts
  ---
  duration_ms: 35.0604
  type: 'test'
  ...
# Subtest: rejects a lockfile replay receipt outside the independent worktree
ok 87 - rejects a lockfile replay receipt outside the independent worktree
  ---
  duration_ms: 33.8691
  type: 'test'
  ...
# Subtest: verification runner produces and validates structured independent worktree evidence
ok 88 - verification runner produces and validates structured independent worktree evidence
  ---
  duration_ms: 0.6795
  type: 'test'
  ...
# Subtest: canonical Phase 3 preflight freezes the accepted bounded implementation slice
ok 89 - canonical Phase 3 preflight freezes the accepted bounded implementation slice
  ---
  duration_ms: 201.5717
  type: 'test'
  ...
# Subtest: preflight rejects implementation authority without the accepted disposition
ok 90 - preflight rejects implementation authority without the accepted disposition
  ---
  duration_ms: 2.1359
  type: 'test'
  ...
# Subtest: preflight rejects real user data
ok 91 - preflight rejects real user data
  ---
  duration_ms: 2.1609
  type: 'test'
  ...
# Subtest: preflight rejects real provider traffic
ok 92 - preflight rejects real provider traffic
  ---
  duration_ms: 2.2551
  type: 'test'
  ...
# Subtest: preflight rejects real credentials
ok 93 - preflight rejects real credentials
  ---
  duration_ms: 2.6774
  type: 'test'
  ...
# Subtest: preflight rejects a Phase 3 listener
ok 94 - preflight rejects a Phase 3 listener
  ---
  duration_ms: 1.9275
  type: 'test'
  ...
# Subtest: preflight rejects a candidate cutover
ok 95 - preflight rejects a candidate cutover
  ---
  duration_ms: 2.6568
  type: 'test'
  ...
# Subtest: preflight rejects legacy mutation
ok 96 - preflight rejects legacy mutation
  ---
  duration_ms: 2.3952
  type: 'test'
  ...
# Subtest: preflight rejects drift in the conversation dataset contract
ok 97 - preflight rejects drift in the conversation dataset contract
  ---
  duration_ms: 2.1816
  type: 'test'
  ...
# Subtest: preflight rejects weakened provider identity, retry, or egress rules
ok 98 - preflight rejects weakened provider identity, retry, or egress rules
  ---
  duration_ms: 2.6966
  type: 'test'
  ...
# Subtest: preflight rejects an owned implementation path outside the frozen package surface
ok 99 - preflight rejects an owned implementation path outside the frozen package surface
  ---
  duration_ms: 2.9895
  type: 'test'
  ...
# Subtest: preflight rejects a removed legacy no-touch prefix
ok 100 - preflight rejects a removed legacy no-touch prefix
  ---
  duration_ms: 2.624
  type: 'test'
  ...
# Subtest: preflight rejects a missing required verification gate
ok 101 - preflight rejects a missing required verification gate
  ---
  duration_ms: 2.4621
  type: 'test'
  ...
# Subtest: preflight rejects Markdown projection drift
ok 102 - preflight rejects Markdown projection drift
  ---
  duration_ms: 2.0201
  type: 'test'
  ...
# Subtest: canonical CLI cannot disable or rebase Git scope validation
ok 103 - canonical CLI cannot disable or rebase Git scope validation
  ---
  duration_ms: 69.0989
  type: 'test'
  ...
# Subtest: preflight closed historical scope still rejects an over-broad earlier range
ok 104 - preflight closed historical scope still rejects an over-broad earlier range
  ---
  duration_ms: 210.1594
  type: 'test'
  ...
# Subtest: preflight closed historical scope rejects a non-ancestor terminal
ok 105 - preflight closed historical scope rejects a non-ancestor terminal
  ---
  duration_ms: 35.6147
  type: 'test'
  ...
# Subtest: capability mismatch is rejected before policy, credential, or adapter work
ok 106 - capability mismatch is rejected before policy, credential, or adapter work
  ---
  duration_ms: 3.1342
  type: 'test'
  ...
# Subtest: provider package contains no network, listener, or ambient credential API
ok 107 - provider package contains no network, listener, or ambient credential API
  ---
  duration_ms: 2.2205
  type: 'test'
  ...
# Subtest: conversation descriptor freezes the synthetic FreeLatticeDB v3 boundary
ok 108 - conversation descriptor freezes the synthetic FreeLatticeDB v3 boundary
  ---
  duration_ms: 1.4502
  type: 'test'
  ...
# Subtest: staging namespace rejects untrusted operation identifiers
ok 109 - staging namespace rejects untrusted operation identifiers
  ---
  duration_ms: 0.7635
  type: 'test'
  ...
# Subtest: migration journal transition graph is fail-closed
ok 110 - migration journal transition graph is fail-closed
  ---
  duration_ms: 0.343
  type: 'test'
  ...
# Subtest: storage source contains no legacy mutation or activation hooks
ok 111 - storage source contains no legacy mutation or activation hooks
  ---
  duration_ms: 2.8424
  type: 'test'
  ...
# Subtest: canonical Phase 4 active scope accepts the currently claimed packet
ok 112 - canonical Phase 4 active scope accepts the currently claimed packet
  ---
  duration_ms: 292.5775
  type: 'test'
  ...
# Subtest: active scope rejects unauthorized tracked and untracked path classes
ok 113 - active scope rejects unauthorized tracked and untracked path classes
  ---
  duration_ms: 1.0549
  type: 'test'
  ...
# Subtest: Git range collection retains add-then-delete paths and all active states
ok 114 - Git range collection retains add-then-delete paths and all active states
  ---
  duration_ms: 764.6488
  type: 'test'
  ...
# Subtest: active scope rejects a real current untracked unauthorized path
ok 115 - active scope rejects a real current untracked unauthorized path
  ---
  duration_ms: 215.4398
  type: 'test'
  ...
# Subtest: canonical Phase 4 active-scope CLI cannot disable or rebase validation
ok 116 - canonical Phase 4 active-scope CLI cannot disable or rebase validation
  ---
  duration_ms: 50.2918
  type: 'test'
  ...
# Subtest: accepts a complete, locked, content-free Phase 4 characterization bundle
ok 117 - accepts a complete, locked, content-free Phase 4 characterization bundle
  ---
  duration_ms: 52.6082
  type: 'test'
  ...
# Subtest: rejects lock drift, non-PASS state, duplicate profiles, and missing expected provider request
ok 118 - rejects lock drift, non-PASS state, duplicate profiles, and missing expected provider request
  ---
  duration_ms: 33.5768
  type: 'test'
  ...
# Subtest: rejects unsafe profiles, egress, retries, duplicate terminals, and skipped work
ok 119 - rejects unsafe profiles, egress, retries, duplicate terminals, and skipped work
  ---
  duration_ms: 37.1077
  type: 'test'
  ...
# Subtest: rejects leaked content, incomplete manifests, tampering, and a non-independent review
ok 120 - rejects leaked content, incomplete manifests, tampering, and a non-independent review
  ---
  duration_ms: 28.3803
  type: 'test'
  ...
# Subtest: rejects reparse traversal where the recorded profile path still exists
ok 121 - rejects reparse traversal where the recorded profile path still exists
  ---
  duration_ms: 34.166
  type: 'test'
  ...
# Subtest: rejects cleanup receipts while recorded profile or run paths still exist
ok 122 - rejects cleanup receipts while recorded profile or run paths still exist
  ---
  duration_ms: 29.8612
  type: 'test'
  ...
# Subtest: CLI rejects a traversal evidence root
ok 123 - CLI rejects a traversal evidence root
  ---
  duration_ms: 0.2847
  type: 'test'
  ...
# Subtest: runner propagates observed operations and proves cleanup before summary
ok 124 - runner propagates observed operations and proves cleanup before summary
  ---
  duration_ms: 0.4041
  type: 'test'
  ...
# Subtest: browser probe counts terminal assistant outcomes, not progress notices
ok 125 - browser probe counts terminal assistant outcomes, not progress notices
  ---
  duration_ms: 0.2884
  type: 'test'
  ...
1..125
# tests 125
# suites 0
# pass 125
# fail 0
# cancelled 0
# skipped 0
# todo 0
# duration_ms 1552.8675
